Archive member included because of file (symbol)

c:/winavr-20100110/bin/../lib/gcc/avr/4.3.3/avr51\libgcc.a(_exit.o)
                              c:/winavr-20100110/bin/../lib/gcc/avr/4.3.3/../../../../avr/lib/avr51/crtusb1287.o (exit)
c:/winavr-20100110/bin/../lib/gcc/avr/4.3.3/avr51\libgcc.a(_clear_bss.o)
                              Joystick.o (__do_clear_bss)
c:/winavr-20100110/bin/../lib/gcc/avr/4.3.3/../../../../avr/lib/avr51\libc.a(memcpy_P.o)
                              ../../../../LUFA/Drivers/USB/Class/Device/RNDIS.o (memcpy_P)
c:/winavr-20100110/bin/../lib/gcc/avr/4.3.3/../../../../avr/lib/avr51\libc.a(memcmp.o)
                              ../../../../LUFA/Drivers/USB/Class/Device/HID.o (memcmp)
c:/winavr-20100110/bin/../lib/gcc/avr/4.3.3/../../../../avr/lib/avr51\libc.a(memcpy.o)
                              ../../../../LUFA/Drivers/USB/Class/Device/HID.o (memcpy)
c:/winavr-20100110/bin/../lib/gcc/avr/4.3.3/../../../../avr/lib/avr51\libc.a(memset.o)
                              ../../../../LUFA/Drivers/USB/Class/Device/HID.o (memset)
c:/winavr-20100110/bin/../lib/gcc/avr/4.3.3/../../../../avr/lib/avr51\libc.a(eerd_byte_at90usb1287.o)
                              ../../../../LUFA/Drivers/USB/Core/EndpointStream.o (__eerd_byte_usb1287)
c:/winavr-20100110/bin/../lib/gcc/avr/4.3.3/../../../../avr/lib/avr51\libc.a(eeupd_byte_at90usb1287.o)
                              ../../../../LUFA/Drivers/USB/Core/EndpointStream.o (__eeupd_byte_usb1287)

Allocating common symbols
Common symbol       size              file

USB_IsInitialized   0x1               ../../../../LUFA/Drivers/USB/Core/USBTask.o
USB_CurrentlySelfPowered
                    0x1               ../../../../LUFA/Drivers/USB/Core/DeviceStandardReq.o
USB_RemoteWakeupEnabled
                    0x1               ../../../../LUFA/Drivers/USB/Core/DeviceStandardReq.o
USB_DeviceState     0x1               ../../../../LUFA/Drivers/USB/Core/USBTask.o
USB_ControlRequest  0x8               ../../../../LUFA/Drivers/USB/Core/USBTask.o
USB_ConfigurationNumber
                    0x1               ../../../../LUFA/Drivers/USB/Core/DeviceStandardReq.o

Discarded input sections

 .data          0x00000000        0x0 c:/winavr-20100110/bin/../lib/gcc/avr/4.3.3/../../../../avr/lib/avr51/crtusb1287.o
 .bss           0x00000000        0x0 c:/winavr-20100110/bin/../lib/gcc/avr/4.3.3/../../../../avr/lib/avr51/crtusb1287.o
 .text          0x00000000        0x0 Joystick.o
 .text          0x00000000        0x0 Descriptors.o
 .data          0x00000000        0x0 Descriptors.o
 .bss           0x00000000        0x0 Descriptors.o
 .text          0x00000000        0x0 ../../../../LUFA/Drivers/USB/Core/AVR8/Device_AVR8.o
 .data          0x00000000        0x0 ../../../../LUFA/Drivers/USB/Core/AVR8/Device_AVR8.o
 .bss           0x00000000        0x0 ../../../../LUFA/Drivers/USB/Core/AVR8/Device_AVR8.o
 .text.USB_Device_SendRemoteWakeup
                0x00000000        0x0 ../../../../LUFA/Drivers/USB/Core/AVR8/Device_AVR8.o
 .text          0x00000000        0x0 ../../../../LUFA/Drivers/USB/Core/AVR8/Endpoint_AVR8.o
 .data          0x00000000        0x0 ../../../../LUFA/Drivers/USB/Core/AVR8/Endpoint_AVR8.o
 .bss           0x00000000        0x0 ../../../../LUFA/Drivers/USB/Core/AVR8/Endpoint_AVR8.o
 .text.Endpoint_ClearEndpoints
                0x00000000        0x0 ../../../../LUFA/Drivers/USB/Core/AVR8/Endpoint_AVR8.o
 .text          0x00000000        0x0 ../../../../LUFA/Drivers/USB/Core/AVR8/Host_AVR8.o
 .data          0x00000000        0x0 ../../../../LUFA/Drivers/USB/Core/AVR8/Host_AVR8.o
 .bss           0x00000000        0x0 ../../../../LUFA/Drivers/USB/Core/AVR8/Host_AVR8.o
 .text          0x00000000        0x0 ../../../../LUFA/Drivers/USB/Core/AVR8/Pipe_AVR8.o
 .data          0x00000000        0x0 ../../../../LUFA/Drivers/USB/Core/AVR8/Pipe_AVR8.o
 .bss           0x00000000        0x0 ../../../../LUFA/Drivers/USB/Core/AVR8/Pipe_AVR8.o
 .text          0x00000000        0x0 ../../../../LUFA/Drivers/USB/Core/AVR8/USBController_AVR8.o
 .data          0x00000000        0x0 ../../../../LUFA/Drivers/USB/Core/AVR8/USBController_AVR8.o
 .bss           0x00000000        0x0 ../../../../LUFA/Drivers/USB/Core/AVR8/USBController_AVR8.o
 .text.USB_Disable
                0x00000000        0x0 ../../../../LUFA/Drivers/USB/Core/AVR8/USBController_AVR8.o
 .text          0x00000000        0x0 ../../../../LUFA/Drivers/USB/Core/AVR8/USBInterrupt_AVR8.o
 .data          0x00000000        0x0 ../../../../LUFA/Drivers/USB/Core/AVR8/USBInterrupt_AVR8.o
 .bss           0x00000000        0x0 ../../../../LUFA/Drivers/USB/Core/AVR8/USBInterrupt_AVR8.o
 .text          0x00000000        0x0 ../../../../LUFA/Drivers/USB/Core/ConfigDescriptor.o
 .data          0x00000000        0x0 ../../../../LUFA/Drivers/USB/Core/ConfigDescriptor.o
 .bss           0x00000000        0x0 ../../../../LUFA/Drivers/USB/Core/ConfigDescriptor.o
 .text.USB_GetNextDescriptorOfType
                0x00000000        0x0 ../../../../LUFA/Drivers/USB/Core/ConfigDescriptor.o
 .text.USB_GetNextDescriptorOfTypeBefore
                0x00000000        0x0 ../../../../LUFA/Drivers/USB/Core/ConfigDescriptor.o
 .text.USB_GetNextDescriptorOfTypeAfter
                0x00000000        0x0 ../../../../LUFA/Drivers/USB/Core/ConfigDescriptor.o
 .text.USB_GetNextDescriptorComp
                0x00000000        0x0 ../../../../LUFA/Drivers/USB/Core/ConfigDescriptor.o
 .text          0x00000000        0x0 ../../../../LUFA/Drivers/USB/Core/DeviceStandardReq.o
 .data          0x00000000        0x0 ../../../../LUFA/Drivers/USB/Core/DeviceStandardReq.o
 .bss           0x00000000        0x0 ../../../../LUFA/Drivers/USB/Core/DeviceStandardReq.o
 .text          0x00000000        0x0 ../../../../LUFA/Drivers/USB/Core/Events.o
 .data          0x00000000        0x0 ../../../../LUFA/Drivers/USB/Core/Events.o
 .bss           0x00000000        0x0 ../../../../LUFA/Drivers/USB/Core/Events.o
 .text          0x00000000        0x0 ../../../../LUFA/Drivers/USB/Core/EndpointStream.o
 .data          0x00000000        0x0 ../../../../LUFA/Drivers/USB/Core/EndpointStream.o
 .bss           0x00000000        0x0 ../../../../LUFA/Drivers/USB/Core/EndpointStream.o
 .text.Endpoint_Write_Control_Stream_BE
                0x00000000        0x0 ../../../../LUFA/Drivers/USB/Core/EndpointStream.o
 .text.Endpoint_Read_Control_Stream_BE
                0x00000000        0x0 ../../../../LUFA/Drivers/USB/Core/EndpointStream.o
 .text.Endpoint_Write_Control_PStream_BE
                0x00000000        0x0 ../../../../LUFA/Drivers/USB/Core/EndpointStream.o
 .text.Endpoint_Read_Control_EStream_BE
                0x00000000        0x0 ../../../../LUFA/Drivers/USB/Core/EndpointStream.o
 .text.Endpoint_Read_Control_EStream_LE
                0x00000000        0x0 ../../../../LUFA/Drivers/USB/Core/EndpointStream.o
 .text.Endpoint_Write_Control_EStream_BE
                0x00000000        0x0 ../../../../LUFA/Drivers/USB/Core/EndpointStream.o
 .text.Endpoint_Write_Control_EStream_LE
                0x00000000        0x0 ../../../../LUFA/Drivers/USB/Core/EndpointStream.o
 .text.Endpoint_Null_Stream
                0x00000000        0x0 ../../../../LUFA/Drivers/USB/Core/EndpointStream.o
 .text.Endpoint_Discard_Stream
                0x00000000        0x0 ../../../../LUFA/Drivers/USB/Core/EndpointStream.o
 .text.Endpoint_Read_EStream_BE
                0x00000000        0x0 ../../../../LUFA/Drivers/USB/Core/EndpointStream.o
 .text.Endpoint_Read_EStream_LE
                0x00000000        0x0 ../../../../LUFA/Drivers/USB/Core/EndpointStream.o
 .text.Endpoint_Write_EStream_BE
                0x00000000        0x0 ../../../../LUFA/Drivers/USB/Core/EndpointStream.o
 .text.Endpoint_Write_EStream_LE
                0x00000000        0x0 ../../../../LUFA/Drivers/USB/Core/EndpointStream.o
 .text.Endpoint_Write_PStream_BE
                0x00000000        0x0 ../../../../LUFA/Drivers/USB/Core/EndpointStream.o
 .text.Endpoint_Write_PStream_LE
                0x00000000        0x0 ../../../../LUFA/Drivers/USB/Core/EndpointStream.o
 .text.Endpoint_Read_Stream_BE
                0x00000000        0x0 ../../../../LUFA/Drivers/USB/Core/EndpointStream.o
 .text.Endpoint_Read_Stream_LE
                0x00000000        0x0 ../../../../LUFA/Drivers/USB/Core/EndpointStream.o
 .text.Endpoint_Write_Stream_BE
                0x00000000        0x0 ../../../../LUFA/Drivers/USB/Core/EndpointStream.o
 .text          0x00000000        0x0 ../../../../LUFA/Drivers/USB/Core/HostStandardReq.o
 .data          0x00000000        0x0 ../../../../LUFA/Drivers/USB/Core/HostStandardReq.o
 .bss           0x00000000        0x0 ../../../../LUFA/Drivers/USB/Core/HostStandardReq.o
 .text          0x00000000        0x0 ../../../../LUFA/Drivers/USB/Core/PipeStream.o
 .data          0x00000000        0x0 ../../../../LUFA/Drivers/USB/Core/PipeStream.o
 .bss           0x00000000        0x0 ../../../../LUFA/Drivers/USB/Core/PipeStream.o
 .text          0x00000000        0x0 ../../../../LUFA/Drivers/USB/Core/USBTask.o
 .data          0x00000000        0x0 ../../../../LUFA/Drivers/USB/Core/USBTask.o
 .bss           0x00000000        0x0 ../../../../LUFA/Drivers/USB/Core/USBTask.o
 .text          0x00000000        0x0 ../../../../LUFA/Drivers/USB/Class/Common/HIDParser.o
 .data          0x00000000        0x0 ../../../../LUFA/Drivers/USB/Class/Common/HIDParser.o
 .bss           0x00000000        0x0 ../../../../LUFA/Drivers/USB/Class/Common/HIDParser.o
 .text.USB_GetHIDReportItemInfo
                0x00000000        0x0 ../../../../LUFA/Drivers/USB/Class/Common/HIDParser.o
 .text.USB_SetHIDReportItemInfo
                0x00000000        0x0 ../../../../LUFA/Drivers/USB/Class/Common/HIDParser.o
 .text.USB_GetHIDReportSize
                0x00000000        0x0 ../../../../LUFA/Drivers/USB/Class/Common/HIDParser.o
 .text.USB_ProcessHIDReport
                0x00000000        0x0 ../../../../LUFA/Drivers/USB/Class/Common/HIDParser.o
 .text          0x00000000        0x0 ../../../../LUFA/Drivers/USB/Class/Device/Audio.o
 .data          0x00000000        0x0 ../../../../LUFA/Drivers/USB/Class/Device/Audio.o
 .bss           0x00000000        0x0 ../../../../LUFA/Drivers/USB/Class/Device/Audio.o
 .text.Audio_Device_ConfigureEndpoints
                0x00000000        0x0 ../../../../LUFA/Drivers/USB/Class/Device/Audio.o
 .text.Audio_Device_ProcessControlRequest
                0x00000000        0x0 ../../../../LUFA/Drivers/USB/Class/Device/Audio.o
 .text          0x00000000        0x0 ../../../../LUFA/Drivers/USB/Class/Device/CDC.o
 .data          0x00000000        0x0 ../../../../LUFA/Drivers/USB/Class/Device/CDC.o
 .bss           0x00000000        0x0 ../../../../LUFA/Drivers/USB/Class/Device/CDC.o
 .text.CDC_Device_BytesReceived
                0x00000000        0x0 ../../../../LUFA/Drivers/USB/Class/Device/CDC.o
 .text.CDC_Device_ReceiveByte
                0x00000000        0x0 ../../../../LUFA/Drivers/USB/Class/Device/CDC.o
 .text.CDC_Device_CreateStream
                0x00000000        0x0 ../../../../LUFA/Drivers/USB/Class/Device/CDC.o
 .text.CDC_Device_CreateBlockingStream
                0x00000000        0x0 ../../../../LUFA/Drivers/USB/Class/Device/CDC.o
 .text.CDC_Device_getchar
                0x00000000        0x0 ../../../../LUFA/Drivers/USB/Class/Device/CDC.o
 .text.CDC_Device_Event_Stub
                0x00000000        0x0 ../../../../LUFA/Drivers/USB/Class/Device/CDC.o
 .text.CDC_Device_SendControlLineStateChange
                0x00000000        0x0 ../../../../LUFA/Drivers/USB/Class/Device/CDC.o
 .text.CDC_Device_SendData
                0x00000000        0x0 ../../../../LUFA/Drivers/USB/Class/Device/CDC.o
 .text.CDC_Device_Flush
                0x00000000        0x0 ../../../../LUFA/Drivers/USB/Class/Device/CDC.o
 .text.CDC_Device_USBTask
                0x00000000        0x0 ../../../../LUFA/Drivers/USB/Class/Device/CDC.o
 .text.CDC_Device_getchar_Blocking
                0x00000000        0x0 ../../../../LUFA/Drivers/USB/Class/Device/CDC.o
 .text.CDC_Device_SendByte
                0x00000000        0x0 ../../../../LUFA/Drivers/USB/Class/Device/CDC.o
 .text.CDC_Device_putchar
                0x00000000        0x0 ../../../../LUFA/Drivers/USB/Class/Device/CDC.o
 .text.CDC_Device_SendString
                0x00000000        0x0 ../../../../LUFA/Drivers/USB/Class/Device/CDC.o
 .text.CDC_Device_ConfigureEndpoints
                0x00000000        0x0 ../../../../LUFA/Drivers/USB/Class/Device/CDC.o
 .text.CDC_Device_ProcessControlRequest
                0x00000000        0x0 ../../../../LUFA/Drivers/USB/Class/Device/CDC.o
 .text          0x00000000        0x0 ../../../../LUFA/Drivers/USB/Class/Device/HID.o
 .data          0x00000000        0x0 ../../../../LUFA/Drivers/USB/Class/Device/HID.o
 .bss           0x00000000        0x0 ../../../../LUFA/Drivers/USB/Class/Device/HID.o
 .text          0x00000000        0x0 ../../../../LUFA/Drivers/USB/Class/Device/MassStorage.o
 .data          0x00000000        0x0 ../../../../LUFA/Drivers/USB/Class/Device/MassStorage.o
 .bss           0x00000000        0x0 ../../../../LUFA/Drivers/USB/Class/Device/MassStorage.o
 .text.MS_Device_USBTask
                0x00000000        0x0 ../../../../LUFA/Drivers/USB/Class/Device/MassStorage.o
 .text.MS_Device_ConfigureEndpoints
                0x00000000        0x0 ../../../../LUFA/Drivers/USB/Class/Device/MassStorage.o
 .text.MS_Device_ProcessControlRequest
                0x00000000        0x0 ../../../../LUFA/Drivers/USB/Class/Device/MassStorage.o
 .text          0x00000000        0x0 ../../../../LUFA/Drivers/USB/Class/Device/MIDI.o
 .data          0x00000000        0x0 ../../../../LUFA/Drivers/USB/Class/Device/MIDI.o
 .bss           0x00000000        0x0 ../../../../LUFA/Drivers/USB/Class/Device/MIDI.o
 .text.MIDI_Device_ReceiveEventPacket
                0x00000000        0x0 ../../../../LUFA/Drivers/USB/Class/Device/MIDI.o
 .text.MIDI_Device_Flush
                0x00000000        0x0 ../../../../LUFA/Drivers/USB/Class/Device/MIDI.o
 .text.MIDI_Device_USBTask
                0x00000000        0x0 ../../../../LUFA/Drivers/USB/Class/Device/MIDI.o
 .text.MIDI_Device_SendEventPacket
                0x00000000        0x0 ../../../../LUFA/Drivers/USB/Class/Device/MIDI.o
 .text.MIDI_Device_ConfigureEndpoints
                0x00000000        0x0 ../../../../LUFA/Drivers/USB/Class/Device/MIDI.o
 .text          0x00000000        0x0 ../../../../LUFA/Drivers/USB/Class/Device/RNDIS.o
 .data          0x00000000        0x0 ../../../../LUFA/Drivers/USB/Class/Device/RNDIS.o
 .bss           0x00000000        0x0 ../../../../LUFA/Drivers/USB/Class/Device/RNDIS.o
 .text.RNDIS_Device_IsPacketReceived
                0x00000000        0x0 ../../../../LUFA/Drivers/USB/Class/Device/RNDIS.o
 .text.RNDIS_Device_SendPacket
                0x00000000        0x0 ../../../../LUFA/Drivers/USB/Class/Device/RNDIS.o
 .text.RNDIS_Device_USBTask
                0x00000000        0x0 ../../../../LUFA/Drivers/USB/Class/Device/RNDIS.o
 .text.RNDIS_Device_ReadPacket
                0x00000000        0x0 ../../../../LUFA/Drivers/USB/Class/Device/RNDIS.o
 .text.RNDIS_Device_ConfigureEndpoints
                0x00000000        0x0 ../../../../LUFA/Drivers/USB/Class/Device/RNDIS.o
 .text.RNDIS_Device_ProcessControlRequest
                0x00000000        0x0 ../../../../LUFA/Drivers/USB/Class/Device/RNDIS.o
 .progmem.data  0x00000000        0x0 ../../../../LUFA/Drivers/USB/Class/Device/RNDIS.o
 .text          0x00000000        0x0 ../../../../LUFA/Drivers/USB/Class/Host/CDC.o
 .data          0x00000000        0x0 ../../../../LUFA/Drivers/USB/Class/Host/CDC.o
 .bss           0x00000000        0x0 ../../../../LUFA/Drivers/USB/Class/Host/CDC.o
 .text          0x00000000        0x0 ../../../../LUFA/Drivers/USB/Class/Host/HID.o
 .data          0x00000000        0x0 ../../../../LUFA/Drivers/USB/Class/Host/HID.o
 .bss           0x00000000        0x0 ../../../../LUFA/Drivers/USB/Class/Host/HID.o
 .text          0x00000000        0x0 ../../../../LUFA/Drivers/USB/Class/Host/MassStorage.o
 .data          0x00000000        0x0 ../../../../LUFA/Drivers/USB/Class/Host/MassStorage.o
 .bss           0x00000000        0x0 ../../../../LUFA/Drivers/USB/Class/Host/MassStorage.o
 .text          0x00000000        0x0 ../../../../LUFA/Drivers/USB/Class/Host/MIDI.o
 .data          0x00000000        0x0 ../../../../LUFA/Drivers/USB/Class/Host/MIDI.o
 .bss           0x00000000        0x0 ../../../../LUFA/Drivers/USB/Class/Host/MIDI.o
 .text          0x00000000        0x0 ../../../../LUFA/Drivers/USB/Class/Host/Printer.o
 .data          0x00000000        0x0 ../../../../LUFA/Drivers/USB/Class/Host/Printer.o
 .bss           0x00000000        0x0 ../../../../LUFA/Drivers/USB/Class/Host/Printer.o
 .text          0x00000000        0x0 ../../../../LUFA/Drivers/USB/Class/Host/RNDIS.o
 .data          0x00000000        0x0 ../../../../LUFA/Drivers/USB/Class/Host/RNDIS.o
 .bss           0x00000000        0x0 ../../../../LUFA/Drivers/USB/Class/Host/RNDIS.o
 .text          0x00000000        0x0 ../../../../LUFA/Drivers/USB/Class/Host/StillImage.o
 .data          0x00000000        0x0 ../../../../LUFA/Drivers/USB/Class/Host/StillImage.o
 .bss           0x00000000        0x0 ../../../../LUFA/Drivers/USB/Class/Host/StillImage.o
 .text          0x00000000        0x0 c:/winavr-20100110/bin/../lib/gcc/avr/4.3.3/avr51\libgcc.a(_exit.o)
 .data          0x00000000        0x0 c:/winavr-20100110/bin/../lib/gcc/avr/4.3.3/avr51\libgcc.a(_exit.o)
 .bss           0x00000000        0x0 c:/winavr-20100110/bin/../lib/gcc/avr/4.3.3/avr51\libgcc.a(_exit.o)
 .text.libgcc   0x00000000        0x0 c:/winavr-20100110/bin/../lib/gcc/avr/4.3.3/avr51\libgcc.a(_exit.o)
 .text          0x00000000        0x0 c:/winavr-20100110/bin/../lib/gcc/avr/4.3.3/avr51\libgcc.a(_clear_bss.o)
 .data          0x00000000        0x0 c:/winavr-20100110/bin/../lib/gcc/avr/4.3.3/avr51\libgcc.a(_clear_bss.o)
 .bss           0x00000000        0x0 c:/winavr-20100110/bin/../lib/gcc/avr/4.3.3/avr51\libgcc.a(_clear_bss.o)
 .text.libgcc   0x00000000        0x0 c:/winavr-20100110/bin/../lib/gcc/avr/4.3.3/avr51\libgcc.a(_clear_bss.o)
 .text          0x00000000        0x0 c:/winavr-20100110/bin/../lib/gcc/avr/4.3.3/../../../../avr/lib/avr51\libc.a(memcpy_P.o)
 .data          0x00000000        0x0 c:/winavr-20100110/bin/../lib/gcc/avr/4.3.3/../../../../avr/lib/avr51\libc.a(memcpy_P.o)
 .bss           0x00000000        0x0 c:/winavr-20100110/bin/../lib/gcc/avr/4.3.3/../../../../avr/lib/avr51\libc.a(memcpy_P.o)
 .text.avr-libc
                0x00000000        0x0 c:/winavr-20100110/bin/../lib/gcc/avr/4.3.3/../../../../avr/lib/avr51\libc.a(memcpy_P.o)
 .text          0x00000000        0x0 c:/winavr-20100110/bin/../lib/gcc/avr/4.3.3/../../../../avr/lib/avr51\libc.a(memcmp.o)
 .data          0x00000000        0x0 c:/winavr-20100110/bin/../lib/gcc/avr/4.3.3/../../../../avr/lib/avr51\libc.a(memcmp.o)
 .bss           0x00000000        0x0 c:/winavr-20100110/bin/../lib/gcc/avr/4.3.3/../../../../avr/lib/avr51\libc.a(memcmp.o)
 .text          0x00000000        0x0 c:/winavr-20100110/bin/../lib/gcc/avr/4.3.3/../../../../avr/lib/avr51\libc.a(memcpy.o)
 .data          0x00000000        0x0 c:/winavr-20100110/bin/../lib/gcc/avr/4.3.3/../../../../avr/lib/avr51\libc.a(memcpy.o)
 .bss           0x00000000        0x0 c:/winavr-20100110/bin/../lib/gcc/avr/4.3.3/../../../../avr/lib/avr51\libc.a(memcpy.o)
 .text          0x00000000        0x0 c:/winavr-20100110/bin/../lib/gcc/avr/4.3.3/../../../../avr/lib/avr51\libc.a(memset.o)
 .data          0x00000000        0x0 c:/winavr-20100110/bin/../lib/gcc/avr/4.3.3/../../../../avr/lib/avr51\libc.a(memset.o)
 .bss           0x00000000        0x0 c:/winavr-20100110/bin/../lib/gcc/avr/4.3.3/../../../../avr/lib/avr51\libc.a(memset.o)
 .text          0x00000000        0x0 c:/winavr-20100110/bin/../lib/gcc/avr/4.3.3/../../../../avr/lib/avr51\libc.a(eerd_byte_at90usb1287.o)
 .data          0x00000000        0x0 c:/winavr-20100110/bin/../lib/gcc/avr/4.3.3/../../../../avr/lib/avr51\libc.a(eerd_byte_at90usb1287.o)
 .bss           0x00000000        0x0 c:/winavr-20100110/bin/../lib/gcc/avr/4.3.3/../../../../avr/lib/avr51\libc.a(eerd_byte_at90usb1287.o)
 .text.avr-libc
                0x00000000        0x0 c:/winavr-20100110/bin/../lib/gcc/avr/4.3.3/../../../../avr/lib/avr51\libc.a(eerd_byte_at90usb1287.o)
 .text          0x00000000        0x0 c:/winavr-20100110/bin/../lib/gcc/avr/4.3.3/../../../../avr/lib/avr51\libc.a(eeupd_byte_at90usb1287.o)
 .data          0x00000000        0x0 c:/winavr-20100110/bin/../lib/gcc/avr/4.3.3/../../../../avr/lib/avr51\libc.a(eeupd_byte_at90usb1287.o)
 .bss           0x00000000        0x0 c:/winavr-20100110/bin/../lib/gcc/avr/4.3.3/../../../../avr/lib/avr51\libc.a(eeupd_byte_at90usb1287.o)
 .text.avr-libc
                0x00000000        0x0 c:/winavr-20100110/bin/../lib/gcc/avr/4.3.3/../../../../avr/lib/avr51\libc.a(eeupd_byte_at90usb1287.o)

Memory Configuration

Name             Origin             Length             Attributes
text             0x00000000         0x00020000         xr
data             0x00800060         0x0000ffa0         rw !x
eeprom           0x00810000         0x00010000         rw !x
fuse             0x00820000         0x00000400         rw !x
lock             0x00830000         0x00000400         rw !x
signature        0x00840000         0x00000400         rw !x
*default*        0x00000000         0xffffffff

Linker script and memory map

Address of section .data set to 0x800100
LOAD c:/winavr-20100110/bin/../lib/gcc/avr/4.3.3/../../../../avr/lib/avr51/crtusb1287.o
LOAD Joystick.o
LOAD Descriptors.o
LOAD ../../../../LUFA/Drivers/USB/Core/AVR8/Device_AVR8.o
LOAD ../../../../LUFA/Drivers/USB/Core/AVR8/Endpoint_AVR8.o
LOAD ../../../../LUFA/Drivers/USB/Core/AVR8/Host_AVR8.o
LOAD ../../../../LUFA/Drivers/USB/Core/AVR8/Pipe_AVR8.o
LOAD ../../../../LUFA/Drivers/USB/Core/AVR8/USBController_AVR8.o
LOAD ../../../../LUFA/Drivers/USB/Core/AVR8/USBInterrupt_AVR8.o
LOAD ../../../../LUFA/Drivers/USB/Core/ConfigDescriptor.o
LOAD ../../../../LUFA/Drivers/USB/Core/DeviceStandardReq.o
LOAD ../../../../LUFA/Drivers/USB/Core/Events.o
LOAD ../../../../LUFA/Drivers/USB/Core/EndpointStream.o
LOAD ../../../../LUFA/Drivers/USB/Core/HostStandardReq.o
LOAD ../../../../LUFA/Drivers/USB/Core/PipeStream.o
LOAD ../../../../LUFA/Drivers/USB/Core/USBTask.o
LOAD ../../../../LUFA/Drivers/USB/Class/Common/HIDParser.o
LOAD ../../../../LUFA/Drivers/USB/Class/Device/Audio.o
LOAD ../../../../LUFA/Drivers/USB/Class/Device/CDC.o
LOAD ../../../../LUFA/Drivers/USB/Class/Device/HID.o
LOAD ../../../../LUFA/Drivers/USB/Class/Device/MassStorage.o
LOAD ../../../../LUFA/Drivers/USB/Class/Device/MIDI.o
LOAD ../../../../LUFA/Drivers/USB/Class/Device/RNDIS.o
LOAD ../../../../LUFA/Drivers/USB/Class/Host/CDC.o
LOAD ../../../../LUFA/Drivers/USB/Class/Host/HID.o
LOAD ../../../../LUFA/Drivers/USB/Class/Host/MassStorage.o
LOAD ../../../../LUFA/Drivers/USB/Class/Host/MIDI.o
LOAD ../../../../LUFA/Drivers/USB/Class/Host/Printer.o
LOAD ../../../../LUFA/Drivers/USB/Class/Host/RNDIS.o
LOAD ../../../../LUFA/Drivers/USB/Class/Host/StillImage.o
LOAD c:/winavr-20100110/bin/../lib/gcc/avr/4.3.3/../../../../avr/lib/avr51\libm.a
LOAD c:/winavr-20100110/bin/../lib/gcc/avr/4.3.3/avr51\libgcc.a
LOAD c:/winavr-20100110/bin/../lib/gcc/avr/4.3.3/../../../../avr/lib/avr51\libc.a
LOAD c:/winavr-20100110/bin/../lib/gcc/avr/4.3.3/avr51\libgcc.a

.hash
 *(.hash)

.dynsym
 *(.dynsym)

.dynstr
 *(.dynstr)

.gnu.version
 *(.gnu.version)

.gnu.version_d
 *(.gnu.version_d)

.gnu.version_r
 *(.gnu.version_r)

.rel.init
 *(.rel.init)

.rela.init
 *(.rela.init)

.rel.text
 *(.rel.text)
 *(.rel.text.*)
 *(.rel.gnu.linkonce.t*)

.rela.text
 *(.rela.text)
 *(.rela.text.*)
 *(.rela.gnu.linkonce.t*)

.rel.fini
 *(.rel.fini)

.rela.fini
 *(.rela.fini)

.rel.rodata
 *(.rel.rodata)
 *(.rel.rodata.*)
 *(.rel.gnu.linkonce.r*)

.rela.rodata
 *(.rela.rodata)
 *(.rela.rodata.*)
 *(.rela.gnu.linkonce.r*)

.rel.data
 *(.rel.data)
 *(.rel.data.*)
 *(.rel.gnu.linkonce.d*)

.rela.data
 *(.rela.data)
 *(.rela.data.*)
 *(.rela.gnu.linkonce.d*)

.rel.ctors
 *(.rel.ctors)

.rela.ctors
 *(.rela.ctors)

.rel.dtors
 *(.rel.dtors)

.rela.dtors
 *(.rela.dtors)

.rel.got
 *(.rel.got)

.rela.got
 *(.rela.got)

.rel.bss
 *(.rel.bss)

.rela.bss
 *(.rela.bss)

.rel.plt
 *(.rel.plt)

.rela.plt
 *(.rela.plt)

.text           0x00000000     0x10fa
 *(.vectors)
 .vectors       0x00000000       0x98 c:/winavr-20100110/bin/../lib/gcc/avr/4.3.3/../../../../avr/lib/avr51/crtusb1287.o
                0x00000000                __vectors
                0x00000000                __vector_default
 *(.vectors)
 *(.progmem.gcc*)
 *(.progmem*)
 .progmem.data  0x00000098       0xb2 Descriptors.o
                0x00000108                ManufacturerString
                0x00000104                LanguageString
                0x00000098                JoystickReport
                0x000000d0                DeviceDescriptor
                0x00000122                ProductString
                0x000000e2                ConfigurationDescriptor
                0x0000014a                . = ALIGN (0x2)
                0x0000014a                __trampolines_start = .
 *(.trampolines)
 .trampolines   0x0000014a        0x0 linker stubs
 *(.trampolines*)
                0x0000014a                __trampolines_end = .
 *(.jumptables)
 *(.jumptables*)
 *(.lowtext)
 *(.lowtext*)
                0x0000014a                __ctors_start = .
 *(.ctors)
                0x0000014a                __ctors_end = .
                0x0000014a                __dtors_start = .
 *(.dtors)
                0x0000014a                __dtors_end = .
 SORT(*)(.ctors)
 SORT(*)(.dtors)
 *(.init0)
 .init0         0x0000014a        0x0 c:/winavr-20100110/bin/../lib/gcc/avr/4.3.3/../../../../avr/lib/avr51/crtusb1287.o
                0x0000014a                __init
 *(.init0)
 *(.init1)
 *(.init1)
 *(.init2)
 .init2         0x0000014a        0xc c:/winavr-20100110/bin/../lib/gcc/avr/4.3.3/../../../../avr/lib/avr51/crtusb1287.o
 *(.init2)
 *(.init3)
 *(.init3)
 *(.init4)
 .init4         0x00000156       0x1a c:/winavr-20100110/bin/../lib/gcc/avr/4.3.3/../../../../avr/lib/avr51/crtusb1287.o
                0x00000156                __do_copy_data
 .init4         0x00000170       0x10 c:/winavr-20100110/bin/../lib/gcc/avr/4.3.3/avr51\libgcc.a(_clear_bss.o)
                0x00000170                __do_clear_bss
 *(.init4)
 *(.init5)
 *(.init5)
 *(.init6)
 *(.init6)
 *(.init7)
 *(.init7)
 *(.init8)
 *(.init8)
 *(.init9)
 .init9         0x00000180        0x4 c:/winavr-20100110/bin/../lib/gcc/avr/4.3.3/../../../../avr/lib/avr51/crtusb1287.o
 *(.init9)
 *(.text)
 .text          0x00000184        0x2 c:/winavr-20100110/bin/../lib/gcc/avr/4.3.3/../../../../avr/lib/avr51/crtusb1287.o
                0x00000184                __vector_22
                0x00000184                __vector_28
                0x00000184                __vector_1
                0x00000184                __vector_32
                0x00000184                __vector_34
                0x00000184                __vector_24
                0x00000184                __vector_12
                0x00000184                __bad_interrupt
                0x00000184                __vector_6
                0x00000184                __vector_31
                0x00000184                __vector_35
                0x00000184                __vector_3
                0x00000184                __vector_23
                0x00000184                __vector_30
                0x00000184                __vector_25
                0x00000184                __vector_11
                0x00000184                __vector_13
                0x00000184                __vector_17
                0x00000184                __vector_19
                0x00000184                __vector_7
                0x00000184                __vector_27
                0x00000184                __vector_5
                0x00000184                __vector_33
                0x00000184                __vector_37
                0x00000184                __vector_4
                0x00000184                __vector_9
                0x00000184                __vector_2
                0x00000184                __vector_21
                0x00000184                __vector_15
                0x00000184                __vector_36
                0x00000184                __vector_29
                0x00000184                __vector_8
                0x00000184                __vector_26
                0x00000184                __vector_14
                0x00000184                __vector_16
                0x00000184                __vector_18
                0x00000184                __vector_20
                0x00000186                . = ALIGN (0x2)
 *(.text.*)
 .text.EVENT_USB_Device_Connect
                0x00000186        0xa Joystick.o
                0x00000186                EVENT_USB_Device_Connect
 .text.EVENT_USB_Device_Disconnect
                0x00000190        0xa Joystick.o
                0x00000190                EVENT_USB_Device_Disconnect
 .text.EVENT_USB_Device_StartOfFrame
                0x0000019a       0x18 Joystick.o
                0x0000019a                EVENT_USB_Device_StartOfFrame
 .text.CALLBACK_HID_Device_CreateHIDReport
                0x000001b2       0x66 Joystick.o
                0x000001b2                CALLBACK_HID_Device_CreateHIDReport
 .text.CALLBACK_HID_Device_ProcessHIDReport
                0x00000218        0x2 Joystick.o
                0x00000218                CALLBACK_HID_Device_ProcessHIDReport
 .text.EVENT_USB_Device_ControlRequest
                0x0000021a        0x6 Joystick.o
                0x0000021a                EVENT_USB_Device_ControlRequest
 .text.EVENT_USB_Device_ConfigurationChanged
                0x00000220       0x24 Joystick.o
                0x00000220                EVENT_USB_Device_ConfigurationChanged
 .text.SetupHardware
                0x00000244       0x54 Joystick.o
                0x00000244                SetupHardware
 .text.main     0x00000298       0x16 Joystick.o
                0x00000298                main
 .text.CALLBACK_USB_GetDescriptor
                0x000002ae       0x80 Descriptors.o
                0x000002ae                CALLBACK_USB_GetDescriptor
 .text.Endpoint_ConfigureEndpoint_Prv
                0x0000032e       0x6a ../../../../LUFA/Drivers/USB/Core/AVR8/Endpoint_AVR8.o
                0x0000032e                Endpoint_ConfigureEndpoint_Prv
 .text.Endpoint_ClearStatusStage
                0x00000398       0x42 ../../../../LUFA/Drivers/USB/Core/AVR8/Endpoint_AVR8.o
                0x00000398                Endpoint_ClearStatusStage
 .text.Endpoint_WaitUntilReady
                0x000003da       0x64 ../../../../LUFA/Drivers/USB/Core/AVR8/Endpoint_AVR8.o
                0x000003da                Endpoint_WaitUntilReady
 .text.USB_ResetInterface
                0x0000043e       0x92 ../../../../LUFA/Drivers/USB/Core/AVR8/USBController_AVR8.o
                0x0000043e                USB_ResetInterface
 .text.USB_Init
                0x000004d0       0x12 ../../../../LUFA/Drivers/USB/Core/AVR8/USBController_AVR8.o
                0x000004d0                USB_Init
 .text.USB_INT_DisableAllInterrupts
                0x000004e2       0x10 ../../../../LUFA/Drivers/USB/Core/AVR8/USBInterrupt_AVR8.o
                0x000004e2                USB_INT_DisableAllInterrupts
 .text.USB_INT_ClearAllInterrupts
                0x000004f2        0xa ../../../../LUFA/Drivers/USB/Core/AVR8/USBInterrupt_AVR8.o
                0x000004f2                USB_INT_ClearAllInterrupts
 .text.__vector_10
                0x000004fc      0x194 ../../../../LUFA/Drivers/USB/Core/AVR8/USBInterrupt_AVR8.o
                0x000004fc                __vector_10
 .text.USB_Device_ProcessControlRequest
                0x00000690      0x308 ../../../../LUFA/Drivers/USB/Core/DeviceStandardReq.o
                0x00000690                USB_Device_ProcessControlRequest
 .text.USB_Event_Stub
                0x00000998        0x2 ../../../../LUFA/Drivers/USB/Core/Events.o
                0x00000998                EVENT_USB_Device_WakeUp
                0x00000998                USB_Event_Stub
                0x00000998                EVENT_USB_Device_Suspend
                0x00000998                EVENT_USB_Device_Reset
 .text.Endpoint_Write_Control_Stream_LE
                0x0000099a       0xbc ../../../../LUFA/Drivers/USB/Core/EndpointStream.o
                0x0000099a                Endpoint_Write_Control_Stream_LE
 .text.Endpoint_Read_Control_Stream_LE
                0x00000a56       0x82 ../../../../LUFA/Drivers/USB/Core/EndpointStream.o
                0x00000a56                Endpoint_Read_Control_Stream_LE
 .text.Endpoint_Write_Control_PStream_LE
                0x00000ad8       0xc2 ../../../../LUFA/Drivers/USB/Core/EndpointStream.o
                0x00000ad8                Endpoint_Write_Control_PStream_LE
 .text.Endpoint_Write_Stream_LE
                0x00000b9a       0xa4 ../../../../LUFA/Drivers/USB/Core/EndpointStream.o
                0x00000b9a                Endpoint_Write_Stream_LE
 .text.USB_USBTask
                0x00000c3e       0x26 ../../../../LUFA/Drivers/USB/Core/USBTask.o
                0x00000c3e                USB_USBTask
 .text.HID_Device_USBTask
                0x00000c64      0x174 ../../../../LUFA/Drivers/USB/Class/Device/HID.o
                0x00000c64                HID_Device_USBTask
 .text.HID_Device_ConfigureEndpoints
                0x00000dd8       0x70 ../../../../LUFA/Drivers/USB/Class/Device/HID.o
                0x00000dd8                HID_Device_ConfigureEndpoints
 .text.HID_Device_ProcessControlRequest
                0x00000e48      0x274 ../../../../LUFA/Drivers/USB/Class/Device/HID.o
                0x00000e48                HID_Device_ProcessControlRequest
 .text.avr-libc
                0x000010bc       0x1a c:/winavr-20100110/bin/../lib/gcc/avr/4.3.3/../../../../avr/lib/avr51\libc.a(memcmp.o)
                0x000010bc                memcmp
 .text.avr-libc
                0x000010d6       0x12 c:/winavr-20100110/bin/../lib/gcc/avr/4.3.3/../../../../avr/lib/avr51\libc.a(memcpy.o)
                0x000010d6                memcpy
 .text.avr-libc
                0x000010e8        0xe c:/winavr-20100110/bin/../lib/gcc/avr/4.3.3/../../../../avr/lib/avr51\libc.a(memset.o)
                0x000010e8                memset
                0x000010f6                . = ALIGN (0x2)
 *(.fini9)
 .fini9         0x000010f6        0x0 c:/winavr-20100110/bin/../lib/gcc/avr/4.3.3/avr51\libgcc.a(_exit.o)
                0x000010f6                exit
                0x000010f6                _exit
 *(.fini9)
 *(.fini8)
 *(.fini8)
 *(.fini7)
 *(.fini7)
 *(.fini6)
 *(.fini6)
 *(.fini5)
 *(.fini5)
 *(.fini4)
 *(.fini4)
 *(.fini3)
 *(.fini3)
 *(.fini2)
 *(.fini2)
 *(.fini1)
 *(.fini1)
 *(.fini0)
 .fini0         0x000010f6        0x4 c:/winavr-20100110/bin/../lib/gcc/avr/4.3.3/avr51\libgcc.a(_exit.o)
 *(.fini0)
                0x000010fa                _etext = .

.data           0x00800100        0xe load address 0x000010fa
                0x00800100                PROVIDE (__data_start, .)
 *(.data)
 .data          0x00800100        0xd Joystick.o
                0x00800100                Joystick_HID_Interface
 *(.data*)
 *(.rodata)
 *(.rodata*)
 *(.gnu.linkonce.d*)
                0x0080010e                . = ALIGN (0x2)
 *fill*         0x0080010d        0x1 00
                0x0080010e                _edata = .
                0x0080010e                PROVIDE (__data_end, .)

.bss            0x0080010e       0x10
                0x0080010e                PROVIDE (__bss_start, .)
 *(.bss)
 .bss           0x0080010e        0x3 Joystick.o
 *(.bss*)
 *(COMMON)
 COMMON         0x00800111        0x3 ../../../../LUFA/Drivers/USB/Core/DeviceStandardReq.o
                0x00800111                USB_CurrentlySelfPowered
                0x00800112                USB_RemoteWakeupEnabled
                0x00800113                USB_ConfigurationNumber
 COMMON         0x00800114        0xa ../../../../LUFA/Drivers/USB/Core/USBTask.o
                0x00800114                USB_IsInitialized
                0x00800115                USB_DeviceState
                0x00800116                USB_ControlRequest
                0x0080011e                PROVIDE (__bss_end, .)
                0x000010fa                __data_load_start = LOADADDR (.data)
                0x00001108                __data_load_end = (__data_load_start + SIZEOF (.data))

.noinit         0x0080011e        0x0
                0x0080011e                PROVIDE (__noinit_start, .)
 *(.noinit*)
                0x0080011e                PROVIDE (__noinit_end, .)
                0x0080011e                _end = .
                0x0080011e                PROVIDE (__heap_start, .)

.eeprom         0x00810000        0x0
 *(.eeprom*)
                0x00810000                __eeprom_end = .

.fuse
 *(.fuse)
 *(.lfuse)
 *(.hfuse)
 *(.efuse)

.lock
 *(.lock*)

.signature
 *(.signature*)

.stab
 *(.stab)

.stabstr
 *(.stabstr)

.stab.excl
 *(.stab.excl)

.stab.exclstr
 *(.stab.exclstr)

.stab.index
 *(.stab.index)

.stab.indexstr
 *(.stab.indexstr)

.comment
 *(.comment)

.debug
 *(.debug)

.line
 *(.line)

.debug_srcinfo
 *(.debug_srcinfo)

.debug_sfnames
 *(.debug_sfnames)

.debug_aranges  0x00000000      0x478
 *(.debug_aranges)
 .debug_aranges
                0x00000000       0x60 Joystick.o
 .debug_aranges
                0x00000060       0x20 Descriptors.o
 .debug_aranges
                0x00000080       0x20 ../../../../LUFA/Drivers/USB/Core/AVR8/Device_AVR8.o
 .debug_aranges
                0x000000a0       0x38 ../../../../LUFA/Drivers/USB/Core/AVR8/Endpoint_AVR8.o
 .debug_aranges
                0x000000d8       0x30 ../../../../LUFA/Drivers/USB/Core/AVR8/USBController_AVR8.o
 .debug_aranges
                0x00000108       0x30 ../../../../LUFA/Drivers/USB/Core/AVR8/USBInterrupt_AVR8.o
 .debug_aranges
                0x00000138       0x38 ../../../../LUFA/Drivers/USB/Core/ConfigDescriptor.o
 .debug_aranges
                0x00000170       0x20 ../../../../LUFA/Drivers/USB/Core/DeviceStandardReq.o
 .debug_aranges
                0x00000190       0x20 ../../../../LUFA/Drivers/USB/Core/Events.o
 .debug_aranges
                0x000001b0       0xc8 ../../../../LUFA/Drivers/USB/Core/EndpointStream.o
 .debug_aranges
                0x00000278       0x20 ../../../../LUFA/Drivers/USB/Core/USBTask.o
 .debug_aranges
                0x00000298       0x38 ../../../../LUFA/Drivers/USB/Class/Common/HIDParser.o
 .debug_aranges
                0x000002d0       0x28 ../../../../LUFA/Drivers/USB/Class/Device/Audio.o
 .debug_aranges
                0x000002f8       0x98 ../../../../LUFA/Drivers/USB/Class/Device/CDC.o
 .debug_aranges
                0x00000390       0x30 ../../../../LUFA/Drivers/USB/Class/Device/HID.o
 .debug_aranges
                0x000003c0       0x30 ../../../../LUFA/Drivers/USB/Class/Device/MassStorage.o
 .debug_aranges
                0x000003f0       0x40 ../../../../LUFA/Drivers/USB/Class/Device/MIDI.o
 .debug_aranges
                0x00000430       0x48 ../../../../LUFA/Drivers/USB/Class/Device/RNDIS.o

.debug_pubnames
                0x00000000      0xca3
 *(.debug_pubnames)
 .debug_pubnames
                0x00000000      0x146 Joystick.o
 .debug_pubnames
                0x00000146       0xb1 Descriptors.o
 .debug_pubnames
                0x000001f7       0x32 ../../../../LUFA/Drivers/USB/Core/AVR8/Device_AVR8.o
 .debug_pubnames
                0x00000229       0x8b ../../../../LUFA/Drivers/USB/Core/AVR8/Endpoint_AVR8.o
 .debug_pubnames
                0x000002b4       0x46 ../../../../LUFA/Drivers/USB/Core/AVR8/USBController_AVR8.o
 .debug_pubnames
                0x000002fa       0x62 ../../../../LUFA/Drivers/USB/Core/AVR8/USBInterrupt_AVR8.o
 .debug_pubnames
                0x0000035c       0x9b ../../../../LUFA/Drivers/USB/Core/ConfigDescriptor.o
 .debug_pubnames
                0x000003f7       0x8c ../../../../LUFA/Drivers/USB/Core/DeviceStandardReq.o
 .debug_pubnames
                0x00000483       0x25 ../../../../LUFA/Drivers/USB/Core/Events.o
 .debug_pubnames
                0x000004a8      0x2df ../../../../LUFA/Drivers/USB/Core/EndpointStream.o
 .debug_pubnames
                0x00000787       0x63 ../../../../LUFA/Drivers/USB/Core/USBTask.o
 .debug_pubnames
                0x000007ea       0x7e ../../../../LUFA/Drivers/USB/Class/Common/HIDParser.o
 .debug_pubnames
                0x00000868       0x5d ../../../../LUFA/Drivers/USB/Class/Device/Audio.o
 .debug_pubnames
                0x000008c5      0x18b ../../../../LUFA/Drivers/USB/Class/Device/CDC.o
 .debug_pubnames
                0x00000a50       0x70 ../../../../LUFA/Drivers/USB/Class/Device/HID.o
 .debug_pubnames
                0x00000ac0       0x6d ../../../../LUFA/Drivers/USB/Class/Device/MassStorage.o
 .debug_pubnames
                0x00000b2d       0xa6 ../../../../LUFA/Drivers/USB/Class/Device/MIDI.o
 .debug_pubnames
                0x00000bd3       0xd0 ../../../../LUFA/Drivers/USB/Class/Device/RNDIS.o

.debug_info     0x00000000     0x7c6e
 *(.debug_info)
 .debug_info    0x00000000      0x5c8 Joystick.o
 .debug_info    0x000005c8      0x635 Descriptors.o
 .debug_info    0x00000bfd       0xc4 ../../../../LUFA/Drivers/USB/Core/AVR8/Device_AVR8.o
 .debug_info    0x00000cc1      0x44d ../../../../LUFA/Drivers/USB/Core/AVR8/Endpoint_AVR8.o
 .debug_info    0x0000110e        0x0 ../../../../LUFA/Drivers/USB/Core/AVR8/Host_AVR8.o
 .debug_info    0x0000110e        0x0 ../../../../LUFA/Drivers/USB/Core/AVR8/Pipe_AVR8.o
 .debug_info    0x0000110e      0x4bf ../../../../LUFA/Drivers/USB/Core/AVR8/USBController_AVR8.o
 .debug_info    0x000015cd      0x56d ../../../../LUFA/Drivers/USB/Core/AVR8/USBInterrupt_AVR8.o
 .debug_info    0x00001b3a      0x34e ../../../../LUFA/Drivers/USB/Core/ConfigDescriptor.o
 .debug_info    0x00001e88      0xa67 ../../../../LUFA/Drivers/USB/Core/DeviceStandardReq.o
 .debug_info    0x000028ef       0x79 ../../../../LUFA/Drivers/USB/Core/Events.o
 .debug_info    0x00002968     0x157b ../../../../LUFA/Drivers/USB/Core/EndpointStream.o
 .debug_info    0x00003ee3        0x0 ../../../../LUFA/Drivers/USB/Core/HostStandardReq.o
 .debug_info    0x00003ee3        0x0 ../../../../LUFA/Drivers/USB/Core/PipeStream.o
 .debug_info    0x00003ee3      0x23b ../../../../LUFA/Drivers/USB/Core/USBTask.o
 .debug_info    0x0000411e      0x6f5 ../../../../LUFA/Drivers/USB/Class/Common/HIDParser.o
 .debug_info    0x00004813      0x3ca ../../../../LUFA/Drivers/USB/Class/Device/Audio.o
 .debug_info    0x00004bdd      0xbcb ../../../../LUFA/Drivers/USB/Class/Device/CDC.o
 .debug_info    0x000057a8      0x679 ../../../../LUFA/Drivers/USB/Class/Device/HID.o
 .debug_info    0x00005e21      0x8d5 ../../../../LUFA/Drivers/USB/Class/Device/MassStorage.o
 .debug_info    0x000066f6      0x5c4 ../../../../LUFA/Drivers/USB/Class/Device/MIDI.o
 .debug_info    0x00006cba      0xfb4 ../../../../LUFA/Drivers/USB/Class/Device/RNDIS.o
 .debug_info    0x00007c6e        0x0 ../../../../LUFA/Drivers/USB/Class/Host/CDC.o
 .debug_info    0x00007c6e        0x0 ../../../../LUFA/Drivers/USB/Class/Host/HID.o
 .debug_info    0x00007c6e        0x0 ../../../../LUFA/Drivers/USB/Class/Host/MassStorage.o
 .debug_info    0x00007c6e        0x0 ../../../../LUFA/Drivers/USB/Class/Host/MIDI.o
 .debug_info    0x00007c6e        0x0 ../../../../LUFA/Drivers/USB/Class/Host/Printer.o
 .debug_info    0x00007c6e        0x0 ../../../../LUFA/Drivers/USB/Class/Host/RNDIS.o
 .debug_info    0x00007c6e        0x0 ../../../../LUFA/Drivers/USB/Class/Host/StillImage.o
 *(.gnu.linkonce.wi.*)

.debug_abbrev   0x00000000     0x1f89
 *(.debug_abbrev)
 .debug_abbrev  0x00000000      0x208 Joystick.o
 .debug_abbrev  0x00000208      0x16c Descriptors.o
 .debug_abbrev  0x00000374       0x79 ../../../../LUFA/Drivers/USB/Core/AVR8/Device_AVR8.o
 .debug_abbrev  0x000003ed      0x19a ../../../../LUFA/Drivers/USB/Core/AVR8/Endpoint_AVR8.o
 .debug_abbrev  0x00000587        0x1 ../../../../LUFA/Drivers/USB/Core/AVR8/Host_AVR8.o
 .debug_abbrev  0x00000588        0x1 ../../../../LUFA/Drivers/USB/Core/AVR8/Pipe_AVR8.o
 .debug_abbrev  0x00000589      0x18a ../../../../LUFA/Drivers/USB/Core/AVR8/USBController_AVR8.o
 .debug_abbrev  0x00000713      0x176 ../../../../LUFA/Drivers/USB/Core/AVR8/USBInterrupt_AVR8.o
 .debug_abbrev  0x00000889      0x15c ../../../../LUFA/Drivers/USB/Core/ConfigDescriptor.o
 .debug_abbrev  0x000009e5      0x283 ../../../../LUFA/Drivers/USB/Core/DeviceStandardReq.o
 .debug_abbrev  0x00000c68       0x4a ../../../../LUFA/Drivers/USB/Core/Events.o
 .debug_abbrev  0x00000cb2      0x1aa ../../../../LUFA/Drivers/USB/Core/EndpointStream.o
 .debug_abbrev  0x00000e5c        0x1 ../../../../LUFA/Drivers/USB/Core/HostStandardReq.o
 .debug_abbrev  0x00000e5d        0x1 ../../../../LUFA/Drivers/USB/Core/PipeStream.o
 .debug_abbrev  0x00000e5e      0x15d ../../../../LUFA/Drivers/USB/Core/USBTask.o
 .debug_abbrev  0x00000fbb      0x1e7 ../../../../LUFA/Drivers/USB/Class/Common/HIDParser.o
 .debug_abbrev  0x000011a2      0x1ab ../../../../LUFA/Drivers/USB/Class/Device/Audio.o
 .debug_abbrev  0x0000134d      0x2f5 ../../../../LUFA/Drivers/USB/Class/Device/CDC.o
 .debug_abbrev  0x00001642      0x20d ../../../../LUFA/Drivers/USB/Class/Device/HID.o
 .debug_abbrev  0x0000184f      0x244 ../../../../LUFA/Drivers/USB/Class/Device/MassStorage.o
 .debug_abbrev  0x00001a93      0x216 ../../../../LUFA/Drivers/USB/Class/Device/MIDI.o
 .debug_abbrev  0x00001ca9      0x2d9 ../../../../LUFA/Drivers/USB/Class/Device/RNDIS.o
 .debug_abbrev  0x00001f82        0x1 ../../../../LUFA/Drivers/USB/Class/Host/CDC.o
 .debug_abbrev  0x00001f83        0x1 ../../../../LUFA/Drivers/USB/Class/Host/HID.o
 .debug_abbrev  0x00001f84        0x1 ../../../../LUFA/Drivers/USB/Class/Host/MassStorage.o
 .debug_abbrev  0x00001f85        0x1 ../../../../LUFA/Drivers/USB/Class/Host/MIDI.o
 .debug_abbrev  0x00001f86        0x1 ../../../../LUFA/Drivers/USB/Class/Host/Printer.o
 .debug_abbrev  0x00001f87        0x1 ../../../../LUFA/Drivers/USB/Class/Host/RNDIS.o
 .debug_abbrev  0x00001f88        0x1 ../../../../LUFA/Drivers/USB/Class/Host/StillImage.o

.debug_line     0x00000000     0x60bb
 *(.debug_line)
 .debug_line    0x00000000      0x449 Joystick.o
 .debug_line    0x00000449      0x1dd Descriptors.o
 .debug_line    0x00000626      0x133 ../../../../LUFA/Drivers/USB/Core/AVR8/Device_AVR8.o
 .debug_line    0x00000759      0x4a8 ../../../../LUFA/Drivers/USB/Core/AVR8/Endpoint_AVR8.o
 .debug_line    0x00000c01       0x24 ../../../../LUFA/Drivers/USB/Core/AVR8/Host_AVR8.o
 .debug_line    0x00000c25       0x24 ../../../../LUFA/Drivers/USB/Core/AVR8/Pipe_AVR8.o
 .debug_line    0x00000c49      0x376 ../../../../LUFA/Drivers/USB/Core/AVR8/USBController_AVR8.o
 .debug_line    0x00000fbf      0x54d ../../../../LUFA/Drivers/USB/Core/AVR8/USBInterrupt_AVR8.o
 .debug_line    0x0000150c      0x24a ../../../../LUFA/Drivers/USB/Core/ConfigDescriptor.o
 .debug_line    0x00001756      0x694 ../../../../LUFA/Drivers/USB/Core/DeviceStandardReq.o
 .debug_line    0x00001dea       0x86 ../../../../LUFA/Drivers/USB/Core/Events.o
 .debug_line    0x00001e70     0x177d ../../../../LUFA/Drivers/USB/Core/EndpointStream.o
 .debug_line    0x000035ed       0x24 ../../../../LUFA/Drivers/USB/Core/HostStandardReq.o
 .debug_line    0x00003611       0x24 ../../../../LUFA/Drivers/USB/Core/PipeStream.o
 .debug_line    0x00003635      0x1bd ../../../../LUFA/Drivers/USB/Core/USBTask.o
 .debug_line    0x000037f2      0x5a5 ../../../../LUFA/Drivers/USB/Class/Common/HIDParser.o
 .debug_line    0x00003d97      0x2be ../../../../LUFA/Drivers/USB/Class/Device/Audio.o
 .debug_line    0x00004055      0x84c ../../../../LUFA/Drivers/USB/Class/Device/CDC.o
 .debug_line    0x000048a1      0x561 ../../../../LUFA/Drivers/USB/Class/Device/HID.o
 .debug_line    0x00004e02      0x5fa ../../../../LUFA/Drivers/USB/Class/Device/MassStorage.o
 .debug_line    0x000053fc      0x441 ../../../../LUFA/Drivers/USB/Class/Device/MIDI.o
 .debug_line    0x0000583d      0x782 ../../../../LUFA/Drivers/USB/Class/Device/RNDIS.o
 .debug_line    0x00005fbf       0x24 ../../../../LUFA/Drivers/USB/Class/Host/CDC.o
 .debug_line    0x00005fe3       0x24 ../../../../LUFA/Drivers/USB/Class/Host/HID.o
 .debug_line    0x00006007       0x24 ../../../../LUFA/Drivers/USB/Class/Host/MassStorage.o
 .debug_line    0x0000602b       0x24 ../../../../LUFA/Drivers/USB/Class/Host/MIDI.o
 .debug_line    0x0000604f       0x24 ../../../../LUFA/Drivers/USB/Class/Host/Printer.o
 .debug_line    0x00006073       0x24 ../../../../LUFA/Drivers/USB/Class/Host/RNDIS.o
 .debug_line    0x00006097       0x24 ../../../../LUFA/Drivers/USB/Class/Host/StillImage.o

.debug_frame    0x00000000      0x6b0
 *(.debug_frame)
 .debug_frame   0x00000000       0xa0 Joystick.o
 .debug_frame   0x000000a0       0x20 Descriptors.o
 .debug_frame   0x000000c0       0x20 ../../../../LUFA/Drivers/USB/Core/AVR8/Device_AVR8.o
 .debug_frame   0x000000e0       0x50 ../../../../LUFA/Drivers/USB/Core/AVR8/Endpoint_AVR8.o
 .debug_frame   0x00000130       0x40 ../../../../LUFA/Drivers/USB/Core/AVR8/USBController_AVR8.o
 .debug_frame   0x00000170       0x40 ../../../../LUFA/Drivers/USB/Core/AVR8/USBInterrupt_AVR8.o
 .debug_frame   0x000001b0       0x50 ../../../../LUFA/Drivers/USB/Core/ConfigDescriptor.o
 .debug_frame   0x00000200       0x20 ../../../../LUFA/Drivers/USB/Core/DeviceStandardReq.o
 .debug_frame   0x00000220       0x20 ../../../../LUFA/Drivers/USB/Core/Events.o
 .debug_frame   0x00000240      0x170 ../../../../LUFA/Drivers/USB/Core/EndpointStream.o
 .debug_frame   0x000003b0       0x20 ../../../../LUFA/Drivers/USB/Core/USBTask.o
 .debug_frame   0x000003d0       0x50 ../../../../LUFA/Drivers/USB/Class/Common/HIDParser.o
 .debug_frame   0x00000420       0x30 ../../../../LUFA/Drivers/USB/Class/Device/Audio.o
 .debug_frame   0x00000450      0x110 ../../../../LUFA/Drivers/USB/Class/Device/CDC.o
 .debug_frame   0x00000560       0x40 ../../../../LUFA/Drivers/USB/Class/Device/HID.o
 .debug_frame   0x000005a0       0x40 ../../../../LUFA/Drivers/USB/Class/Device/MassStorage.o
 .debug_frame   0x000005e0       0x60 ../../../../LUFA/Drivers/USB/Class/Device/MIDI.o
 .debug_frame   0x00000640       0x70 ../../../../LUFA/Drivers/USB/Class/Device/RNDIS.o

.debug_str      0x00000000     0x31b9
 *(.debug_str)
 .debug_str     0x00000000      0x4dd Joystick.o
                                0x549 (size before relaxing)
 .debug_str     0x000004dd      0x4b1 Descriptors.o
                                0x649 (size before relaxing)
 .debug_str     0x0000098e       0x7d ../../../../LUFA/Drivers/USB/Core/AVR8/Device_AVR8.o
                                0x167 (size before relaxing)
 .debug_str     0x00000a0b      0x3c7 ../../../../LUFA/Drivers/USB/Core/AVR8/Endpoint_AVR8.o
                                0x4f6 (size before relaxing)
 .debug_str     0x00000dd2      0x20b ../../../../LUFA/Drivers/USB/Core/AVR8/USBController_AVR8.o
                                0x46b (size before relaxing)
 .debug_str     0x00000fdd       0xef ../../../../LUFA/Drivers/USB/Core/AVR8/USBInterrupt_AVR8.o
                                0x3e6 (size before relaxing)
 .debug_str     0x000010cc      0x22c ../../../../LUFA/Drivers/USB/Core/ConfigDescriptor.o
                                0x334 (size before relaxing)
 .debug_str     0x000012f8      0x436 ../../../../LUFA/Drivers/USB/Core/DeviceStandardReq.o
                                0x851 (size before relaxing)
 .debug_str     0x0000172e       0x3a ../../../../LUFA/Drivers/USB/Core/Events.o
                                0x11e (size before relaxing)
 .debug_str     0x00001768      0x4b5 ../../../../LUFA/Drivers/USB/Core/EndpointStream.o
                                0x78b (size before relaxing)
 .debug_str     0x00001c1d       0x70 ../../../../LUFA/Drivers/USB/Core/USBTask.o
                                0x2be (size before relaxing)
 .debug_str     0x00001c8d      0x481 ../../../../LUFA/Drivers/USB/Class/Common/HIDParser.o
                                0x60c (size before relaxing)
 .debug_str     0x0000210e      0x12d ../../../../LUFA/Drivers/USB/Class/Device/Audio.o
                                0x40e (size before relaxing)
 .debug_str     0x0000223b      0x419 ../../../../LUFA/Drivers/USB/Class/Device/CDC.o
                                0x9c5 (size before relaxing)
 .debug_str     0x00002654      0x146 ../../../../LUFA/Drivers/USB/Class/Device/HID.o
                                0x5c7 (size before relaxing)
 .debug_str     0x0000279a      0x226 ../../../../LUFA/Drivers/USB/Class/Device/MassStorage.o
                                0x78b (size before relaxing)
 .debug_str     0x000029c0      0x116 ../../../../LUFA/Drivers/USB/Class/Device/MIDI.o
                                0x62a (size before relaxing)
 .debug_str     0x00002ad6      0x6e3 ../../../../LUFA/Drivers/USB/Class/Device/RNDIS.o
                                0xd21 (size before relaxing)

.debug_loc      0x00000000     0x3413
 *(.debug_loc)
 .debug_loc     0x00000000       0x7b Joystick.o
 .debug_loc     0x0000007b      0x1a0 Descriptors.o
 .debug_loc     0x0000021b       0x7f ../../../../LUFA/Drivers/USB/Core/AVR8/Endpoint_AVR8.o
 .debug_loc     0x0000029a       0x13 ../../../../LUFA/Drivers/USB/Core/AVR8/USBController_AVR8.o
 .debug_loc     0x000002ad      0x2c7 ../../../../LUFA/Drivers/USB/Core/ConfigDescriptor.o
 .debug_loc     0x00000574      0x224 ../../../../LUFA/Drivers/USB/Core/DeviceStandardReq.o
 .debug_loc     0x00000798     0x182a ../../../../LUFA/Drivers/USB/Core/EndpointStream.o
 .debug_loc     0x00001fc2      0x477 ../../../../LUFA/Drivers/USB/Class/Common/HIDParser.o
 .debug_loc     0x00002439       0xd4 ../../../../LUFA/Drivers/USB/Class/Device/Audio.o
 .debug_loc     0x0000250d      0x512 ../../../../LUFA/Drivers/USB/Class/Device/CDC.o
 .debug_loc     0x00002a1f      0x16c ../../../../LUFA/Drivers/USB/Class/Device/HID.o
 .debug_loc     0x00002b8b      0x11a ../../../../LUFA/Drivers/USB/Class/Device/MassStorage.o
 .debug_loc     0x00002ca5      0x23c ../../../../LUFA/Drivers/USB/Class/Device/MIDI.o
 .debug_loc     0x00002ee1      0x532 ../../../../LUFA/Drivers/USB/Class/Device/RNDIS.o

.debug_macinfo
 *(.debug_macinfo)
OUTPUT(Joystick.elf elf32-avr)
LOAD linker stubs

.debug_ranges   0x00000000      0x568
 .debug_ranges  0x00000000       0x58 Joystick.o
 .debug_ranges  0x00000058       0x18 Descriptors.o
 .debug_ranges  0x00000070       0x18 ../../../../LUFA/Drivers/USB/Core/AVR8/Device_AVR8.o
 .debug_ranges  0x00000088       0x30 ../../../../LUFA/Drivers/USB/Core/AVR8/Endpoint_AVR8.o
 .debug_ranges  0x000000b8       0x28 ../../../../LUFA/Drivers/USB/Core/AVR8/USBController_AVR8.o
 .debug_ranges  0x000000e0       0x28 ../../../../LUFA/Drivers/USB/Core/AVR8/USBInterrupt_AVR8.o
 .debug_ranges  0x00000108       0x30 ../../../../LUFA/Drivers/USB/Core/ConfigDescriptor.o
 .debug_ranges  0x00000138       0x78 ../../../../LUFA/Drivers/USB/Core/DeviceStandardReq.o
 .debug_ranges  0x000001b0       0x18 ../../../../LUFA/Drivers/USB/Core/Events.o
 .debug_ranges  0x000001c8       0xc0 ../../../../LUFA/Drivers/USB/Core/EndpointStream.o
 .debug_ranges  0x00000288       0x30 ../../../../LUFA/Drivers/USB/Core/USBTask.o
 .debug_ranges  0x000002b8       0xa0 ../../../../LUFA/Drivers/USB/Class/Common/HIDParser.o
 .debug_ranges  0x00000358       0x20 ../../../../LUFA/Drivers/USB/Class/Device/Audio.o
 .debug_ranges  0x00000378       0x90 ../../../../LUFA/Drivers/USB/Class/Device/CDC.o
 .debug_ranges  0x00000408       0x28 ../../../../LUFA/Drivers/USB/Class/Device/HID.o
 .debug_ranges  0x00000430       0x78 ../../../../LUFA/Drivers/USB/Class/Device/MassStorage.o
 .debug_ranges  0x000004a8       0x38 ../../../../LUFA/Drivers/USB/Class/Device/MIDI.o
 .debug_ranges  0x000004e0       0x88 ../../../../LUFA/Drivers/USB/Class/Device/RNDIS.o

Cross Reference Table

Symbol                                            File
Audio_Device_ConfigureEndpoints                   ../../../../LUFA/Drivers/USB/Class/Device/Audio.o
Audio_Device_ProcessControlRequest                ../../../../LUFA/Drivers/USB/Class/Device/Audio.o
CALLBACK_HIDParser_FilterHIDReportItem            ../../../../LUFA/Drivers/USB/Class/Common/HIDParser.o
CALLBACK_HID_Device_CreateHIDReport               Joystick.o
                                                  ../../../../LUFA/Drivers/USB/Class/Device/HID.o
CALLBACK_HID_Device_ProcessHIDReport              Joystick.o
                                                  ../../../../LUFA/Drivers/USB/Class/Device/HID.o
CALLBACK_MS_Device_SCSICommandReceived            ../../../../LUFA/Drivers/USB/Class/Device/MassStorage.o
CALLBACK_USB_GetDescriptor                        Descriptors.o
                                                  ../../../../LUFA/Drivers/USB/Core/DeviceStandardReq.o
CDC_Device_BytesReceived                          ../../../../LUFA/Drivers/USB/Class/Device/CDC.o
CDC_Device_ConfigureEndpoints                     ../../../../LUFA/Drivers/USB/Class/Device/CDC.o
CDC_Device_CreateBlockingStream                   ../../../../LUFA/Drivers/USB/Class/Device/CDC.o
CDC_Device_CreateStream                           ../../../../LUFA/Drivers/USB/Class/Device/CDC.o
CDC_Device_Event_Stub                             ../../../../LUFA/Drivers/USB/Class/Device/CDC.o
CDC_Device_Flush                                  ../../../../LUFA/Drivers/USB/Class/Device/CDC.o
CDC_Device_ProcessControlRequest                  ../../../../LUFA/Drivers/USB/Class/Device/CDC.o
CDC_Device_ReceiveByte                            ../../../../LUFA/Drivers/USB/Class/Device/CDC.o
CDC_Device_SendByte                               ../../../../LUFA/Drivers/USB/Class/Device/CDC.o
CDC_Device_SendControlLineStateChange             ../../../../LUFA/Drivers/USB/Class/Device/CDC.o
CDC_Device_SendData                               ../../../../LUFA/Drivers/USB/Class/Device/CDC.o
CDC_Device_SendString                             ../../../../LUFA/Drivers/USB/Class/Device/CDC.o
CDC_Device_USBTask                                ../../../../LUFA/Drivers/USB/Class/Device/CDC.o
ConfigurationDescriptor                           Descriptors.o
DeviceDescriptor                                  Descriptors.o
EVENT_CDC_Device_BreakSent                        ../../../../LUFA/Drivers/USB/Class/Device/CDC.o
EVENT_CDC_Device_ControLineStateChanged           ../../../../LUFA/Drivers/USB/Class/Device/CDC.o
EVENT_CDC_Device_LineEncodingChanged              ../../../../LUFA/Drivers/USB/Class/Device/CDC.o
EVENT_USB_Device_ConfigurationChanged             Joystick.o
                                                  ../../../../LUFA/Drivers/USB/Core/DeviceStandardReq.o
EVENT_USB_Device_Connect                          Joystick.o
                                                  ../../../../LUFA/Drivers/USB/Core/AVR8/USBInterrupt_AVR8.o
EVENT_USB_Device_ControlRequest                   Joystick.o
                                                  ../../../../LUFA/Drivers/USB/Core/DeviceStandardReq.o
EVENT_USB_Device_Disconnect                       Joystick.o
                                                  ../../../../LUFA/Drivers/USB/Core/AVR8/USBInterrupt_AVR8.o
EVENT_USB_Device_Reset                            ../../../../LUFA/Drivers/USB/Core/Events.o
                                                  ../../../../LUFA/Drivers/USB/Core/AVR8/USBInterrupt_AVR8.o
EVENT_USB_Device_StartOfFrame                     Joystick.o
                                                  ../../../../LUFA/Drivers/USB/Core/AVR8/USBInterrupt_AVR8.o
EVENT_USB_Device_Suspend                          ../../../../LUFA/Drivers/USB/Core/Events.o
                                                  ../../../../LUFA/Drivers/USB/Core/AVR8/USBInterrupt_AVR8.o
EVENT_USB_Device_WakeUp                           ../../../../LUFA/Drivers/USB/Core/Events.o
                                                  ../../../../LUFA/Drivers/USB/Core/AVR8/USBInterrupt_AVR8.o
Endpoint_ClearEndpoints                           ../../../../LUFA/Drivers/USB/Core/AVR8/Endpoint_AVR8.o
Endpoint_ClearStatusStage                         ../../../../LUFA/Drivers/USB/Core/AVR8/Endpoint_AVR8.o
                                                  ../../../../LUFA/Drivers/USB/Class/Device/MassStorage.o
                                                  ../../../../LUFA/Drivers/USB/Class/Device/HID.o
                                                  ../../../../LUFA/Drivers/USB/Class/Device/CDC.o
                                                  ../../../../LUFA/Drivers/USB/Class/Device/Audio.o
                                                  ../../../../LUFA/Drivers/USB/Core/DeviceStandardReq.o
Endpoint_ConfigureEndpoint_Prv                    ../../../../LUFA/Drivers/USB/Core/AVR8/Endpoint_AVR8.o
                                                  ../../../../LUFA/Drivers/USB/Class/Device/RNDIS.o
                                                  ../../../../LUFA/Drivers/USB/Class/Device/MIDI.o
                                                  ../../../../LUFA/Drivers/USB/Class/Device/MassStorage.o
                                                  ../../../../LUFA/Drivers/USB/Class/Device/HID.o
                                                  ../../../../LUFA/Drivers/USB/Class/Device/CDC.o
                                                  ../../../../LUFA/Drivers/USB/Class/Device/Audio.o
                                                  ../../../../LUFA/Drivers/USB/Core/AVR8/USBInterrupt_AVR8.o
                                                  ../../../../LUFA/Drivers/USB/Core/AVR8/USBController_AVR8.o
Endpoint_Discard_Stream                           ../../../../LUFA/Drivers/USB/Core/EndpointStream.o
Endpoint_Null_Stream                              ../../../../LUFA/Drivers/USB/Core/EndpointStream.o
Endpoint_Read_Control_EStream_BE                  ../../../../LUFA/Drivers/USB/Core/EndpointStream.o
Endpoint_Read_Control_EStream_LE                  ../../../../LUFA/Drivers/USB/Core/EndpointStream.o
Endpoint_Read_Control_Stream_BE                   ../../../../LUFA/Drivers/USB/Core/EndpointStream.o
Endpoint_Read_Control_Stream_LE                   ../../../../LUFA/Drivers/USB/Core/EndpointStream.o
                                                  ../../../../LUFA/Drivers/USB/Class/Device/RNDIS.o
                                                  ../../../../LUFA/Drivers/USB/Class/Device/HID.o
                                                  ../../../../LUFA/Drivers/USB/Class/Device/CDC.o
Endpoint_Read_EStream_BE                          ../../../../LUFA/Drivers/USB/Core/EndpointStream.o
Endpoint_Read_EStream_LE                          ../../../../LUFA/Drivers/USB/Core/EndpointStream.o
Endpoint_Read_Stream_BE                           ../../../../LUFA/Drivers/USB/Core/EndpointStream.o
Endpoint_Read_Stream_LE                           ../../../../LUFA/Drivers/USB/Core/EndpointStream.o
                                                  ../../../../LUFA/Drivers/USB/Class/Device/RNDIS.o
                                                  ../../../../LUFA/Drivers/USB/Class/Device/MIDI.o
                                                  ../../../../LUFA/Drivers/USB/Class/Device/MassStorage.o
Endpoint_WaitUntilReady                           ../../../../LUFA/Drivers/USB/Core/AVR8/Endpoint_AVR8.o
                                                  ../../../../LUFA/Drivers/USB/Class/Device/RNDIS.o
                                                  ../../../../LUFA/Drivers/USB/Class/Device/MIDI.o
                                                  ../../../../LUFA/Drivers/USB/Class/Device/CDC.o
                                                  ../../../../LUFA/Drivers/USB/Core/EndpointStream.o
Endpoint_Write_Control_EStream_BE                 ../../../../LUFA/Drivers/USB/Core/EndpointStream.o
Endpoint_Write_Control_EStream_LE                 ../../../../LUFA/Drivers/USB/Core/EndpointStream.o
Endpoint_Write_Control_PStream_BE                 ../../../../LUFA/Drivers/USB/Core/EndpointStream.o
Endpoint_Write_Control_PStream_LE                 ../../../../LUFA/Drivers/USB/Core/EndpointStream.o
                                                  ../../../../LUFA/Drivers/USB/Core/DeviceStandardReq.o
Endpoint_Write_Control_Stream_BE                  ../../../../LUFA/Drivers/USB/Core/EndpointStream.o
Endpoint_Write_Control_Stream_LE                  ../../../../LUFA/Drivers/USB/Core/EndpointStream.o
                                                  ../../../../LUFA/Drivers/USB/Class/Device/RNDIS.o
                                                  ../../../../LUFA/Drivers/USB/Class/Device/HID.o
                                                  ../../../../LUFA/Drivers/USB/Class/Device/CDC.o
                                                  ../../../../LUFA/Drivers/USB/Core/DeviceStandardReq.o
Endpoint_Write_EStream_BE                         ../../../../LUFA/Drivers/USB/Core/EndpointStream.o
Endpoint_Write_EStream_LE                         ../../../../LUFA/Drivers/USB/Core/EndpointStream.o
Endpoint_Write_PStream_BE                         ../../../../LUFA/Drivers/USB/Core/EndpointStream.o
Endpoint_Write_PStream_LE                         ../../../../LUFA/Drivers/USB/Core/EndpointStream.o
Endpoint_Write_Stream_BE                          ../../../../LUFA/Drivers/USB/Core/EndpointStream.o
Endpoint_Write_Stream_LE                          ../../../../LUFA/Drivers/USB/Core/EndpointStream.o
                                                  ../../../../LUFA/Drivers/USB/Class/Device/RNDIS.o
                                                  ../../../../LUFA/Drivers/USB/Class/Device/MIDI.o
                                                  ../../../../LUFA/Drivers/USB/Class/Device/MassStorage.o
                                                  ../../../../LUFA/Drivers/USB/Class/Device/HID.o
                                                  ../../../../LUFA/Drivers/USB/Class/Device/CDC.o
HID_Device_ConfigureEndpoints                     ../../../../LUFA/Drivers/USB/Class/Device/HID.o
                                                  Joystick.o
HID_Device_ProcessControlRequest                  ../../../../LUFA/Drivers/USB/Class/Device/HID.o
                                                  Joystick.o
HID_Device_USBTask                                ../../../../LUFA/Drivers/USB/Class/Device/HID.o
                                                  Joystick.o
JoystickReport                                    Descriptors.o
Joystick_HID_Interface                            Joystick.o
LanguageString                                    Descriptors.o
MIDI_Device_ConfigureEndpoints                    ../../../../LUFA/Drivers/USB/Class/Device/MIDI.o
MIDI_Device_Flush                                 ../../../../LUFA/Drivers/USB/Class/Device/MIDI.o
MIDI_Device_ReceiveEventPacket                    ../../../../LUFA/Drivers/USB/Class/Device/MIDI.o
MIDI_Device_SendEventPacket                       ../../../../LUFA/Drivers/USB/Class/Device/MIDI.o
MIDI_Device_USBTask                               ../../../../LUFA/Drivers/USB/Class/Device/MIDI.o
MS_Device_ConfigureEndpoints                      ../../../../LUFA/Drivers/USB/Class/Device/MassStorage.o
MS_Device_ProcessControlRequest                   ../../../../LUFA/Drivers/USB/Class/Device/MassStorage.o
MS_Device_USBTask                                 ../../../../LUFA/Drivers/USB/Class/Device/MassStorage.o
ManufacturerString                                Descriptors.o
ProductString                                     Descriptors.o
RNDIS_Device_ConfigureEndpoints                   ../../../../LUFA/Drivers/USB/Class/Device/RNDIS.o
RNDIS_Device_IsPacketReceived                     ../../../../LUFA/Drivers/USB/Class/Device/RNDIS.o
RNDIS_Device_ProcessControlRequest                ../../../../LUFA/Drivers/USB/Class/Device/RNDIS.o
RNDIS_Device_ReadPacket                           ../../../../LUFA/Drivers/USB/Class/Device/RNDIS.o
RNDIS_Device_SendPacket                           ../../../../LUFA/Drivers/USB/Class/Device/RNDIS.o
RNDIS_Device_USBTask                              ../../../../LUFA/Drivers/USB/Class/Device/RNDIS.o
SetupHardware                                     Joystick.o
USB_ConfigurationNumber                           ../../../../LUFA/Drivers/USB/Core/DeviceStandardReq.o
                                                  ../../../../LUFA/Drivers/USB/Core/AVR8/USBInterrupt_AVR8.o
                                                  ../../../../LUFA/Drivers/USB/Core/AVR8/USBController_AVR8.o
USB_ControlRequest                                ../../../../LUFA/Drivers/USB/Class/Device/RNDIS.o
                                                  ../../../../LUFA/Drivers/USB/Class/Device/MassStorage.o
                                                  ../../../../LUFA/Drivers/USB/Class/Device/HID.o
                                                  ../../../../LUFA/Drivers/USB/Class/Device/CDC.o
                                                  ../../../../LUFA/Drivers/USB/Class/Device/Audio.o
                                                  ../../../../LUFA/Drivers/USB/Core/USBTask.o
                                                  ../../../../LUFA/Drivers/USB/Core/EndpointStream.o
                                                  ../../../../LUFA/Drivers/USB/Core/DeviceStandardReq.o
                                                  ../../../../LUFA/Drivers/USB/Core/AVR8/Endpoint_AVR8.o
USB_CurrentlySelfPowered                          ../../../../LUFA/Drivers/USB/Core/DeviceStandardReq.o
                                                  ../../../../LUFA/Drivers/USB/Core/AVR8/USBController_AVR8.o
USB_DeviceState                                   ../../../../LUFA/Drivers/USB/Class/Device/RNDIS.o
                                                  ../../../../LUFA/Drivers/USB/Class/Device/MIDI.o
                                                  ../../../../LUFA/Drivers/USB/Class/Device/MassStorage.o
                                                  ../../../../LUFA/Drivers/USB/Class/Device/HID.o
                                                  ../../../../LUFA/Drivers/USB/Class/Device/CDC.o
                                                  ../../../../LUFA/Drivers/USB/Core/USBTask.o
                                                  ../../../../LUFA/Drivers/USB/Core/EndpointStream.o
                                                  ../../../../LUFA/Drivers/USB/Core/DeviceStandardReq.o
                                                  ../../../../LUFA/Drivers/USB/Core/AVR8/USBInterrupt_AVR8.o
                                                  ../../../../LUFA/Drivers/USB/Core/AVR8/USBController_AVR8.o
                                                  ../../../../LUFA/Drivers/USB/Core/AVR8/Endpoint_AVR8.o
USB_Device_ProcessControlRequest                  ../../../../LUFA/Drivers/USB/Core/DeviceStandardReq.o
                                                  ../../../../LUFA/Drivers/USB/Core/USBTask.o
USB_Device_SendRemoteWakeup                       ../../../../LUFA/Drivers/USB/Core/AVR8/Device_AVR8.o
USB_Disable                                       ../../../../LUFA/Drivers/USB/Core/AVR8/USBController_AVR8.o
USB_Event_Stub                                    ../../../../LUFA/Drivers/USB/Core/Events.o
USB_GetHIDReportItemInfo                          ../../../../LUFA/Drivers/USB/Class/Common/HIDParser.o
USB_GetHIDReportSize                              ../../../../LUFA/Drivers/USB/Class/Common/HIDParser.o
USB_GetNextDescriptorComp                         ../../../../LUFA/Drivers/USB/Core/ConfigDescriptor.o
USB_GetNextDescriptorOfType                       ../../../../LUFA/Drivers/USB/Core/ConfigDescriptor.o
USB_GetNextDescriptorOfTypeAfter                  ../../../../LUFA/Drivers/USB/Core/ConfigDescriptor.o
USB_GetNextDescriptorOfTypeBefore                 ../../../../LUFA/Drivers/USB/Core/ConfigDescriptor.o
USB_INT_ClearAllInterrupts                        ../../../../LUFA/Drivers/USB/Core/AVR8/USBInterrupt_AVR8.o
                                                  ../../../../LUFA/Drivers/USB/Core/AVR8/USBController_AVR8.o
USB_INT_DisableAllInterrupts                      ../../../../LUFA/Drivers/USB/Core/AVR8/USBInterrupt_AVR8.o
                                                  ../../../../LUFA/Drivers/USB/Core/AVR8/USBController_AVR8.o
USB_Init                                          ../../../../LUFA/Drivers/USB/Core/AVR8/USBController_AVR8.o
                                                  Joystick.o
USB_IsInitialized                                 ../../../../LUFA/Drivers/USB/Core/USBTask.o
                                                  ../../../../LUFA/Drivers/USB/Core/AVR8/USBController_AVR8.o
USB_ProcessHIDReport                              ../../../../LUFA/Drivers/USB/Class/Common/HIDParser.o
USB_RemoteWakeupEnabled                           ../../../../LUFA/Drivers/USB/Core/DeviceStandardReq.o
                                                  ../../../../LUFA/Drivers/USB/Core/AVR8/USBController_AVR8.o
USB_ResetInterface                                ../../../../LUFA/Drivers/USB/Core/AVR8/USBController_AVR8.o
USB_SetHIDReportItemInfo                          ../../../../LUFA/Drivers/USB/Class/Common/HIDParser.o
USB_USBTask                                       ../../../../LUFA/Drivers/USB/Core/USBTask.o
                                                  ../../../../LUFA/Drivers/USB/Class/Device/MassStorage.o
                                                  ../../../../LUFA/Drivers/USB/Class/Device/CDC.o
                                                  ../../../../LUFA/Drivers/USB/Core/EndpointStream.o
                                                  Joystick.o
__bad_interrupt                                   c:/winavr-20100110/bin/../lib/gcc/avr/4.3.3/../../../../avr/lib/avr51/crtusb1287.o
__bss_end                                         c:/winavr-20100110/bin/../lib/gcc/avr/4.3.3/avr51\libgcc.a(_clear_bss.o)
__bss_start                                       c:/winavr-20100110/bin/../lib/gcc/avr/4.3.3/avr51\libgcc.a(_clear_bss.o)
__data_end                                        c:/winavr-20100110/bin/../lib/gcc/avr/4.3.3/../../../../avr/lib/avr51/crtusb1287.o
__data_load_start                                 c:/winavr-20100110/bin/../lib/gcc/avr/4.3.3/../../../../avr/lib/avr51/crtusb1287.o
__data_start                                      c:/winavr-20100110/bin/../lib/gcc/avr/4.3.3/../../../../avr/lib/avr51/crtusb1287.o
__do_clear_bss                                    c:/winavr-20100110/bin/../lib/gcc/avr/4.3.3/avr51\libgcc.a(_clear_bss.o)
                                                  ../../../../LUFA/Drivers/USB/Core/USBTask.o
                                                  ../../../../LUFA/Drivers/USB/Core/DeviceStandardReq.o
                                                  Joystick.o
__do_copy_data                                    c:/winavr-20100110/bin/../lib/gcc/avr/4.3.3/../../../../avr/lib/avr51/crtusb1287.o
                                                  ../../../../LUFA/Drivers/USB/Class/Device/RNDIS.o
                                                  ../../../../LUFA/Drivers/USB/Class/Device/CDC.o
                                                  Joystick.o
__eerd_byte_usb1287                               c:/winavr-20100110/bin/../lib/gcc/avr/4.3.3/../../../../avr/lib/avr51\libc.a(eerd_byte_at90usb1287.o)
                                                  ../../../../LUFA/Drivers/USB/Core/EndpointStream.o
__eeupd_byte_usb1287                              c:/winavr-20100110/bin/../lib/gcc/avr/4.3.3/../../../../avr/lib/avr51\libc.a(eeupd_byte_at90usb1287.o)
                                                  ../../../../LUFA/Drivers/USB/Core/EndpointStream.o
__eeupd_r18_usb1287                               c:/winavr-20100110/bin/../lib/gcc/avr/4.3.3/../../../../avr/lib/avr51\libc.a(eeupd_byte_at90usb1287.o)
__heap_end                                        c:/winavr-20100110/bin/../lib/gcc/avr/4.3.3/../../../../avr/lib/avr51/crtusb1287.o
__init                                            c:/winavr-20100110/bin/../lib/gcc/avr/4.3.3/../../../../avr/lib/avr51/crtusb1287.o
__stack                                           c:/winavr-20100110/bin/../lib/gcc/avr/4.3.3/../../../../avr/lib/avr51/crtusb1287.o
__vector_1                                        c:/winavr-20100110/bin/../lib/gcc/avr/4.3.3/../../../../avr/lib/avr51/crtusb1287.o
__vector_10                                       ../../../../LUFA/Drivers/USB/Core/AVR8/USBInterrupt_AVR8.o
                                                  c:/winavr-20100110/bin/../lib/gcc/avr/4.3.3/../../../../avr/lib/avr51/crtusb1287.o
__vector_11                                       c:/winavr-20100110/bin/../lib/gcc/avr/4.3.3/../../../../avr/lib/avr51/crtusb1287.o
__vector_12                                       c:/winavr-20100110/bin/../lib/gcc/avr/4.3.3/../../../../avr/lib/avr51/crtusb1287.o
__vector_13                                       c:/winavr-20100110/bin/../lib/gcc/avr/4.3.3/../../../../avr/lib/avr51/crtusb1287.o
__vector_14                                       c:/winavr-20100110/bin/../lib/gcc/avr/4.3.3/../../../../avr/lib/avr51/crtusb1287.o
__vector_15                                       c:/winavr-20100110/bin/../lib/gcc/avr/4.3.3/../../../../avr/lib/avr51/crtusb1287.o
__vector_16                                       c:/winavr-20100110/bin/../lib/gcc/avr/4.3.3/../../../../avr/lib/avr51/crtusb1287.o
__vector_17                                       c:/winavr-20100110/bin/../lib/gcc/avr/4.3.3/../../../../avr/lib/avr51/crtusb1287.o
__vector_18                                       c:/winavr-20100110/bin/../lib/gcc/avr/4.3.3/../../../../avr/lib/avr51/crtusb1287.o
__vector_19                                       c:/winavr-20100110/bin/../lib/gcc/avr/4.3.3/../../../../avr/lib/avr51/crtusb1287.o
__vector_2                                        c:/winavr-20100110/bin/../lib/gcc/avr/4.3.3/../../../../avr/lib/avr51/crtusb1287.o
__vector_20                                       c:/winavr-20100110/bin/../lib/gcc/avr/4.3.3/../../../../avr/lib/avr51/crtusb1287.o
__vector_21                                       c:/winavr-20100110/bin/../lib/gcc/avr/4.3.3/../../../../avr/lib/avr51/crtusb1287.o
__vector_22                                       c:/winavr-20100110/bin/../lib/gcc/avr/4.3.3/../../../../avr/lib/avr51/crtusb1287.o
__vector_23                                       c:/winavr-20100110/bin/../lib/gcc/avr/4.3.3/../../../../avr/lib/avr51/crtusb1287.o
__vector_24                                       c:/winavr-20100110/bin/../lib/gcc/avr/4.3.3/../../../../avr/lib/avr51/crtusb1287.o
__vector_25                                       c:/winavr-20100110/bin/../lib/gcc/avr/4.3.3/../../../../avr/lib/avr51/crtusb1287.o
__vector_26                                       c:/winavr-20100110/bin/../lib/gcc/avr/4.3.3/../../../../avr/lib/avr51/crtusb1287.o
__vector_27                                       c:/winavr-20100110/bin/../lib/gcc/avr/4.3.3/../../../../avr/lib/avr51/crtusb1287.o
__vector_28                                       c:/winavr-20100110/bin/../lib/gcc/avr/4.3.3/../../../../avr/lib/avr51/crtusb1287.o
__vector_29                                       c:/winavr-20100110/bin/../lib/gcc/avr/4.3.3/../../../../avr/lib/avr51/crtusb1287.o
__vector_3                                        c:/winavr-20100110/bin/../lib/gcc/avr/4.3.3/../../../../avr/lib/avr51/crtusb1287.o
__vector_30                                       c:/winavr-20100110/bin/../lib/gcc/avr/4.3.3/../../../../avr/lib/avr51/crtusb1287.o
__vector_31                                       c:/winavr-20100110/bin/../lib/gcc/avr/4.3.3/../../../../avr/lib/avr51/crtusb1287.o
__vector_32                                       c:/winavr-20100110/bin/../lib/gcc/avr/4.3.3/../../../../avr/lib/avr51/crtusb1287.o
__vector_33                                       c:/winavr-20100110/bin/../lib/gcc/avr/4.3.3/../../../../avr/lib/avr51/crtusb1287.o
__vector_34                                       c:/winavr-20100110/bin/../lib/gcc/avr/4.3.3/../../../../avr/lib/avr51/crtusb1287.o
__vector_35                                       c:/winavr-20100110/bin/../lib/gcc/avr/4.3.3/../../../../avr/lib/avr51/crtusb1287.o
__vector_36                                       c:/winavr-20100110/bin/../lib/gcc/avr/4.3.3/../../../../avr/lib/avr51/crtusb1287.o
__vector_37                                       c:/winavr-20100110/bin/../lib/gcc/avr/4.3.3/../../../../avr/lib/avr51/crtusb1287.o
__vector_4                                        c:/winavr-20100110/bin/../lib/gcc/avr/4.3.3/../../../../avr/lib/avr51/crtusb1287.o
__vector_5                                        c:/winavr-20100110/bin/../lib/gcc/avr/4.3.3/../../../../avr/lib/avr51/crtusb1287.o
__vector_6                                        c:/winavr-20100110/bin/../lib/gcc/avr/4.3.3/../../../../avr/lib/avr51/crtusb1287.o
__vector_7                                        c:/winavr-20100110/bin/../lib/gcc/avr/4.3.3/../../../../avr/lib/avr51/crtusb1287.o
__vector_8                                        c:/winavr-20100110/bin/../lib/gcc/avr/4.3.3/../../../../avr/lib/avr51/crtusb1287.o
__vector_9                                        c:/winavr-20100110/bin/../lib/gcc/avr/4.3.3/../../../../avr/lib/avr51/crtusb1287.o
__vector_default                                  c:/winavr-20100110/bin/../lib/gcc/avr/4.3.3/../../../../avr/lib/avr51/crtusb1287.o
__vectors                                         c:/winavr-20100110/bin/../lib/gcc/avr/4.3.3/../../../../avr/lib/avr51/crtusb1287.o
_exit                                             c:/winavr-20100110/bin/../lib/gcc/avr/4.3.3/avr51\libgcc.a(_exit.o)
exit                                              c:/winavr-20100110/bin/../lib/gcc/avr/4.3.3/avr51\libgcc.a(_exit.o)
                                                  c:/winavr-20100110/bin/../lib/gcc/avr/4.3.3/../../../../avr/lib/avr51/crtusb1287.o
main                                              Joystick.o
                                                  c:/winavr-20100110/bin/../lib/gcc/avr/4.3.3/../../../../avr/lib/avr51/crtusb1287.o
memcmp                                            c:/winavr-20100110/bin/../lib/gcc/avr/4.3.3/../../../../avr/lib/avr51\libc.a(memcmp.o)
                                                  ../../../../LUFA/Drivers/USB/Class/Device/HID.o
memcpy                                            c:/winavr-20100110/bin/../lib/gcc/avr/4.3.3/../../../../avr/lib/avr51\libc.a(memcpy.o)
                                                  ../../../../LUFA/Drivers/USB/Class/Device/RNDIS.o
                                                  ../../../../LUFA/Drivers/USB/Class/Device/HID.o
memcpy_P                                          c:/winavr-20100110/bin/../lib/gcc/avr/4.3.3/../../../../avr/lib/avr51\libc.a(memcpy_P.o)
                                                  ../../../../LUFA/Drivers/USB/Class/Device/RNDIS.o
memset                                            c:/winavr-20100110/bin/../lib/gcc/avr/4.3.3/../../../../avr/lib/avr51\libc.a(memset.o)
                                                  ../../../../LUFA/Drivers/USB/Class/Device/HID.o
