Archive member included because of file (symbol)

c:/winavr-20100110/bin/../lib/gcc/avr/4.3.3/avr51\libgcc.a(_exit.o)
                              c:/winavr-20100110/bin/../lib/gcc/avr/4.3.3/../../../../avr/lib/avr51/crtusb1287.o (exit)
c:/winavr-20100110/bin/../lib/gcc/avr/4.3.3/avr51\libgcc.a(_clear_bss.o)
                              RNDISEthernet.o (__do_clear_bss)
c:/winavr-20100110/bin/../lib/gcc/avr/4.3.3/../../../../avr/lib/avr51\libc.a(memcpy_P.o)
                              ../../../../LUFA/Drivers/USB/Class/Device/RNDIS.o (memcpy_P)
c:/winavr-20100110/bin/../lib/gcc/avr/4.3.3/../../../../avr/lib/avr51\libc.a(strcpy_P.o)
                              Lib/Webserver.o (strcpy_P)
c:/winavr-20100110/bin/../lib/gcc/avr/4.3.3/../../../../avr/lib/avr51\libc.a(strlen_P.o)
                              Lib/Webserver.o (strlen_P)
c:/winavr-20100110/bin/../lib/gcc/avr/4.3.3/../../../../avr/lib/avr51\libc.a(strncpy_P.o)
                              Lib/Webserver.o (strncpy_P)
c:/winavr-20100110/bin/../lib/gcc/avr/4.3.3/../../../../avr/lib/avr51\libc.a(memcmp.o)
                              Lib/Ethernet.o (memcmp)
c:/winavr-20100110/bin/../lib/gcc/avr/4.3.3/../../../../avr/lib/avr51\libc.a(memcpy.o)
                              Lib/TCP.o (memcpy)
c:/winavr-20100110/bin/../lib/gcc/avr/4.3.3/../../../../avr/lib/avr51\libc.a(memmove.o)
                              Lib/ICMP.o (memmove)
c:/winavr-20100110/bin/../lib/gcc/avr/4.3.3/../../../../avr/lib/avr51\libc.a(memset.o)
                              ../../../../LUFA/Drivers/USB/Class/Device/HID.o (memset)
c:/winavr-20100110/bin/../lib/gcc/avr/4.3.3/../../../../avr/lib/avr51\libc.a(strncmp.o)
                              Lib/Webserver.o (strncmp)
c:/winavr-20100110/bin/../lib/gcc/avr/4.3.3/../../../../avr/lib/avr51\libc.a(iob.o)
                              RNDISEthernet.o (__iob)
c:/winavr-20100110/bin/../lib/gcc/avr/4.3.3/../../../../avr/lib/avr51\libc.a(eerd_byte_at90usb1287.o)
                              ../../../../LUFA/Drivers/USB/Core/EndpointStream.o (__eerd_byte_usb1287)
c:/winavr-20100110/bin/../lib/gcc/avr/4.3.3/../../../../avr/lib/avr51\libc.a(eeupd_byte_at90usb1287.o)
                              ../../../../LUFA/Drivers/USB/Core/EndpointStream.o (__eeupd_byte_usb1287)

Allocating common symbols
Common symbol       size              file

ConnectionStateTable
                    0x642             Lib/TCP.o
USB_IsInitialized   0x1               ../../../../LUFA/Drivers/USB/Core/USBTask.o
USB_CurrentlySelfPowered
                    0x1               ../../../../LUFA/Drivers/USB/Core/DeviceStandardReq.o
USB_RemoteWakeupEnabled
                    0x1               ../../../../LUFA/Drivers/USB/Core/DeviceStandardReq.o
PortStateTable      0x5               Lib/TCP.o
USB_DeviceState     0x1               ../../../../LUFA/Drivers/USB/Core/USBTask.o
USARTSerialStream   0xe               ../../../../LUFA/Drivers/Peripheral/AVR8/Serial_AVR8.o
USB_ControlRequest  0x8               ../../../../LUFA/Drivers/USB/Core/USBTask.o
USB_ConfigurationNumber
                    0x1               ../../../../LUFA/Drivers/USB/Core/DeviceStandardReq.o
__iob               0x6               c:/winavr-20100110/bin/../lib/gcc/avr/4.3.3/../../../../avr/lib/avr51\libc.a(iob.o)

Discarded input sections

 .data          0x00000000        0x0 c:/winavr-20100110/bin/../lib/gcc/avr/4.3.3/../../../../avr/lib/avr51/crtusb1287.o
 .bss           0x00000000        0x0 c:/winavr-20100110/bin/../lib/gcc/avr/4.3.3/../../../../avr/lib/avr51/crtusb1287.o
 .text          0x00000000        0x0 RNDISEthernet.o
 .text          0x00000000        0x0 Descriptors.o
 .data          0x00000000        0x0 Descriptors.o
 .bss           0x00000000        0x0 Descriptors.o
 .text          0x00000000        0x0 Lib/Ethernet.o
 .bss           0x00000000        0x0 Lib/Ethernet.o
 .text          0x00000000        0x0 Lib/ProtocolDecoders.o
 .data          0x00000000        0x0 Lib/ProtocolDecoders.o
 .bss           0x00000000        0x0 Lib/ProtocolDecoders.o
 .text          0x00000000        0x0 Lib/ICMP.o
 .data          0x00000000        0x0 Lib/ICMP.o
 .bss           0x00000000        0x0 Lib/ICMP.o
 .text          0x00000000        0x0 Lib/TCP.o
 .bss           0x00000000        0x0 Lib/TCP.o
 .text          0x00000000        0x0 Lib/UDP.o
 .data          0x00000000        0x0 Lib/UDP.o
 .bss           0x00000000        0x0 Lib/UDP.o
 .text          0x00000000        0x0 Lib/DHCP.o
 .data          0x00000000        0x0 Lib/DHCP.o
 .bss           0x00000000        0x0 Lib/DHCP.o
 .text          0x00000000        0x0 Lib/ARP.o
 .data          0x00000000        0x0 Lib/ARP.o
 .bss           0x00000000        0x0 Lib/ARP.o
 .text          0x00000000        0x0 Lib/IP.o
 .data          0x00000000        0x0 Lib/IP.o
 .bss           0x00000000        0x0 Lib/IP.o
 .text          0x00000000        0x0 Lib/Webserver.o
[...]
Memory Configuration

Name             Origin             Length             Attributes
text             0x00000000         0x00020000         xr
data             0x00800060         0x0000ffa0         rw !x
eeprom           0x00810000         0x00010000         rw !x
fuse             0x00820000         0x00000400         rw !x
lock             0x00830000         0x00000400         rw !x
signature        0x00840000         0x00000400         rw !x
*default*        0x00000000         0xffffffff

Linker script and memory map

Address of section .data set to 0x800100
LOAD c:/winavr-20100110/bin/../lib/gcc/avr/4.3.3/../../../../avr/lib/avr51/crtusb1287.o
LOAD RNDISEthernet.o
LOAD Descriptors.o
LOAD Lib/Ethernet.o
LOAD Lib/ProtocolDecoders.o
LOAD Lib/ICMP.o
LOAD Lib/TCP.o
LOAD Lib/UDP.o
LOAD Lib/DHCP.o
LOAD Lib/ARP.o
LOAD Lib/IP.o
LOAD Lib/Webserver.o
LOAD ../../../../LUFA/Drivers/USB/Core/AVR8/Device_AVR8.o
LOAD ../../../../LUFA/Drivers/USB/Core/AVR8/Endpoint_AVR8.o
LOAD ../../../../LUFA/Drivers/USB/Core/AVR8/Host_AVR8.o
LOAD ../../../../LUFA/Drivers/USB/Core/AVR8/Pipe_AVR8.o
LOAD ../../../../LUFA/Drivers/USB/Core/AVR8/USBController_AVR8.o
LOAD ../../../../LUFA/Drivers/USB/Core/AVR8/USBInterrupt_AVR8.o
LOAD ../../../../LUFA/Drivers/USB/Core/ConfigDescriptor.o
LOAD ../../../../LUFA/Drivers/USB/Core/DeviceStandardReq.o
LOAD ../../../../LUFA/Drivers/USB/Core/Events.o
LOAD ../../../../LUFA/Drivers/USB/Core/EndpointStream.o
LOAD ../../../../LUFA/Drivers/USB/Core/HostStandardReq.o
LOAD ../../../../LUFA/Drivers/USB/Core/PipeStream.o
LOAD ../../../../LUFA/Drivers/USB/Core/USBTask.o
LOAD ../../../../LUFA/Drivers/USB/Class/Common/HIDParser.o
LOAD ../../../../LUFA/Drivers/USB/Class/Device/Audio.o
LOAD ../../../../LUFA/Drivers/USB/Class/Device/CDC.o
LOAD ../../../../LUFA/Drivers/USB/Class/Device/HID.o
LOAD ../../../../LUFA/Drivers/USB/Class/Device/MassStorage.o
LOAD ../../../../LUFA/Drivers/USB/Class/Device/MIDI.o
LOAD ../../../../LUFA/Drivers/USB/Class/Device/RNDIS.o
LOAD ../../../../LUFA/Drivers/USB/Class/Host/CDC.o
LOAD ../../../../LUFA/Drivers/USB/Class/Host/HID.o
LOAD ../../../../LUFA/Drivers/USB/Class/Host/MassStorage.o
LOAD ../../../../LUFA/Drivers/USB/Class/Host/MIDI.o
LOAD ../../../../LUFA/Drivers/USB/Class/Host/Printer.o
LOAD ../../../../LUFA/Drivers/USB/Class/Host/RNDIS.o
LOAD ../../../../LUFA/Drivers/USB/Class/Host/StillImage.o
LOAD ../../../../LUFA/Drivers/Peripheral/AVR8/Serial_AVR8.o
LOAD c:/winavr-20100110/bin/../lib/gcc/avr/4.3.3/../../../../avr/lib/avr51\libm.a
LOAD c:/winavr-20100110/bin/../lib/gcc/avr/4.3.3/avr51\libgcc.a
LOAD c:/winavr-20100110/bin/../lib/gcc/avr/4.3.3/../../../../avr/lib/avr51\libc.a
LOAD c:/winavr-20100110/bin/../lib/gcc/avr/4.3.3/avr51\libgcc.a

.hash
 *(.hash)

.dynsym
 *(.dynsym)

.dynstr
 *(.dynstr)

.gnu.version
 *(.gnu.version)

.gnu.version_d
 *(.gnu.version_d)

.gnu.version_r
 *(.gnu.version_r)

.rel.init
 *(.rel.init)

.rela.init
 *(.rela.init)

.rel.text
 *(.rel.text)
 *(.rel.text.*)
 *(.rel.gnu.linkonce.t*)

.rela.text
 *(.rela.text)
 *(.rela.text.*)
 *(.rela.gnu.linkonce.t*)

.rel.fini
 *(.rel.fini)

.rela.fini
 *(.rela.fini)

.rel.rodata
 *(.rel.rodata)
 *(.rel.rodata.*)
 *(.rel.gnu.linkonce.r*)

.rela.rodata
 *(.rela.rodata)
 *(.rela.rodata.*)
 *(.rela.gnu.linkonce.r*)

.rel.data
 *(.rel.data)
 *(.rel.data.*)
 *(.rel.gnu.linkonce.d*)

.rela.data
 *(.rela.data)
 *(.rela.data.*)
 *(.rela.gnu.linkonce.d*)

.rel.ctors
 *(.rel.ctors)

.rela.ctors
 *(.rela.ctors)

.rel.dtors
 *(.rel.dtors)

.rela.dtors
 *(.rela.dtors)

.rel.got
 *(.rel.got)

.rela.got
 *(.rela.got)

.rel.bss
 *(.rel.bss)

.rela.bss
 *(.rela.bss)

.rel.plt
 *(.rel.plt)

.rela.plt
 *(.rela.plt)

.text           0x00000000     0x2f60
 *(.vectors)
 .vectors       0x00000000       0x98 c:/winavr-20100110/bin/../lib/gcc/avr/4.3.3/../../../../avr/lib/avr51/crtusb1287.o
                0x00000000                __vectors
                0x00000000                __vector_default
 *(.vectors)
 *(.progmem.gcc*)
 *(.progmem*)
 .progmem.data  0x00000098       0x98 Descriptors.o
                0x000000ec                ManufacturerString
                0x000000e8                LanguageString
                0x00000098                DeviceDescriptor
                0x00000106                ProductString
                0x000000aa                ConfigurationDescriptor
 .progmem.data  0x00000130      0x286 Lib/Webserver.o
                0x00000130                HTTP200Header
                0x00000184                HTTP404Header
                0x000001c6                HTTPPage
 .progmem.data  0x000003b6       0x6c ../../../../LUFA/Drivers/USB/Class/Device/RNDIS.o
                0x00000422                . = ALIGN (0x2)
                0x00000422                __trampolines_start = .
 *(.trampolines)
 .trampolines   0x00000422        0x0 linker stubs
 *(.trampolines*)
                0x00000422                __trampolines_end = .
 *(.jumptables)
 *(.jumptables*)
 *(.lowtext)
 *(.lowtext*)
                0x00000422                __ctors_start = .
 *(.ctors)
                0x00000422                __ctors_end = .
                0x00000422                __dtors_start = .
 *(.dtors)
                0x00000422                __dtors_end = .
 SORT(*)(.ctors)
 SORT(*)(.dtors)
 *(.init0)
 .init0         0x00000422        0x0 c:/winavr-20100110/bin/../lib/gcc/avr/4.3.3/../../../../avr/lib/avr51/crtusb1287.o
                0x00000422                __init
 *(.init0)
 *(.init1)
 *(.init1)
 *(.init2)
 .init2         0x00000422        0xc c:/winavr-20100110/bin/../lib/gcc/avr/4.3.3/../../../../avr/lib/avr51/crtusb1287.o
 *(.init2)
 *(.init3)
 *(.init3)
 *(.init4)
 .init4         0x0000042e       0x1a c:/winavr-20100110/bin/../lib/gcc/avr/4.3.3/../../../../avr/lib/avr51/crtusb1287.o
                0x0000042e                __do_copy_data
 .init4         0x00000448       0x10 c:/winavr-20100110/bin/../lib/gcc/avr/4.3.3/avr51\libgcc.a(_clear_bss.o)
                0x00000448                __do_clear_bss
 *(.init4)
 *(.init5)
 *(.init5)
 *(.init6)
 *(.init6)
 *(.init7)
 *(.init7)
 *(.init8)
 *(.init8)
 *(.init9)
 .init9         0x00000458        0x6 c:/winavr-20100110/bin/../lib/gcc/avr/4.3.3/../../../../avr/lib/avr51/crtusb1287.o
 *(.init9)
 *(.text)
 .text          0x0000045e        0x2 c:/winavr-20100110/bin/../lib/gcc/avr/4.3.3/../../../../avr/lib/avr51/crtusb1287.o
                0x0000045e                __vector_22
                0x0000045e                __vector_28
                0x0000045e                __vector_1
                0x0000045e                __vector_32
                0x0000045e                __vector_34
                0x0000045e                __vector_24
                0x0000045e                __vector_12
                0x0000045e                __bad_interrupt
                0x0000045e                __vector_6
                0x0000045e                __vector_31
                0x0000045e                __vector_35
                0x0000045e                __vector_3
                0x0000045e                __vector_23
                0x0000045e                __vector_30
                0x0000045e                __vector_25
                0x0000045e                __vector_11
                0x0000045e                __vector_13
                0x0000045e                __vector_17
                0x0000045e                __vector_19
                0x0000045e                __vector_7
                0x0000045e                __vector_27
                0x0000045e                __vector_5
                0x0000045e                __vector_33
                0x0000045e                __vector_37
                0x0000045e                __vector_4
                0x0000045e                __vector_9
                0x0000045e                __vector_2
                0x0000045e                __vector_21
                0x0000045e                __vector_15
                0x0000045e                __vector_36
                0x0000045e                __vector_29
                0x0000045e                __vector_8
                0x0000045e                __vector_26
                0x0000045e                __vector_14
                0x0000045e                __vector_16
                0x0000045e                __vector_18
                0x0000045e                __vector_20
                0x00000460                . = ALIGN (0x2)
 *(.text.*)
 .text.EVENT_USB_Device_Connect
                0x00000460        0xa RNDISEthernet.o
                0x00000460                EVENT_USB_Device_Connect
 .text.EVENT_USB_Device_Disconnect
                0x0000046a        0xa RNDISEthernet.o
                0x0000046a                EVENT_USB_Device_Disconnect
 .text.EVENT_USB_Device_ControlRequest
                0x00000474        0x8 RNDISEthernet.o
                0x00000474                EVENT_USB_Device_ControlRequest
 .text.EVENT_USB_Device_ConfigurationChanged
                0x0000047c       0x1c RNDISEthernet.o
                0x0000047c                EVENT_USB_Device_ConfigurationChanged
 .text.SetupHardware
                0x00000498       0x96 RNDISEthernet.o
                0x00000498                SetupHardware
 .text.main     0x0000052e       0x82 RNDISEthernet.o
                0x0000052e                main
 .text.CALLBACK_USB_GetDescriptor
                0x000005b0       0x5c Descriptors.o
                0x000005b0                CALLBACK_USB_GetDescriptor
 .text.Ethernet_Checksum16
                0x0000060c       0x64 Lib/Ethernet.o
                0x0000060c                Ethernet_Checksum16
 .text.Ethernet_ProcessPacket
                0x00000670       0xe6 Lib/Ethernet.o
                0x00000670                Ethernet_ProcessPacket
 .text.DecodeEthernetFrameHeader
                0x00000756        0x2 Lib/ProtocolDecoders.o
                0x00000756                DecodeEthernetFrameHeader
 .text.DecodeARPHeader
                0x00000758        0x2 Lib/ProtocolDecoders.o
                0x00000758                DecodeARPHeader
 .text.DecodeIPHeader
                0x0000075a        0x2 Lib/ProtocolDecoders.o
                0x0000075a                DecodeIPHeader
 .text.DecodeICMPHeader
                0x0000075c        0x2 Lib/ProtocolDecoders.o
                0x0000075c                DecodeICMPHeader
 .text.DecodeTCPHeader
                0x0000075e        0x2 Lib/ProtocolDecoders.o
                0x0000075e                DecodeTCPHeader
 .text.DecodeUDPHeader
                0x00000760        0x2 Lib/ProtocolDecoders.o
                0x00000760                DecodeUDPHeader
 .text.DecodeDHCPHeader
                0x00000762        0x2 Lib/ProtocolDecoders.o
                0x00000762                DecodeDHCPHeader
 .text.ICMP_ProcessICMPPacket
                0x00000764       0x8a Lib/ICMP.o
                0x00000764                ICMP_ProcessICMPPacket
 .text.TCP_Init
                0x000007ee       0x14 Lib/TCP.o
                0x000007ee                TCP_Init
 .text.TCP_SetPortState
                0x00000802       0xaa Lib/TCP.o
                0x00000802                TCP_SetPortState
 .text.TCP_GetPortState
                0x000008ac       0x56 Lib/TCP.o
                0x000008ac                TCP_GetPortState
 .text.TCP_Checksum16
                0x00000902      0x14a Lib/TCP.o
 .text.TCP_GetConnectionInfo
                0x00000a4c       0xd4 Lib/TCP.o
                0x00000a4c                TCP_GetConnectionInfo
 .text.TCP_GetConnectionState
                0x00000b20       0xd2 Lib/TCP.o
                0x00000b20                TCP_GetConnectionState
 .text.TCP_SetConnectionState
                0x00000bf2      0x154 Lib/TCP.o
                0x00000bf2                TCP_SetConnectionState
 .text.TCP_ProcessTCPPacket
                0x00000d46      0x59c Lib/TCP.o
                0x00000d46                TCP_ProcessTCPPacket
 .text.TCP_TCPTask
                0x000012e2      0x30a Lib/TCP.o
                0x000012e2                TCP_TCPTask
 .text.UDP_ProcessUDPPacket
                0x000015ec       0x74 Lib/UDP.o
                0x000015ec                UDP_ProcessUDPPacket
 .text.DHCP_ProcessDHCPPacket
                0x00001660      0x1b0 Lib/DHCP.o
                0x00001660                DHCP_ProcessDHCPPacket
 .text.ARP_ProcessARPPacket
                0x00001810       0xfe Lib/ARP.o
                0x00001810                ARP_ProcessARPPacket
 .text.IP_ProcessIPPacket
                0x0000190e      0x116 Lib/IP.o
                0x0000190e                IP_ProcessIPPacket
 .text.IsHTTPCommand
                0x00001a24       0x20 Lib/Webserver.o
 .text.Webserver_ApplicationCallback
                0x00001a44      0x1ac Lib/Webserver.o
                0x00001a44                Webserver_ApplicationCallback
 .text.Webserver_Init
                0x00001bf0        0xe Lib/Webserver.o
                0x00001bf0                Webserver_Init
 .text.Endpoint_ConfigureEndpoint_Prv
                0x00001bfe       0x6a ../../../../LUFA/Drivers/USB/Core/AVR8/Endpoint_AVR8.o
                0x00001bfe                Endpoint_ConfigureEndpoint_Prv
 .text.Endpoint_ClearStatusStage
                0x00001c68       0x42 ../../../../LUFA/Drivers/USB/Core/AVR8/Endpoint_AVR8.o
                0x00001c68                Endpoint_ClearStatusStage
 .text.Endpoint_WaitUntilReady
                0x00001caa       0x64 ../../../../LUFA/Drivers/USB/Core/AVR8/Endpoint_AVR8.o
                0x00001caa                Endpoint_WaitUntilReady
 .text.USB_ResetInterface
                0x00001d0e       0x92 ../../../../LUFA/Drivers/USB/Core/AVR8/USBController_AVR8.o
                0x00001d0e                USB_ResetInterface
 .text.USB_Init
                0x00001da0       0x12 ../../../../LUFA/Drivers/USB/Core/AVR8/USBController_AVR8.o
                0x00001da0                USB_Init
 .text.USB_INT_DisableAllInterrupts
                0x00001db2       0x10 ../../../../LUFA/Drivers/USB/Core/AVR8/USBInterrupt_AVR8.o
                0x00001db2                USB_INT_DisableAllInterrupts
 .text.USB_INT_ClearAllInterrupts
                0x00001dc2        0xa ../../../../LUFA/Drivers/USB/Core/AVR8/USBInterrupt_AVR8.o
                0x00001dc2                USB_INT_ClearAllInterrupts
 .text.__vector_10
                0x00001dcc      0x198 ../../../../LUFA/Drivers/USB/Core/AVR8/USBInterrupt_AVR8.o
                0x00001dcc                __vector_10
 .text.USB_Device_ProcessControlRequest
                0x00001f64      0x30e ../../../../LUFA/Drivers/USB/Core/DeviceStandardReq.o
                0x00001f64                USB_Device_ProcessControlRequest
 .text.USB_Event_Stub
                0x00002272        0x2 ../../../../LUFA/Drivers/USB/Core/Events.o
                0x00002272                EVENT_USB_Device_WakeUp
                0x00002272                USB_Event_Stub
                0x00002272                EVENT_USB_Device_Suspend
                0x00002272                EVENT_USB_Device_StartOfFrame
                0x00002272                EVENT_USB_Device_Reset
 .text.Endpoint_Write_Control_Stream_LE
                0x00002274       0xbc ../../../../LUFA/Drivers/USB/Core/EndpointStream.o
                0x00002274                Endpoint_Write_Control_Stream_LE
 .text.Endpoint_Read_Control_Stream_LE
                0x00002330       0x82 ../../../../LUFA/Drivers/USB/Core/EndpointStream.o
                0x00002330                Endpoint_Read_Control_Stream_LE
 .text.Endpoint_Write_Control_PStream_LE
                0x000023b2       0xc2 ../../../../LUFA/Drivers/USB/Core/EndpointStream.o
                0x000023b2                Endpoint_Write_Control_PStream_LE
 .text.Endpoint_Read_Stream_LE
                0x00002474       0xa4 ../../../../LUFA/Drivers/USB/Core/EndpointStream.o
                0x00002474                Endpoint_Read_Stream_LE
 .text.Endpoint_Write_Stream_LE
                0x00002518       0xa4 ../../../../LUFA/Drivers/USB/Core/EndpointStream.o
                0x00002518                Endpoint_Write_Stream_LE
 .text.USB_USBTask
                0x000025bc       0x26 ../../../../LUFA/Drivers/USB/Core/USBTask.o
                0x000025bc                USB_USBTask
 .text.RNDIS_Device_IsPacketReceived
                0x000025e2       0x34 ../../../../LUFA/Drivers/USB/Class/Device/RNDIS.o
                0x000025e2                RNDIS_Device_IsPacketReceived
 .text.RNDIS_Device_SendPacket
                0x00002616       0xe2 ../../../../LUFA/Drivers/USB/Class/Device/RNDIS.o
                0x00002616                RNDIS_Device_SendPacket
 .text.RNDIS_Device_USBTask
                0x000026f8       0x8a ../../../../LUFA/Drivers/USB/Class/Device/RNDIS.o
                0x000026f8                RNDIS_Device_USBTask
 .text.RNDIS_Device_ReadPacket
                0x00002782       0xbc ../../../../LUFA/Drivers/USB/Class/Device/RNDIS.o
                0x00002782                RNDIS_Device_ReadPacket
 .text.RNDIS_Device_ConfigureEndpoints
                0x0000283e       0x92 ../../../../LUFA/Drivers/USB/Class/Device/RNDIS.o
                0x0000283e                RNDIS_Device_ConfigureEndpoints
 .text.RNDIS_Device_ProcessControlRequest
                0x000028d0      0x596 ../../../../LUFA/Drivers/USB/Class/Device/RNDIS.o
                0x000028d0                RNDIS_Device_ProcessControlRequest
 .text.Serial_putchar
                0x00002e66       0x14 ../../../../LUFA/Drivers/Peripheral/AVR8/Serial_AVR8.o
                0x00002e66                Serial_putchar
 .text.Serial_getchar
                0x00002e7a       0x28 ../../../../LUFA/Drivers/Peripheral/AVR8/Serial_AVR8.o
                0x00002e7a                Serial_getchar
 .text.avr-libc
                0x00002ea2       0x12 c:/winavr-20100110/bin/../lib/gcc/avr/4.3.3/../../../../avr/lib/avr51\libc.a(memcpy_P.o)
                0x00002ea2                memcpy_P
 .text.avr-libc
                0x00002eb4        0xe c:/winavr-20100110/bin/../lib/gcc/avr/4.3.3/../../../../avr/lib/avr51\libc.a(strcpy_P.o)
                0x00002eb4                strcpy_P
 .text.avr-libc
                0x00002ec2       0x12 c:/winavr-20100110/bin/../lib/gcc/avr/4.3.3/../../../../avr/lib/avr51\libc.a(strlen_P.o)
                0x00002ec2                strlen_P
 .text.avr-libc
                0x00002ed4       0x1e c:/winavr-20100110/bin/../lib/gcc/avr/4.3.3/../../../../avr/lib/avr51\libc.a(strncpy_P.o)
                0x00002ed4                strncpy_P
 .text.avr-libc
                0x00002ef2       0x1a c:/winavr-20100110/bin/../lib/gcc/avr/4.3.3/../../../../avr/lib/avr51\libc.a(memcmp.o)
                0x00002ef2                memcmp
 .text.avr-libc
                0x00002f0c       0x12 c:/winavr-20100110/bin/../lib/gcc/avr/4.3.3/../../../../avr/lib/avr51\libc.a(memcpy.o)
                0x00002f0c                memcpy
 .text.avr-libc
                0x00002f1e       0x22 c:/winavr-20100110/bin/../lib/gcc/avr/4.3.3/../../../../avr/lib/avr51\libc.a(memmove.o)
                0x00002f1e                memmove
 .text.avr-libc
                0x00002f40       0x1c c:/winavr-20100110/bin/../lib/gcc/avr/4.3.3/../../../../avr/lib/avr51\libc.a(strncmp.o)
                0x00002f40                strncmp
                0x00002f5c                . = ALIGN (0x2)
 *(.fini9)
 .fini9         0x00002f5c        0x0 c:/winavr-20100110/bin/../lib/gcc/avr/4.3.3/avr51\libgcc.a(_exit.o)
                0x00002f5c                exit
                0x00002f5c                _exit
 *(.fini9)
 *(.fini8)
 *(.fini8)
 *(.fini7)
 *(.fini7)
 *(.fini6)
 *(.fini6)
 *(.fini5)
 *(.fini5)
 *(.fini4)
 *(.fini4)
 *(.fini3)
 *(.fini3)
 *(.fini2)
 *(.fini2)
 *(.fini1)
 *(.fini1)
 *(.fini0)
 .fini0         0x00002f5c        0x4 c:/winavr-20100110/bin/../lib/gcc/avr/4.3.3/avr51\libgcc.a(_exit.o)
 *(.fini0)
                0x00002f60                _etext = .

.data           0x00800100       0xf8 load address 0x00002f60
                0x00800100                PROVIDE (__data_start, .)
 *(.data)
 .data          0x00800100       0xb3 RNDISEthernet.o
                0x00800118                Ethernet_RNDIS_Interface
 .data          0x008001b3       0x18 Lib/Ethernet.o
                0x008001b3                ServerMACAddress
                0x008001c7                ClientIPAddress
                0x008001bd                BroadcastMACAddress
                0x008001b9                ServerIPAddress
                0x008001c3                BroadcastIPAddress
 .data          0x008001cb        0x6 Lib/TCP.o
 .data          0x008001d1       0x1e Lib/Webserver.o
 .data          0x008001ef        0x8 ../../../../LUFA/Drivers/USB/Class/Device/RNDIS.o
 *(.data*)
 *(.rodata)
 *(.rodata*)
 *(.gnu.linkonce.d*)
                0x008001f8                . = ALIGN (0x2)
 *fill*         0x008001f7        0x1 00
                0x008001f8                _edata = .
                0x008001f8                PROVIDE (__data_end, .)

.bss            0x008001f8     0x1225
                0x008001f8                PROVIDE (__bss_start, .)
 *(.bss)
 .bss           0x008001f8      0xbbc RNDISEthernet.o
 .bss           0x00800db4        0x1 Lib/Webserver.o
 *(.bss*)
 *(COMMON)
 COMMON         0x00800db5      0x647 Lib/TCP.o
                0x00800db5                ConnectionStateTable
                0x008013f7                PortStateTable
 COMMON         0x008013fc        0x3 ../../../../LUFA/Drivers/USB/Core/DeviceStandardReq.o
                0x008013fc                USB_CurrentlySelfPowered
                0x008013fd                USB_RemoteWakeupEnabled
                0x008013fe                USB_ConfigurationNumber
 COMMON         0x008013ff        0xa ../../../../LUFA/Drivers/USB/Core/USBTask.o
                0x008013ff                USB_IsInitialized
                0x00801400                USB_DeviceState
                0x00801401                USB_ControlRequest
 COMMON         0x00801409        0xe ../../../../LUFA/Drivers/Peripheral/AVR8/Serial_AVR8.o
                0x00801409                USARTSerialStream
 COMMON         0x00801417        0x6 c:/winavr-20100110/bin/../lib/gcc/avr/4.3.3/../../../../avr/lib/avr51\libc.a(iob.o)
                0x00801417                __iob
                0x0080141d                PROVIDE (__bss_end, .)
                0x00002f60                __data_load_start = LOADADDR (.data)
                0x00003058                __data_load_end = (__data_load_start + SIZEOF (.data))

.noinit         0x0080141d        0x0
                0x0080141d                PROVIDE (__noinit_start, .)
 *(.noinit*)
                0x0080141d                PROVIDE (__noinit_end, .)
                0x0080141d                _end = .
                0x0080141d                PROVIDE (__heap_start, .)

.eeprom         0x00810000        0x0
 *(.eeprom*)
                0x00810000                __eeprom_end = .

.fuse
 *(.fuse)
 *(.lfuse)
 *(.hfuse)
 *(.efuse)

.lock
 *(.lock*)

.signature
 *(.signature*)

.stab
 *(.stab)

.stabstr
 *(.stabstr)

.stab.excl
 *(.stab.excl)

.stab.exclstr
 *(.stab.exclstr)

.stab.index
 *(.stab.index)

.stab.indexstr
 *(.stab.indexstr)

.comment
 *(.comment)

.debug
 *(.debug)

.line
 *(.line)

.debug_srcinfo
 *(.debug_srcinfo)

.debug_sfnames
 *(.debug_sfnames)

.debug_aranges  0x00000000      0x650
 *(.debug_aranges)
 .debug_aranges
                0x00000000       0x48 RNDISEthernet.o
 .debug_aranges
                0x00000048       0x20 Descriptors.o
 .debug_aranges
                0x00000068       0x28 Lib/Ethernet.o
 .debug_aranges
                0x00000090       0x50 Lib/ProtocolDecoders.o
 .debug_aranges
                0x000000e0       0x20 Lib/ICMP.o
 .debug_aranges
                0x00000100       0x60 Lib/TCP.o
 .debug_aranges
                0x00000160       0x20 Lib/UDP.o
 .debug_aranges
                0x00000180       0x20 Lib/DHCP.o
 .debug_aranges
                0x000001a0       0x20 Lib/ARP.o
 .debug_aranges
                0x000001c0       0x20 Lib/IP.o
 .debug_aranges
                0x000001e0       0x30 Lib/Webserver.o
 .debug_aranges
                0x00000210       0x20 ../../../../LUFA/Drivers/USB/Core/AVR8/Device_AVR8.o
 .debug_aranges
                0x00000230       0x38 ../../../../LUFA/Drivers/USB/Core/AVR8/Endpoint_AVR8.o
 .debug_aranges
                0x00000268       0x30 ../../../../LUFA/Drivers/USB/Core/AVR8/USBController_AVR8.o
 .debug_aranges
                0x00000298       0x30 ../../../../LUFA/Drivers/USB/Core/AVR8/USBInterrupt_AVR8.o
 .debug_aranges
                0x000002c8       0x38 ../../../../LUFA/Drivers/USB/Core/ConfigDescriptor.o
 .debug_aranges
                0x00000300       0x20 ../../../../LUFA/Drivers/USB/Core/DeviceStandardReq.o
 .debug_aranges
                0x00000320       0x20 ../../../../LUFA/Drivers/USB/Core/Events.o
 .debug_aranges
                0x00000340       0xc8 ../../../../LUFA/Drivers/USB/Core/EndpointStream.o
 .debug_aranges
                0x00000408       0x20 ../../../../LUFA/Drivers/USB/Core/USBTask.o
 .debug_aranges
                0x00000428       0x38 ../../../../LUFA/Drivers/USB/Class/Common/HIDParser.o
 .debug_aranges
                0x00000460       0x28 ../../../../LUFA/Drivers/USB/Class/Device/Audio.o
 .debug_aranges
                0x00000488       0x98 ../../../../LUFA/Drivers/USB/Class/Device/CDC.o
 .debug_aranges
                0x00000520       0x30 ../../../../LUFA/Drivers/USB/Class/Device/HID.o
 .debug_aranges
                0x00000550       0x30 ../../../../LUFA/Drivers/USB/Class/Device/MassStorage.o
 .debug_aranges
                0x00000580       0x40 ../../../../LUFA/Drivers/USB/Class/Device/MIDI.o
 .debug_aranges
                0x000005c0       0x48 ../../../../LUFA/Drivers/USB/Class/Device/RNDIS.o
 .debug_aranges
                0x00000608       0x48 ../../../../LUFA/Drivers/Peripheral/AVR8/Serial_AVR8.o

.debug_pubnames
                0x00000000     0x1064
 *(.debug_pubnames)
 .debug_pubnames
                0x00000000       0xd5 RNDISEthernet.o
 .debug_pubnames
                0x000000d5       0x9e Descriptors.o
 .debug_pubnames
                0x00000173       0xb1 Lib/Ethernet.o
 .debug_pubnames
                0x00000224       0xa9 Lib/ProtocolDecoders.o
 .debug_pubnames
                0x000002cd       0x2d Lib/ICMP.o
 .debug_pubnames
                0x000002fa       0xee Lib/TCP.o
 .debug_pubnames
                0x000003e8       0x2b Lib/UDP.o
 .debug_pubnames
                0x00000413       0x2d Lib/DHCP.o
 .debug_pubnames
                0x00000440       0x2b Lib/ARP.o
 .debug_pubnames
                0x0000046b       0x29 Lib/IP.o
 .debug_pubnames
                0x00000494       0x78 Lib/Webserver.o
 .debug_pubnames
                0x0000050c       0x32 ../../../../LUFA/Drivers/USB/Core/AVR8/Device_AVR8.o
 .debug_pubnames
                0x0000053e       0x8b ../../../../LUFA/Drivers/USB/Core/AVR8/Endpoint_AVR8.o
 .debug_pubnames
                0x000005c9       0x46 ../../../../LUFA/Drivers/USB/Core/AVR8/USBController_AVR8.o
 .debug_pubnames
                0x0000060f       0x62 ../../../../LUFA/Drivers/USB/Core/AVR8/USBInterrupt_AVR8.o
 .debug_pubnames
                0x00000671       0x9b ../../../../LUFA/Drivers/USB/Core/ConfigDescriptor.o
 .debug_pubnames
                0x0000070c       0x8c ../../../../LUFA/Drivers/USB/Core/DeviceStandardReq.o
 .debug_pubnames
                0x00000798       0x25 ../../../../LUFA/Drivers/USB/Core/Events.o
 .debug_pubnames
                0x000007bd      0x2df ../../../../LUFA/Drivers/USB/Core/EndpointStream.o
 .debug_pubnames
                0x00000a9c       0x63 ../../../../LUFA/Drivers/USB/Core/USBTask.o
 .debug_pubnames
                0x00000aff       0x7e ../../../../LUFA/Drivers/USB/Class/Common/HIDParser.o
 .debug_pubnames
                0x00000b7d       0x5d ../../../../LUFA/Drivers/USB/Class/Device/Audio.o
 .debug_pubnames
                0x00000bda      0x18b ../../../../LUFA/Drivers/USB/Class/Device/CDC.o
 .debug_pubnames
                0x00000d65       0x70 ../../../../LUFA/Drivers/USB/Class/Device/HID.o
 .debug_pubnames
                0x00000dd5       0x6d ../../../../LUFA/Drivers/USB/Class/Device/MassStorage.o
 .debug_pubnames
                0x00000e42       0xa6 ../../../../LUFA/Drivers/USB/Class/Device/MIDI.o
 .debug_pubnames
                0x00000ee8       0xd0 ../../../../LUFA/Drivers/USB/Class/Device/RNDIS.o
 .debug_pubnames
                0x00000fb8       0xac ../../../../LUFA/Drivers/Peripheral/AVR8/Serial_AVR8.o

.debug_info     0x00000000     0xaea8
 *(.debug_info)
 .debug_info    0x00000000      0x5a2 RNDISEthernet.o
 .debug_info    0x000005a2      0x691 Descriptors.o
 .debug_info    0x00000c33      0x4a0 Lib/Ethernet.o
 .debug_info    0x000010d3      0x300 Lib/ProtocolDecoders.o
 .debug_info    0x000013d3      0x2bd Lib/ICMP.o
 .debug_info    0x00001690      0xeed Lib/TCP.o
 .debug_info    0x0000257d      0x2f0 Lib/UDP.o
 .debug_info    0x0000286d      0x4f9 Lib/DHCP.o
 .debug_info    0x00002d66      0x40e Lib/ARP.o
 .debug_info    0x00003174      0x3e9 Lib/IP.o
 .debug_info    0x0000355d      0x501 Lib/Webserver.o
 .debug_info    0x00003a5e       0xc4 ../../../../LUFA/Drivers/USB/Core/AVR8/Device_AVR8.o
 .debug_info    0x00003b22      0x44d ../../../../LUFA/Drivers/USB/Core/AVR8/Endpoint_AVR8.o
 .debug_info    0x00003f6f        0x0 ../../../../LUFA/Drivers/USB/Core/AVR8/Host_AVR8.o
 .debug_info    0x00003f6f        0x0 ../../../../LUFA/Drivers/USB/Core/AVR8/Pipe_AVR8.o
 .debug_info    0x00003f6f      0x4bf ../../../../LUFA/Drivers/USB/Core/AVR8/USBController_AVR8.o
 .debug_info    0x0000442e      0x56d ../../../../LUFA/Drivers/USB/Core/AVR8/USBInterrupt_AVR8.o
 .debug_info    0x0000499b      0x34e ../../../../LUFA/Drivers/USB/Core/ConfigDescriptor.o
 .debug_info    0x00004ce9      0xa67 ../../../../LUFA/Drivers/USB/Core/DeviceStandardReq.o
 .debug_info    0x00005750       0x79 ../../../../LUFA/Drivers/USB/Core/Events.o
 .debug_info    0x000057c9     0x157b ../../../../LUFA/Drivers/USB/Core/EndpointStream.o
 .debug_info    0x00006d44        0x0 ../../../../LUFA/Drivers/USB/Core/HostStandardReq.o
 .debug_info    0x00006d44        0x0 ../../../../LUFA/Drivers/USB/Core/PipeStream.o
 .debug_info    0x00006d44      0x23b ../../../../LUFA/Drivers/USB/Core/USBTask.o
 .debug_info    0x00006f7f      0x6f5 ../../../../LUFA/Drivers/USB/Class/Common/HIDParser.o
 .debug_info    0x00007674      0x3ca ../../../../LUFA/Drivers/USB/Class/Device/Audio.o
 .debug_info    0x00007a3e      0xbcb ../../../../LUFA/Drivers/USB/Class/Device/CDC.o
 .debug_info    0x00008609      0x679 ../../../../LUFA/Drivers/USB/Class/Device/HID.o
 .debug_info    0x00008c82      0x8d5 ../../../../LUFA/Drivers/USB/Class/Device/MassStorage.o
 .debug_info    0x00009557      0x5c4 ../../../../LUFA/Drivers/USB/Class/Device/MIDI.o
 .debug_info    0x00009b1b      0xfb4 ../../../../LUFA/Drivers/USB/Class/Device/RNDIS.o
 .debug_info    0x0000aacf        0x0 ../../../../LUFA/Drivers/USB/Class/Host/CDC.o
 .debug_info    0x0000aacf        0x0 ../../../../LUFA/Drivers/USB/Class/Host/HID.o
 .debug_info    0x0000aacf        0x0 ../../../../LUFA/Drivers/USB/Class/Host/MassStorage.o
 .debug_info    0x0000aacf        0x0 ../../../../LUFA/Drivers/USB/Class/Host/MIDI.o
 .debug_info    0x0000aacf        0x0 ../../../../LUFA/Drivers/USB/Class/Host/Printer.o
 .debug_info    0x0000aacf        0x0 ../../../../LUFA/Drivers/USB/Class/Host/RNDIS.o
 .debug_info    0x0000aacf        0x0 ../../../../LUFA/Drivers/USB/Class/Host/StillImage.o
 .debug_info    0x0000aacf      0x3d9 ../../../../LUFA/Drivers/Peripheral/AVR8/Serial_AVR8.o
 *(.gnu.linkonce.wi.*)

.debug_abbrev   0x00000000     0x31ee
 *(.debug_abbrev)
 .debug_abbrev  0x00000000      0x21c RNDISEthernet.o
 .debug_abbrev  0x0000021c      0x154 Descriptors.o
 .debug_abbrev  0x00000370      0x214 Lib/Ethernet.o
 .debug_abbrev  0x00000584      0x129 Lib/ProtocolDecoders.o
 .debug_abbrev  0x000006ad      0x14e Lib/ICMP.o
 .debug_abbrev  0x000007fb      0x2ef Lib/TCP.o
 .debug_abbrev  0x00000aea      0x1b6 Lib/UDP.o
 .debug_abbrev  0x00000ca0      0x1cb Lib/DHCP.o
 .debug_abbrev  0x00000e6b      0x1c1 Lib/ARP.o
 .debug_abbrev  0x0000102c      0x1b9 Lib/IP.o
 .debug_abbrev  0x000011e5      0x211 Lib/Webserver.o
 .debug_abbrev  0x000013f6       0x79 ../../../../LUFA/Drivers/USB/Core/AVR8/Device_AVR8.o
 .debug_abbrev  0x0000146f      0x19a ../../../../LUFA/Drivers/USB/Core/AVR8/Endpoint_AVR8.o
 .debug_abbrev  0x00001609        0x1 ../../../../LUFA/Drivers/USB/Core/AVR8/Host_AVR8.o
 .debug_abbrev  0x0000160a        0x1 ../../../../LUFA/Drivers/USB/Core/AVR8/Pipe_AVR8.o
 .debug_abbrev  0x0000160b      0x18a ../../../../LUFA/Drivers/USB/Core/AVR8/USBController_AVR8.o
 .debug_abbrev  0x00001795      0x176 ../../../../LUFA/Drivers/USB/Core/AVR8/USBInterrupt_AVR8.o
 .debug_abbrev  0x0000190b      0x15c ../../../../LUFA/Drivers/USB/Core/ConfigDescriptor.o
 .debug_abbrev  0x00001a67      0x283 ../../../../LUFA/Drivers/USB/Core/DeviceStandardReq.o
 .debug_abbrev  0x00001cea       0x4a ../../../../LUFA/Drivers/USB/Core/Events.o
 .debug_abbrev  0x00001d34      0x1aa ../../../../LUFA/Drivers/USB/Core/EndpointStream.o
 .debug_abbrev  0x00001ede        0x1 ../../../../LUFA/Drivers/USB/Core/HostStandardReq.o
 .debug_abbrev  0x00001edf        0x1 ../../../../LUFA/Drivers/USB/Core/PipeStream.o
 .debug_abbrev  0x00001ee0      0x15d ../../../../LUFA/Drivers/USB/Core/USBTask.o
 .debug_abbrev  0x0000203d      0x1e7 ../../../../LUFA/Drivers/USB/Class/Common/HIDParser.o
 .debug_abbrev  0x00002224      0x1ab ../../../../LUFA/Drivers/USB/Class/Device/Audio.o
 .debug_abbrev  0x000023cf      0x2f5 ../../../../LUFA/Drivers/USB/Class/Device/CDC.o
 .debug_abbrev  0x000026c4      0x20d ../../../../LUFA/Drivers/USB/Class/Device/HID.o
 .debug_abbrev  0x000028d1      0x244 ../../../../LUFA/Drivers/USB/Class/Device/MassStorage.o
 .debug_abbrev  0x00002b15      0x216 ../../../../LUFA/Drivers/USB/Class/Device/MIDI.o
 .debug_abbrev  0x00002d2b      0x2d9 ../../../../LUFA/Drivers/USB/Class/Device/RNDIS.o
 .debug_abbrev  0x00003004        0x1 ../../../../LUFA/Drivers/USB/Class/Host/CDC.o
 .debug_abbrev  0x00003005        0x1 ../../../../LUFA/Drivers/USB/Class/Host/HID.o
 .debug_abbrev  0x00003006        0x1 ../../../../LUFA/Drivers/USB/Class/Host/MassStorage.o
 .debug_abbrev  0x00003007        0x1 ../../../../LUFA/Drivers/USB/Class/Host/MIDI.o
 .debug_abbrev  0x00003008        0x1 ../../../../LUFA/Drivers/USB/Class/Host/Printer.o
 .debug_abbrev  0x00003009        0x1 ../../../../LUFA/Drivers/USB/Class/Host/RNDIS.o
 .debug_abbrev  0x0000300a        0x1 ../../../../LUFA/Drivers/USB/Class/Host/StillImage.o
 .debug_abbrev  0x0000300b      0x1e3 ../../../../LUFA/Drivers/Peripheral/AVR8/Serial_AVR8.o

.debug_line     0x00000000     0x7fb5
 *(.debug_line)
 .debug_line    0x00000000      0x3da RNDISEthernet.o
 .debug_line    0x000003da      0x1d5 Descriptors.o
 .debug_line    0x000005af      0x2d9 Lib/Ethernet.o
 .debug_line    0x00000888      0x210 Lib/ProtocolDecoders.o
 .debug_line    0x00000a98      0x1c7 Lib/ICMP.o
 .debug_line    0x00000c5f      0x94d Lib/TCP.o
 .debug_line    0x000015ac      0x1ed Lib/UDP.o
 .debug_line    0x00001799      0x2f0 Lib/DHCP.o
 .debug_line    0x00001a89      0x2c5 Lib/ARP.o
 .debug_line    0x00001d4e      0x285 Lib/IP.o
 .debug_line    0x00001fd3      0x2a4 Lib/Webserver.o
 .debug_line    0x00002277      0x133 ../../../../LUFA/Drivers/USB/Core/AVR8/Device_AVR8.o
 .debug_line    0x000023aa      0x4a8 ../../../../LUFA/Drivers/USB/Core/AVR8/Endpoint_AVR8.o
 .debug_line    0x00002852       0x24 ../../../../LUFA/Drivers/USB/Core/AVR8/Host_AVR8.o
 .debug_line    0x00002876       0x24 ../../../../LUFA/Drivers/USB/Core/AVR8/Pipe_AVR8.o
 .debug_line    0x0000289a      0x376 ../../../../LUFA/Drivers/USB/Core/AVR8/USBController_AVR8.o
 .debug_line    0x00002c10      0x54d ../../../../LUFA/Drivers/USB/Core/AVR8/USBInterrupt_AVR8.o
 .debug_line    0x0000315d      0x24a ../../../../LUFA/Drivers/USB/Core/ConfigDescriptor.o
 .debug_line    0x000033a7      0x694 ../../../../LUFA/Drivers/USB/Core/DeviceStandardReq.o
 .debug_line    0x00003a3b       0x86 ../../../../LUFA/Drivers/USB/Core/Events.o
 .debug_line    0x00003ac1     0x177d ../../../../LUFA/Drivers/USB/Core/EndpointStream.o
 .debug_line    0x0000523e       0x24 ../../../../LUFA/Drivers/USB/Core/HostStandardReq.o
 .debug_line    0x00005262       0x24 ../../../../LUFA/Drivers/USB/Core/PipeStream.o
 .debug_line    0x00005286      0x1bd ../../../../LUFA/Drivers/USB/Core/USBTask.o
 .debug_line    0x00005443      0x5a5 ../../../../LUFA/Drivers/USB/Class/Common/HIDParser.o
 .debug_line    0x000059e8      0x2be ../../../../LUFA/Drivers/USB/Class/Device/Audio.o
 .debug_line    0x00005ca6      0x84c ../../../../LUFA/Drivers/USB/Class/Device/CDC.o
 .debug_line    0x000064f2      0x561 ../../../../LUFA/Drivers/USB/Class/Device/HID.o
 .debug_line    0x00006a53      0x5fa ../../../../LUFA/Drivers/USB/Class/Device/MassStorage.o
 .debug_line    0x0000704d      0x441 ../../../../LUFA/Drivers/USB/Class/Device/MIDI.o
 .debug_line    0x0000748e      0x782 ../../../../LUFA/Drivers/USB/Class/Device/RNDIS.o
 .debug_line    0x00007c10       0x24 ../../../../LUFA/Drivers/USB/Class/Host/CDC.o
 .debug_line    0x00007c34       0x24 ../../../../LUFA/Drivers/USB/Class/Host/HID.o
 .debug_line    0x00007c58       0x24 ../../../../LUFA/Drivers/USB/Class/Host/MassStorage.o
 .debug_line    0x00007c7c       0x24 ../../../../LUFA/Drivers/USB/Class/Host/MIDI.o
 .debug_line    0x00007ca0       0x24 ../../../../LUFA/Drivers/USB/Class/Host/Printer.o
 .debug_line    0x00007cc4       0x24 ../../../../LUFA/Drivers/USB/Class/Host/RNDIS.o
 .debug_line    0x00007ce8       0x24 ../../../../LUFA/Drivers/USB/Class/Host/StillImage.o
 .debug_line    0x00007d0c      0x2a9 ../../../../LUFA/Drivers/Peripheral/AVR8/Serial_AVR8.o

.debug_frame    0x00000000      0x920
 *(.debug_frame)
 .debug_frame   0x00000000       0x70 RNDISEthernet.o
 .debug_frame   0x00000070       0x20 Descriptors.o
 .debug_frame   0x00000090       0x30 Lib/Ethernet.o
 .debug_frame   0x000000c0       0x80 Lib/ProtocolDecoders.o
 .debug_frame   0x00000140       0x20 Lib/ICMP.o
 .debug_frame   0x00000160       0xa0 Lib/TCP.o
 .debug_frame   0x00000200       0x20 Lib/UDP.o
 .debug_frame   0x00000220       0x20 Lib/DHCP.o
 .debug_frame   0x00000240       0x20 Lib/ARP.o
 .debug_frame   0x00000260       0x20 Lib/IP.o
 .debug_frame   0x00000280       0x40 Lib/Webserver.o
 .debug_frame   0x000002c0       0x20 ../../../../LUFA/Drivers/USB/Core/AVR8/Device_AVR8.o
 .debug_frame   0x000002e0       0x50 ../../../../LUFA/Drivers/USB/Core/AVR8/Endpoint_AVR8.o
 .debug_frame   0x00000330       0x40 ../../../../LUFA/Drivers/USB/Core/AVR8/USBController_AVR8.o
 .debug_frame   0x00000370       0x40 ../../../../LUFA/Drivers/USB/Core/AVR8/USBInterrupt_AVR8.o
 .debug_frame   0x000003b0       0x50 ../../../../LUFA/Drivers/USB/Core/ConfigDescriptor.o
 .debug_frame   0x00000400       0x20 ../../../../LUFA/Drivers/USB/Core/DeviceStandardReq.o
 .debug_frame   0x00000420       0x20 ../../../../LUFA/Drivers/USB/Core/Events.o
 .debug_frame   0x00000440      0x170 ../../../../LUFA/Drivers/USB/Core/EndpointStream.o
 .debug_frame   0x000005b0       0x20 ../../../../LUFA/Drivers/USB/Core/USBTask.o
 .debug_frame   0x000005d0       0x50 ../../../../LUFA/Drivers/USB/Class/Common/HIDParser.o
 .debug_frame   0x00000620       0x30 ../../../../LUFA/Drivers/USB/Class/Device/Audio.o
 .debug_frame   0x00000650      0x110 ../../../../LUFA/Drivers/USB/Class/Device/CDC.o
 .debug_frame   0x00000760       0x40 ../../../../LUFA/Drivers/USB/Class/Device/HID.o
 .debug_frame   0x000007a0       0x40 ../../../../LUFA/Drivers/USB/Class/Device/MassStorage.o
 .debug_frame   0x000007e0       0x60 ../../../../LUFA/Drivers/USB/Class/Device/MIDI.o
 .debug_frame   0x00000840       0x70 ../../../../LUFA/Drivers/USB/Class/Device/RNDIS.o
 .debug_frame   0x000008b0       0x70 ../../../../LUFA/Drivers/Peripheral/AVR8/Serial_AVR8.o

.debug_str      0x00000000     0x3c1b
 *(.debug_str)
 .debug_str     0x00000000      0x47b RNDISEthernet.o
                                0x4c1 (size before relaxing)
 .debug_str     0x0000047b      0x536 Descriptors.o
                                0x6b6 (size before relaxing)
 .debug_str     0x000009b1      0x116 Lib/Ethernet.o
                                0x2e2 (size before relaxing)
 .debug_str     0x00000ac7       0xaa Lib/ProtocolDecoders.o
                                0x221 (size before relaxing)
 .debug_str     0x00000b71       0x73 Lib/ICMP.o
                                0x219 (size before relaxing)
 .debug_str     0x00000be4      0x497 Lib/TCP.o
                                0x8d5 (size before relaxing)
 .debug_str     0x0000107b       0x68 Lib/UDP.o
                                0x221 (size before relaxing)
 .debug_str     0x000010e3      0x14f Lib/DHCP.o
                                0x3b6 (size before relaxing)
 .debug_str     0x00001232       0x5c Lib/ARP.o
                                0x245 (size before relaxing)
 .debug_str     0x0000128e       0x2e Lib/IP.o
                                0x2df (size before relaxing)
 .debug_str     0x000012bc       0xa0 Lib/Webserver.o
                                0x443 (size before relaxing)
 .debug_str     0x0000135c       0x7d ../../../../LUFA/Drivers/USB/Core/AVR8/Device_AVR8.o
                                0x16c (size before relaxing)
 .debug_str     0x000013d9      0x3c7 ../../../../LUFA/Drivers/USB/Core/AVR8/Endpoint_AVR8.o
                                0x4fb (size before relaxing)
 .debug_str     0x000017a0      0x28d ../../../../LUFA/Drivers/USB/Core/AVR8/USBController_AVR8.o
                                0x470 (size before relaxing)
 .debug_str     0x00001a2d       0xef ../../../../LUFA/Drivers/USB/Core/AVR8/USBInterrupt_AVR8.o
                                0x3eb (size before relaxing)
 .debug_str     0x00001b1c      0x22c ../../../../LUFA/Drivers/USB/Core/ConfigDescriptor.o
                                0x339 (size before relaxing)
 .debug_str     0x00001d48      0x436 ../../../../LUFA/Drivers/USB/Core/DeviceStandardReq.o
                                0x856 (size before relaxing)
 .debug_str     0x0000217e       0x3a ../../../../LUFA/Drivers/USB/Core/Events.o
                                0x123 (size before relaxing)
 .debug_str     0x000021b8      0x4b5 ../../../../LUFA/Drivers/USB/Core/EndpointStream.o
                                0x790 (size before relaxing)
 .debug_str     0x0000266d       0x70 ../../../../LUFA/Drivers/USB/Core/USBTask.o
                                0x2c3 (size before relaxing)
 .debug_str     0x000026dd      0x492 ../../../../LUFA/Drivers/USB/Class/Common/HIDParser.o
                                0x611 (size before relaxing)
 .debug_str     0x00002b6f       0xdb ../../../../LUFA/Drivers/USB/Class/Device/Audio.o
                                0x413 (size before relaxing)
 .debug_str     0x00002c4a      0x35e ../../../../LUFA/Drivers/USB/Class/Device/CDC.o
                                0x9ca (size before relaxing)
 .debug_str     0x00002fa8      0x211 ../../../../LUFA/Drivers/USB/Class/Device/HID.o
                                0x5cc (size before relaxing)
 .debug_str     0x000031b9      0x226 ../../../../LUFA/Drivers/USB/Class/Device/MassStorage.o
                                0x790 (size before relaxing)
 .debug_str     0x000033df      0x116 ../../../../LUFA/Drivers/USB/Class/Device/MIDI.o
                                0x62f (size before relaxing)
 .debug_str     0x000034f5      0x629 ../../../../LUFA/Drivers/USB/Class/Device/RNDIS.o
                                0xd26 (size before relaxing)
 .debug_str     0x00003b1e       0xfd ../../../../LUFA/Drivers/Peripheral/AVR8/Serial_AVR8.o
                                0x271 (size before relaxing)

.debug_loc      0x00000000     0x43d4
 *(.debug_loc)
 .debug_loc     0x00000000      0x160 Descriptors.o
 .debug_loc     0x00000160      0x1b4 Lib/Ethernet.o
 .debug_loc     0x00000314       0x88 Lib/ICMP.o
 .debug_loc     0x0000039c      0x767 Lib/TCP.o
 .debug_loc     0x00000b03      0x106 Lib/UDP.o
 .debug_loc     0x00000c09      0x19c Lib/DHCP.o
 .debug_loc     0x00000da5      0x159 Lib/ARP.o
 .debug_loc     0x00000efe      0x128 Lib/IP.o
 .debug_loc     0x00001026       0xf0 Lib/Webserver.o
 .debug_loc     0x00001116       0x7f ../../../../LUFA/Drivers/USB/Core/AVR8/Endpoint_AVR8.o
 .debug_loc     0x00001195       0x13 ../../../../LUFA/Drivers/USB/Core/AVR8/USBController_AVR8.o
 .debug_loc     0x000011a8      0x2c7 ../../../../LUFA/Drivers/USB/Core/ConfigDescriptor.o
 .debug_loc     0x0000146f      0x224 ../../../../LUFA/Drivers/USB/Core/DeviceStandardReq.o
 .debug_loc     0x00001693     0x182a ../../../../LUFA/Drivers/USB/Core/EndpointStream.o
 .debug_loc     0x00002ebd      0x477 ../../../../LUFA/Drivers/USB/Class/Common/HIDParser.o
 .debug_loc     0x00003334       0xd4 ../../../../LUFA/Drivers/USB/Class/Device/Audio.o
 .debug_loc     0x00003408      0x512 ../../../../LUFA/Drivers/USB/Class/Device/CDC.o
 .debug_loc     0x0000391a      0x16c ../../../../LUFA/Drivers/USB/Class/Device/HID.o
 .debug_loc     0x00003a86      0x11a ../../../../LUFA/Drivers/USB/Class/Device/MassStorage.o
 .debug_loc     0x00003ba0      0x23c ../../../../LUFA/Drivers/USB/Class/Device/MIDI.o
 .debug_loc     0x00003ddc      0x532 ../../../../LUFA/Drivers/USB/Class/Device/RNDIS.o
 .debug_loc     0x0000430e       0xc6 ../../../../LUFA/Drivers/Peripheral/AVR8/Serial_AVR8.o

.debug_macinfo
 *(.debug_macinfo)
OUTPUT(RNDISEthernet.elf elf32-avr)
LOAD linker stubs

.debug_ranges   0x00000000      0x720
 .debug_ranges  0x00000000       0x40 RNDISEthernet.o
 .debug_ranges  0x00000040       0x18 Descriptors.o
 .debug_ranges  0x00000058       0x20 Lib/Ethernet.o
 .debug_ranges  0x00000078       0x48 Lib/ProtocolDecoders.o
 .debug_ranges  0x000000c0       0x18 Lib/ICMP.o
 .debug_ranges  0x000000d8       0x70 Lib/TCP.o
 .debug_ranges  0x00000148       0x18 Lib/UDP.o
 .debug_ranges  0x00000160       0x18 Lib/DHCP.o
 .debug_ranges  0x00000178       0x18 Lib/ARP.o
 .debug_ranges  0x00000190       0x18 Lib/IP.o
 .debug_ranges  0x000001a8       0x28 Lib/Webserver.o
 .debug_ranges  0x000001d0       0x18 ../../../../LUFA/Drivers/USB/Core/AVR8/Device_AVR8.o
 .debug_ranges  0x000001e8       0x30 ../../../../LUFA/Drivers/USB/Core/AVR8/Endpoint_AVR8.o
 .debug_ranges  0x00000218       0x28 ../../../../LUFA/Drivers/USB/Core/AVR8/USBController_AVR8.o
 .debug_ranges  0x00000240       0x28 ../../../../LUFA/Drivers/USB/Core/AVR8/USBInterrupt_AVR8.o
 .debug_ranges  0x00000268       0x30 ../../../../LUFA/Drivers/USB/Core/ConfigDescriptor.o
 .debug_ranges  0x00000298       0x78 ../../../../LUFA/Drivers/USB/Core/DeviceStandardReq.o
 .debug_ranges  0x00000310       0x18 ../../../../LUFA/Drivers/USB/Core/Events.o
 .debug_ranges  0x00000328       0xc0 ../../../../LUFA/Drivers/USB/Core/EndpointStream.o
 .debug_ranges  0x000003e8       0x30 ../../../../LUFA/Drivers/USB/Core/USBTask.o
 .debug_ranges  0x00000418       0xa0 ../../../../LUFA/Drivers/USB/Class/Common/HIDParser.o
 .debug_ranges  0x000004b8       0x20 ../../../../LUFA/Drivers/USB/Class/Device/Audio.o
 .debug_ranges  0x000004d8       0x90 ../../../../LUFA/Drivers/USB/Class/Device/CDC.o
 .debug_ranges  0x00000568       0x28 ../../../../LUFA/Drivers/USB/Class/Device/HID.o
 .debug_ranges  0x00000590       0x78 ../../../../LUFA/Drivers/USB/Class/Device/MassStorage.o
 .debug_ranges  0x00000608       0x38 ../../../../LUFA/Drivers/USB/Class/Device/MIDI.o
 .debug_ranges  0x00000640       0x88 ../../../../LUFA/Drivers/USB/Class/Device/RNDIS.o
 .debug_ranges  0x000006c8       0x58 ../../../../LUFA/Drivers/Peripheral/AVR8/Serial_AVR8.o

Cross Reference Table

Symbol                                            File
ARP_ProcessARPPacket                              Lib/ARP.o
                                                  Lib/Ethernet.o
Audio_Device_ConfigureEndpoints                   ../../../../LUFA/Drivers/USB/Class/Device/Audio.o
Audio_Device_ProcessControlRequest                ../../../../LUFA/Drivers/USB/Class/Device/Audio.o
BroadcastIPAddress                                Lib/Ethernet.o
                                                  Lib/IP.o
BroadcastMACAddress                               Lib/Ethernet.o
CALLBACK_HIDParser_FilterHIDReportItem            ../../../../LUFA/Drivers/USB/Class/Common/HIDParser.o
CALLBACK_HID_Device_CreateHIDReport               ../../../../LUFA/Drivers/USB/Class/Device/HID.o
CALLBACK_HID_Device_ProcessHIDReport              ../../../../LUFA/Drivers/USB/Class/Device/HID.o
CALLBACK_MS_Device_SCSICommandReceived            ../../../../LUFA/Drivers/USB/Class/Device/MassStorage.o
CALLBACK_USB_GetDescriptor                        Descriptors.o
                                                  ../../../../LUFA/Drivers/USB/Core/DeviceStandardReq.o
CDC_Device_BytesReceived                          ../../../../LUFA/Drivers/USB/Class/Device/CDC.o
CDC_Device_ConfigureEndpoints                     ../../../../LUFA/Drivers/USB/Class/Device/CDC.o
CDC_Device_CreateBlockingStream                   ../../../../LUFA/Drivers/USB/Class/Device/CDC.o
CDC_Device_CreateStream                           ../../../../LUFA/Drivers/USB/Class/Device/CDC.o
CDC_Device_Event_Stub                             ../../../../LUFA/Drivers/USB/Class/Device/CDC.o
CDC_Device_Flush                                  ../../../../LUFA/Drivers/USB/Class/Device/CDC.o
CDC_Device_ProcessControlRequest                  ../../../../LUFA/Drivers/USB/Class/Device/CDC.o
CDC_Device_ReceiveByte                            ../../../../LUFA/Drivers/USB/Class/Device/CDC.o
CDC_Device_SendByte                               ../../../../LUFA/Drivers/USB/Class/Device/CDC.o
CDC_Device_SendControlLineStateChange             ../../../../LUFA/Drivers/USB/Class/Device/CDC.o
CDC_Device_SendData                               ../../../../LUFA/Drivers/USB/Class/Device/CDC.o
CDC_Device_SendString                             ../../../../LUFA/Drivers/USB/Class/Device/CDC.o
CDC_Device_USBTask                                ../../../../LUFA/Drivers/USB/Class/Device/CDC.o
ClientIPAddress                                   Lib/Ethernet.o
                                                  Lib/DHCP.o
ConfigurationDescriptor                           Descriptors.o
ConnectionStateTable                              Lib/TCP.o
DHCP_ProcessDHCPPacket                            Lib/DHCP.o
                                                  Lib/UDP.o
DecodeARPHeader                                   Lib/ProtocolDecoders.o
                                                  Lib/ARP.o
DecodeDHCPHeader                                  Lib/ProtocolDecoders.o
                                                  Lib/DHCP.o
DecodeEthernetFrameHeader                         Lib/ProtocolDecoders.o
                                                  Lib/Ethernet.o
DecodeICMPHeader                                  Lib/ProtocolDecoders.o
                                                  Lib/ICMP.o
DecodeIPHeader                                    Lib/ProtocolDecoders.o
                                                  Lib/IP.o
DecodeTCPHeader                                   Lib/ProtocolDecoders.o
                                                  Lib/TCP.o
DecodeUDPHeader                                   Lib/ProtocolDecoders.o
                                                  Lib/UDP.o
DeviceDescriptor                                  Descriptors.o
EVENT_CDC_Device_BreakSent                        ../../../../LUFA/Drivers/USB/Class/Device/CDC.o
EVENT_CDC_Device_ControLineStateChanged           ../../../../LUFA/Drivers/USB/Class/Device/CDC.o
EVENT_CDC_Device_LineEncodingChanged              ../../../../LUFA/Drivers/USB/Class/Device/CDC.o
EVENT_USB_Device_ConfigurationChanged             RNDISEthernet.o
                                                  ../../../../LUFA/Drivers/USB/Core/DeviceStandardReq.o
EVENT_USB_Device_Connect                          RNDISEthernet.o
                                                  ../../../../LUFA/Drivers/USB/Core/AVR8/USBInterrupt_AVR8.o
EVENT_USB_Device_ControlRequest                   RNDISEthernet.o
                                                  ../../../../LUFA/Drivers/USB/Core/DeviceStandardReq.o
EVENT_USB_Device_Disconnect                       RNDISEthernet.o
                                                  ../../../../LUFA/Drivers/USB/Core/AVR8/USBInterrupt_AVR8.o
EVENT_USB_Device_Reset                            ../../../../LUFA/Drivers/USB/Core/Events.o
                                                  ../../../../LUFA/Drivers/USB/Core/AVR8/USBInterrupt_AVR8.o
EVENT_USB_Device_StartOfFrame                     ../../../../LUFA/Drivers/USB/Core/Events.o
                                                  ../../../../LUFA/Drivers/USB/Core/AVR8/USBInterrupt_AVR8.o
EVENT_USB_Device_Suspend                          ../../../../LUFA/Drivers/USB/Core/Events.o
                                                  ../../../../LUFA/Drivers/USB/Core/AVR8/USBInterrupt_AVR8.o
EVENT_USB_Device_WakeUp                           ../../../../LUFA/Drivers/USB/Core/Events.o
                                                  ../../../../LUFA/Drivers/USB/Core/AVR8/USBInterrupt_AVR8.o
Endpoint_ClearEndpoints                           ../../../../LUFA/Drivers/USB/Core/AVR8/Endpoint_AVR8.o
Endpoint_ClearStatusStage                         ../../../../LUFA/Drivers/USB/Core/AVR8/Endpoint_AVR8.o
                                                  ../../../../LUFA/Drivers/USB/Class/Device/MassStorage.o
                                                  ../../../../LUFA/Drivers/USB/Class/Device/HID.o
                                                  ../../../../LUFA/Drivers/USB/Class/Device/CDC.o
                                                  ../../../../LUFA/Drivers/USB/Class/Device/Audio.o
                                                  ../../../../LUFA/Drivers/USB/Core/DeviceStandardReq.o
Endpoint_ConfigureEndpoint_Prv                    ../../../../LUFA/Drivers/USB/Core/AVR8/Endpoint_AVR8.o
                                                  ../../../../LUFA/Drivers/USB/Class/Device/RNDIS.o
                                                  ../../../../LUFA/Drivers/USB/Class/Device/MIDI.o
                                                  ../../../../LUFA/Drivers/USB/Class/Device/MassStorage.o
                                                  ../../../../LUFA/Drivers/USB/Class/Device/HID.o
                                                  ../../../../LUFA/Drivers/USB/Class/Device/CDC.o
                                                  ../../../../LUFA/Drivers/USB/Class/Device/Audio.o
                                                  ../../../../LUFA/Drivers/USB/Core/AVR8/USBInterrupt_AVR8.o
                                                  ../../../../LUFA/Drivers/USB/Core/AVR8/USBController_AVR8.o
Endpoint_Discard_Stream                           ../../../../LUFA/Drivers/USB/Core/EndpointStream.o
Endpoint_Null_Stream                              ../../../../LUFA/Drivers/USB/Core/EndpointStream.o
Endpoint_Read_Control_EStream_BE                  ../../../../LUFA/Drivers/USB/Core/EndpointStream.o
Endpoint_Read_Control_EStream_LE                  ../../../../LUFA/Drivers/USB/Core/EndpointStream.o
Endpoint_Read_Control_Stream_BE                   ../../../../LUFA/Drivers/USB/Core/EndpointStream.o
Endpoint_Read_Control_Stream_LE                   ../../../../LUFA/Drivers/USB/Core/EndpointStream.o
                                                  ../../../../LUFA/Drivers/USB/Class/Device/RNDIS.o
                                                  ../../../../LUFA/Drivers/USB/Class/Device/HID.o
                                                  ../../../../LUFA/Drivers/USB/Class/Device/CDC.o
Endpoint_Read_EStream_BE                          ../../../../LUFA/Drivers/USB/Core/EndpointStream.o
Endpoint_Read_EStream_LE                          ../../../../LUFA/Drivers/USB/Core/EndpointStream.o
Endpoint_Read_Stream_BE                           ../../../../LUFA/Drivers/USB/Core/EndpointStream.o
Endpoint_Read_Stream_LE                           ../../../../LUFA/Drivers/USB/Core/EndpointStream.o
                                                  ../../../../LUFA/Drivers/USB/Class/Device/RNDIS.o
                                                  ../../../../LUFA/Drivers/USB/Class/Device/MIDI.o
                                                  ../../../../LUFA/Drivers/USB/Class/Device/MassStorage.o
Endpoint_WaitUntilReady                           ../../../../LUFA/Drivers/USB/Core/AVR8/Endpoint_AVR8.o
                                                  ../../../../LUFA/Drivers/USB/Class/Device/RNDIS.o
                                                  ../../../../LUFA/Drivers/USB/Class/Device/MIDI.o
                                                  ../../../../LUFA/Drivers/USB/Class/Device/CDC.o
                                                  ../../../../LUFA/Drivers/USB/Core/EndpointStream.o
Endpoint_Write_Control_EStream_BE                 ../../../../LUFA/Drivers/USB/Core/EndpointStream.o
Endpoint_Write_Control_EStream_LE                 ../../../../LUFA/Drivers/USB/Core/EndpointStream.o
Endpoint_Write_Control_PStream_BE                 ../../../../LUFA/Drivers/USB/Core/EndpointStream.o
Endpoint_Write_Control_PStream_LE                 ../../../../LUFA/Drivers/USB/Core/EndpointStream.o
                                                  ../../../../LUFA/Drivers/USB/Core/DeviceStandardReq.o
Endpoint_Write_Control_Stream_BE                  ../../../../LUFA/Drivers/USB/Core/EndpointStream.o
Endpoint_Write_Control_Stream_LE                  ../../../../LUFA/Drivers/USB/Core/EndpointStream.o
                                                  ../../../../LUFA/Drivers/USB/Class/Device/RNDIS.o
                                                  ../../../../LUFA/Drivers/USB/Class/Device/HID.o
                                                  ../../../../LUFA/Drivers/USB/Class/Device/CDC.o
                                                  ../../../../LUFA/Drivers/USB/Core/DeviceStandardReq.o
Endpoint_Write_EStream_BE                         ../../../../LUFA/Drivers/USB/Core/EndpointStream.o
Endpoint_Write_EStream_LE                         ../../../../LUFA/Drivers/USB/Core/EndpointStream.o
Endpoint_Write_PStream_BE                         ../../../../LUFA/Drivers/USB/Core/EndpointStream.o
Endpoint_Write_PStream_LE                         ../../../../LUFA/Drivers/USB/Core/EndpointStream.o
Endpoint_Write_Stream_BE                          ../../../../LUFA/Drivers/USB/Core/EndpointStream.o
Endpoint_Write_Stream_LE                          ../../../../LUFA/Drivers/USB/Core/EndpointStream.o
                                                  ../../../../LUFA/Drivers/USB/Class/Device/RNDIS.o
                                                  ../../../../LUFA/Drivers/USB/Class/Device/MIDI.o
                                                  ../../../../LUFA/Drivers/USB/Class/Device/MassStorage.o
                                                  ../../../../LUFA/Drivers/USB/Class/Device/HID.o
                                                  ../../../../LUFA/Drivers/USB/Class/Device/CDC.o
Ethernet_Checksum16                               Lib/Ethernet.o
                                                  Lib/IP.o
                                                  Lib/TCP.o
                                                  Lib/ICMP.o
Ethernet_ProcessPacket                            Lib/Ethernet.o
                                                  RNDISEthernet.o
Ethernet_RNDIS_Interface                          RNDISEthernet.o
HID_Device_ConfigureEndpoints                     ../../../../LUFA/Drivers/USB/Class/Device/HID.o
HID_Device_ProcessControlRequest                  ../../../../LUFA/Drivers/USB/Class/Device/HID.o
HID_Device_USBTask                                ../../../../LUFA/Drivers/USB/Class/Device/HID.o
HTTP200Header                                     Lib/Webserver.o
HTTP404Header                                     Lib/Webserver.o
HTTPPage                                          Lib/Webserver.o
ICMP_ProcessICMPPacket                            Lib/ICMP.o
                                                  Lib/IP.o
IP_ProcessIPPacket                                Lib/IP.o
                                                  Lib/Ethernet.o
LanguageString                                    Descriptors.o
MIDI_Device_ConfigureEndpoints                    ../../../../LUFA/Drivers/USB/Class/Device/MIDI.o
MIDI_Device_Flush                                 ../../../../LUFA/Drivers/USB/Class/Device/MIDI.o
MIDI_Device_ReceiveEventPacket                    ../../../../LUFA/Drivers/USB/Class/Device/MIDI.o
MIDI_Device_SendEventPacket                       ../../../../LUFA/Drivers/USB/Class/Device/MIDI.o
MIDI_Device_USBTask                               ../../../../LUFA/Drivers/USB/Class/Device/MIDI.o
MS_Device_ConfigureEndpoints                      ../../../../LUFA/Drivers/USB/Class/Device/MassStorage.o
MS_Device_ProcessControlRequest                   ../../../../LUFA/Drivers/USB/Class/Device/MassStorage.o
MS_Device_USBTask                                 ../../../../LUFA/Drivers/USB/Class/Device/MassStorage.o
ManufacturerString                                Descriptors.o
PortStateTable                                    Lib/TCP.o
ProductString                                     Descriptors.o
RNDIS_Device_ConfigureEndpoints                   ../../../../LUFA/Drivers/USB/Class/Device/RNDIS.o
                                                  RNDISEthernet.o
RNDIS_Device_IsPacketReceived                     ../../../../LUFA/Drivers/USB/Class/Device/RNDIS.o
                                                  RNDISEthernet.o
RNDIS_Device_ProcessControlRequest                ../../../../LUFA/Drivers/USB/Class/Device/RNDIS.o
                                                  RNDISEthernet.o
RNDIS_Device_ReadPacket                           ../../../../LUFA/Drivers/USB/Class/Device/RNDIS.o
                                                  RNDISEthernet.o
RNDIS_Device_SendPacket                           ../../../../LUFA/Drivers/USB/Class/Device/RNDIS.o
                                                  RNDISEthernet.o
RNDIS_Device_USBTask                              ../../../../LUFA/Drivers/USB/Class/Device/RNDIS.o
                                                  RNDISEthernet.o
Serial_SendData                                   ../../../../LUFA/Drivers/Peripheral/AVR8/Serial_AVR8.o
Serial_SendString                                 ../../../../LUFA/Drivers/Peripheral/AVR8/Serial_AVR8.o
Serial_SendString_P                               ../../../../LUFA/Drivers/Peripheral/AVR8/Serial_AVR8.o
Serial_getchar                                    ../../../../LUFA/Drivers/Peripheral/AVR8/Serial_AVR8.o
                                                  RNDISEthernet.o
Serial_getchar_Blocking                           ../../../../LUFA/Drivers/Peripheral/AVR8/Serial_AVR8.o
Serial_putchar                                    ../../../../LUFA/Drivers/Peripheral/AVR8/Serial_AVR8.o
                                                  RNDISEthernet.o
ServerIPAddress                                   Lib/Ethernet.o
                                                  Lib/IP.o
                                                  Lib/ARP.o
                                                  Lib/DHCP.o
                                                  Lib/TCP.o
ServerMACAddress                                  Lib/Ethernet.o
                                                  Lib/ARP.o
                                                  Lib/TCP.o
SetupHardware                                     RNDISEthernet.o
TCP_GetConnectionInfo                             Lib/TCP.o
TCP_GetConnectionState                            Lib/TCP.o
TCP_GetPortState                                  Lib/TCP.o
TCP_Init                                          Lib/TCP.o
                                                  RNDISEthernet.o
TCP_ProcessTCPPacket                              Lib/TCP.o
                                                  Lib/IP.o
TCP_SetConnectionState                            Lib/TCP.o
TCP_SetPortState                                  Lib/TCP.o
                                                  Lib/Webserver.o
TCP_TCPTask                                       Lib/TCP.o
                                                  RNDISEthernet.o
UDP_ProcessUDPPacket                              Lib/UDP.o
                                                  Lib/IP.o
USARTSerialStream                                 ../../../../LUFA/Drivers/Peripheral/AVR8/Serial_AVR8.o
                                                  RNDISEthernet.o
USB_ConfigurationNumber                           ../../../../LUFA/Drivers/USB/Core/DeviceStandardReq.o
                                                  ../../../../LUFA/Drivers/USB/Core/AVR8/USBInterrupt_AVR8.o
                                                  ../../../../LUFA/Drivers/USB/Core/AVR8/USBController_AVR8.o
USB_ControlRequest                                ../../../../LUFA/Drivers/USB/Class/Device/RNDIS.o
                                                  ../../../../LUFA/Drivers/USB/Class/Device/MassStorage.o
                                                  ../../../../LUFA/Drivers/USB/Class/Device/HID.o
                                                  ../../../../LUFA/Drivers/USB/Class/Device/CDC.o
                                                  ../../../../LUFA/Drivers/USB/Class/Device/Audio.o
                                                  ../../../../LUFA/Drivers/USB/Core/USBTask.o
                                                  ../../../../LUFA/Drivers/USB/Core/EndpointStream.o
                                                  ../../../../LUFA/Drivers/USB/Core/DeviceStandardReq.o
                                                  ../../../../LUFA/Drivers/USB/Core/AVR8/Endpoint_AVR8.o
USB_CurrentlySelfPowered                          ../../../../LUFA/Drivers/USB/Core/DeviceStandardReq.o
                                                  ../../../../LUFA/Drivers/USB/Core/AVR8/USBController_AVR8.o
USB_DeviceState                                   ../../../../LUFA/Drivers/USB/Class/Device/RNDIS.o
                                                  ../../../../LUFA/Drivers/USB/Class/Device/MIDI.o
                                                  ../../../../LUFA/Drivers/USB/Class/Device/MassStorage.o
                                                  ../../../../LUFA/Drivers/USB/Class/Device/HID.o
                                                  ../../../../LUFA/Drivers/USB/Class/Device/CDC.o
                                                  ../../../../LUFA/Drivers/USB/Core/USBTask.o
                                                  ../../../../LUFA/Drivers/USB/Core/EndpointStream.o
                                                  ../../../../LUFA/Drivers/USB/Core/DeviceStandardReq.o
                                                  ../../../../LUFA/Drivers/USB/Core/AVR8/USBInterrupt_AVR8.o
                                                  ../../../../LUFA/Drivers/USB/Core/AVR8/USBController_AVR8.o
                                                  ../../../../LUFA/Drivers/USB/Core/AVR8/Endpoint_AVR8.o
USB_Device_ProcessControlRequest                  ../../../../LUFA/Drivers/USB/Core/DeviceStandardReq.o
                                                  ../../../../LUFA/Drivers/USB/Core/USBTask.o
USB_Device_SendRemoteWakeup                       ../../../../LUFA/Drivers/USB/Core/AVR8/Device_AVR8.o
USB_Disable                                       ../../../../LUFA/Drivers/USB/Core/AVR8/USBController_AVR8.o
USB_Event_Stub                                    ../../../../LUFA/Drivers/USB/Core/Events.o
USB_GetHIDReportItemInfo                          ../../../../LUFA/Drivers/USB/Class/Common/HIDParser.o
USB_GetHIDReportSize                              ../../../../LUFA/Drivers/USB/Class/Common/HIDParser.o
USB_GetNextDescriptorComp                         ../../../../LUFA/Drivers/USB/Core/ConfigDescriptor.o
USB_GetNextDescriptorOfType                       ../../../../LUFA/Drivers/USB/Core/ConfigDescriptor.o
USB_GetNextDescriptorOfTypeAfter                  ../../../../LUFA/Drivers/USB/Core/ConfigDescriptor.o
USB_GetNextDescriptorOfTypeBefore                 ../../../../LUFA/Drivers/USB/Core/ConfigDescriptor.o
USB_INT_ClearAllInterrupts                        ../../../../LUFA/Drivers/USB/Core/AVR8/USBInterrupt_AVR8.o
                                                  ../../../../LUFA/Drivers/USB/Core/AVR8/USBController_AVR8.o
USB_INT_DisableAllInterrupts                      ../../../../LUFA/Drivers/USB/Core/AVR8/USBInterrupt_AVR8.o
                                                  ../../../../LUFA/Drivers/USB/Core/AVR8/USBController_AVR8.o
USB_Init                                          ../../../../LUFA/Drivers/USB/Core/AVR8/USBController_AVR8.o
                                                  RNDISEthernet.o
USB_IsInitialized                                 ../../../../LUFA/Drivers/USB/Core/USBTask.o
                                                  ../../../../LUFA/Drivers/USB/Core/AVR8/USBController_AVR8.o
USB_ProcessHIDReport                              ../../../../LUFA/Drivers/USB/Class/Common/HIDParser.o
USB_RemoteWakeupEnabled                           ../../../../LUFA/Drivers/USB/Core/DeviceStandardReq.o
                                                  ../../../../LUFA/Drivers/USB/Core/AVR8/USBController_AVR8.o
USB_ResetInterface                                ../../../../LUFA/Drivers/USB/Core/AVR8/USBController_AVR8.o
USB_SetHIDReportItemInfo                          ../../../../LUFA/Drivers/USB/Class/Common/HIDParser.o
USB_USBTask                                       ../../../../LUFA/Drivers/USB/Core/USBTask.o
                                                  ../../../../LUFA/Drivers/USB/Class/Device/MassStorage.o
                                                  ../../../../LUFA/Drivers/USB/Class/Device/CDC.o
                                                  ../../../../LUFA/Drivers/USB/Core/EndpointStream.o
                                                  RNDISEthernet.o
Webserver_ApplicationCallback                     Lib/Webserver.o
Webserver_Init                                    Lib/Webserver.o
                                                  RNDISEthernet.o
__bad_interrupt                                   c:/winavr-20100110/bin/../lib/gcc/avr/4.3.3/../../../../avr/lib/avr51/crtusb1287.o
__bss_end                                         c:/winavr-20100110/bin/../lib/gcc/avr/4.3.3/avr51\libgcc.a(_clear_bss.o)
__bss_start                                       c:/winavr-20100110/bin/../lib/gcc/avr/4.3.3/avr51\libgcc.a(_clear_bss.o)
__data_end                                        c:/winavr-20100110/bin/../lib/gcc/avr/4.3.3/../../../../avr/lib/avr51/crtusb1287.o
__data_load_start                                 c:/winavr-20100110/bin/../lib/gcc/avr/4.3.3/../../../../avr/lib/avr51/crtusb1287.o
__data_start                                      c:/winavr-20100110/bin/../lib/gcc/avr/4.3.3/../../../../avr/lib/avr51/crtusb1287.o
__do_clear_bss                                    c:/winavr-20100110/bin/../lib/gcc/avr/4.3.3/avr51\libgcc.a(_clear_bss.o)
                                                  c:/winavr-20100110/bin/../lib/gcc/avr/4.3.3/../../../../avr/lib/avr51\libc.a(iob.o)
                                                  ../../../../LUFA/Drivers/Peripheral/AVR8/Serial_AVR8.o
                                                  ../../../../LUFA/Drivers/USB/Core/USBTask.o
                                                  ../../../../LUFA/Drivers/USB/Core/DeviceStandardReq.o
                                                  Lib/Webserver.o
                                                  Lib/TCP.o
                                                  RNDISEthernet.o
__do_copy_data                                    c:/winavr-20100110/bin/../lib/gcc/avr/4.3.3/../../../../avr/lib/avr51/crtusb1287.o
                                                  ../../../../LUFA/Drivers/USB/Class/Device/RNDIS.o
                                                  ../../../../LUFA/Drivers/USB/Class/Device/CDC.o
                                                  Lib/Webserver.o
                                                  Lib/TCP.o
                                                  Lib/Ethernet.o
                                                  RNDISEthernet.o
__eerd_byte_usb1287                               c:/winavr-20100110/bin/../lib/gcc/avr/4.3.3/../../../../avr/lib/avr51\libc.a(eerd_byte_at90usb1287.o)
                                                  ../../../../LUFA/Drivers/USB/Core/EndpointStream.o
__eeupd_byte_usb1287                              c:/winavr-20100110/bin/../lib/gcc/avr/4.3.3/../../../../avr/lib/avr51\libc.a(eeupd_byte_at90usb1287.o)
                                                  ../../../../LUFA/Drivers/USB/Core/EndpointStream.o
__eeupd_r18_usb1287                               c:/winavr-20100110/bin/../lib/gcc/avr/4.3.3/../../../../avr/lib/avr51\libc.a(eeupd_byte_at90usb1287.o)
__heap_end                                        c:/winavr-20100110/bin/../lib/gcc/avr/4.3.3/../../../../avr/lib/avr51/crtusb1287.o
__init                                            c:/winavr-20100110/bin/../lib/gcc/avr/4.3.3/../../../../avr/lib/avr51/crtusb1287.o
__iob                                             c:/winavr-20100110/bin/../lib/gcc/avr/4.3.3/../../../../avr/lib/avr51\libc.a(iob.o)
                                                  RNDISEthernet.o
__stack                                           c:/winavr-20100110/bin/../lib/gcc/avr/4.3.3/../../../../avr/lib/avr51/crtusb1287.o
__vector_1                                        c:/winavr-20100110/bin/../lib/gcc/avr/4.3.3/../../../../avr/lib/avr51/crtusb1287.o
__vector_10                                       ../../../../LUFA/Drivers/USB/Core/AVR8/USBInterrupt_AVR8.o
                                                  c:/winavr-20100110/bin/../lib/gcc/avr/4.3.3/../../../../avr/lib/avr51/crtusb1287.o
__vector_11                                       c:/winavr-20100110/bin/../lib/gcc/avr/4.3.3/../../../../avr/lib/avr51/crtusb1287.o
__vector_12                                       c:/winavr-20100110/bin/../lib/gcc/avr/4.3.3/../../../../avr/lib/avr51/crtusb1287.o
__vector_13                                       c:/winavr-20100110/bin/../lib/gcc/avr/4.3.3/../../../../avr/lib/avr51/crtusb1287.o
__vector_14                                       c:/winavr-20100110/bin/../lib/gcc/avr/4.3.3/../../../../avr/lib/avr51/crtusb1287.o
__vector_15                                       c:/winavr-20100110/bin/../lib/gcc/avr/4.3.3/../../../../avr/lib/avr51/crtusb1287.o
__vector_16                                       c:/winavr-20100110/bin/../lib/gcc/avr/4.3.3/../../../../avr/lib/avr51/crtusb1287.o
__vector_17                                       c:/winavr-20100110/bin/../lib/gcc/avr/4.3.3/../../../../avr/lib/avr51/crtusb1287.o
__vector_18                                       c:/winavr-20100110/bin/../lib/gcc/avr/4.3.3/../../../../avr/lib/avr51/crtusb1287.o
__vector_19                                       c:/winavr-20100110/bin/../lib/gcc/avr/4.3.3/../../../../avr/lib/avr51/crtusb1287.o
__vector_2                                        c:/winavr-20100110/bin/../lib/gcc/avr/4.3.3/../../../../avr/lib/avr51/crtusb1287.o
__vector_20                                       c:/winavr-20100110/bin/../lib/gcc/avr/4.3.3/../../../../avr/lib/avr51/crtusb1287.o
__vector_21                                       c:/winavr-20100110/bin/../lib/gcc/avr/4.3.3/../../../../avr/lib/avr51/crtusb1287.o
__vector_22                                       c:/winavr-20100110/bin/../lib/gcc/avr/4.3.3/../../../../avr/lib/avr51/crtusb1287.o
__vector_23                                       c:/winavr-20100110/bin/../lib/gcc/avr/4.3.3/../../../../avr/lib/avr51/crtusb1287.o
__vector_24                                       c:/winavr-20100110/bin/../lib/gcc/avr/4.3.3/../../../../avr/lib/avr51/crtusb1287.o
__vector_25                                       c:/winavr-20100110/bin/../lib/gcc/avr/4.3.3/../../../../avr/lib/avr51/crtusb1287.o
__vector_26                                       c:/winavr-20100110/bin/../lib/gcc/avr/4.3.3/../../../../avr/lib/avr51/crtusb1287.o
__vector_27                                       c:/winavr-20100110/bin/../lib/gcc/avr/4.3.3/../../../../avr/lib/avr51/crtusb1287.o
__vector_28                                       c:/winavr-20100110/bin/../lib/gcc/avr/4.3.3/../../../../avr/lib/avr51/crtusb1287.o
__vector_29                                       c:/winavr-20100110/bin/../lib/gcc/avr/4.3.3/../../../../avr/lib/avr51/crtusb1287.o
__vector_3                                        c:/winavr-20100110/bin/../lib/gcc/avr/4.3.3/../../../../avr/lib/avr51/crtusb1287.o
__vector_30                                       c:/winavr-20100110/bin/../lib/gcc/avr/4.3.3/../../../../avr/lib/avr51/crtusb1287.o
__vector_31                                       c:/winavr-20100110/bin/../lib/gcc/avr/4.3.3/../../../../avr/lib/avr51/crtusb1287.o
__vector_32                                       c:/winavr-20100110/bin/../lib/gcc/avr/4.3.3/../../../../avr/lib/avr51/crtusb1287.o
__vector_33                                       c:/winavr-20100110/bin/../lib/gcc/avr/4.3.3/../../../../avr/lib/avr51/crtusb1287.o
__vector_34                                       c:/winavr-20100110/bin/../lib/gcc/avr/4.3.3/../../../../avr/lib/avr51/crtusb1287.o
__vector_35                                       c:/winavr-20100110/bin/../lib/gcc/avr/4.3.3/../../../../avr/lib/avr51/crtusb1287.o
__vector_36                                       c:/winavr-20100110/bin/../lib/gcc/avr/4.3.3/../../../../avr/lib/avr51/crtusb1287.o
__vector_37                                       c:/winavr-20100110/bin/../lib/gcc/avr/4.3.3/../../../../avr/lib/avr51/crtusb1287.o
__vector_4                                        c:/winavr-20100110/bin/../lib/gcc/avr/4.3.3/../../../../avr/lib/avr51/crtusb1287.o
__vector_5                                        c:/winavr-20100110/bin/../lib/gcc/avr/4.3.3/../../../../avr/lib/avr51/crtusb1287.o
__vector_6                                        c:/winavr-20100110/bin/../lib/gcc/avr/4.3.3/../../../../avr/lib/avr51/crtusb1287.o
__vector_7                                        c:/winavr-20100110/bin/../lib/gcc/avr/4.3.3/../../../../avr/lib/avr51/crtusb1287.o
__vector_8                                        c:/winavr-20100110/bin/../lib/gcc/avr/4.3.3/../../../../avr/lib/avr51/crtusb1287.o
__vector_9                                        c:/winavr-20100110/bin/../lib/gcc/avr/4.3.3/../../../../avr/lib/avr51/crtusb1287.o
__vector_default                                  c:/winavr-20100110/bin/../lib/gcc/avr/4.3.3/../../../../avr/lib/avr51/crtusb1287.o
__vectors                                         c:/winavr-20100110/bin/../lib/gcc/avr/4.3.3/../../../../avr/lib/avr51/crtusb1287.o
_exit                                             c:/winavr-20100110/bin/../lib/gcc/avr/4.3.3/avr51\libgcc.a(_exit.o)
exit                                              c:/winavr-20100110/bin/../lib/gcc/avr/4.3.3/avr51\libgcc.a(_exit.o)
                                                  c:/winavr-20100110/bin/../lib/gcc/avr/4.3.3/../../../../avr/lib/avr51/crtusb1287.o
main                                              RNDISEthernet.o
                                                  c:/winavr-20100110/bin/../lib/gcc/avr/4.3.3/../../../../avr/lib/avr51/crtusb1287.o
memcmp                                            c:/winavr-20100110/bin/../lib/gcc/avr/4.3.3/../../../../avr/lib/avr51\libc.a(memcmp.o)
                                                  ../../../../LUFA/Drivers/USB/Class/Device/HID.o
                                                  Lib/IP.o
                                                  Lib/ARP.o
                                                  Lib/TCP.o
                                                  Lib/Ethernet.o
memcpy                                            c:/winavr-20100110/bin/../lib/gcc/avr/4.3.3/../../../../avr/lib/avr51\libc.a(memcpy.o)
                                                  c:/winavr-20100110/bin/../lib/gcc/avr/4.3.3/../../../../avr/lib/avr51\libc.a(memmove.o)
                                                  ../../../../LUFA/Drivers/USB/Class/Device/RNDIS.o
                                                  ../../../../LUFA/Drivers/USB/Class/Device/HID.o
                                                  Lib/TCP.o
memcpy_P                                          c:/winavr-20100110/bin/../lib/gcc/avr/4.3.3/../../../../avr/lib/avr51\libc.a(memcpy_P.o)
                                                  ../../../../LUFA/Drivers/USB/Class/Device/RNDIS.o
memmove                                           c:/winavr-20100110/bin/../lib/gcc/avr/4.3.3/../../../../avr/lib/avr51\libc.a(memmove.o)
                                                  Lib/DHCP.o
                                                  Lib/ICMP.o
memset                                            c:/winavr-20100110/bin/../lib/gcc/avr/4.3.3/../../../../avr/lib/avr51\libc.a(memset.o)
                                                  ../../../../LUFA/Drivers/USB/Class/Device/HID.o
strcpy_P                                          c:/winavr-20100110/bin/../lib/gcc/avr/4.3.3/../../../../avr/lib/avr51\libc.a(strcpy_P.o)
                                                  Lib/Webserver.o
strlen_P                                          c:/winavr-20100110/bin/../lib/gcc/avr/4.3.3/../../../../avr/lib/avr51\libc.a(strlen_P.o)
                                                  Lib/Webserver.o
strncmp                                           c:/winavr-20100110/bin/../lib/gcc/avr/4.3.3/../../../../avr/lib/avr51\libc.a(strncmp.o)
                                                  Lib/Webserver.o
strncpy_P                                         c:/winavr-20100110/bin/../lib/gcc/avr/4.3.3/../../../../avr/lib/avr51\libc.a(strncpy_P.o)
                                                  Lib/Webserver.o
