LCD Size: 480 x 272
LCD Manufacturer: Amulet
LCD Part Number: STK-480272C_Serial No. ends with L
Touch Panel: 4-Wire Resistive
Init File: Init None
SDRAM Part Number: IS42S32200E (64-MBit)
Size of SDRAM: 0x800000
Size of Serial Data Flash: 0x400000
Serial Data Flash used by OS: 0x1c400
Minimum Serial Data Flash Sector: 0x80
Color Depth: 32

mainmenu.htm (GEM page)    Flash Index = 0x20
============
      Object Name               Object Type            Flash Used (Remaining)    SDRAM Used (Remaining)
      -----------               -----------            ----------------------    ----------------------
      PAGE HEADER                                      0x38       (0x3e3bc4)                                                               
      No Name                   Rectangle              0x24       (0x3e3ba0)     0x7f800    (0x671800)                                            
      No Name                   Static Text            0x58       (0x3e3b48)     0x0        (0x671800)                                          
      No Name                   Function Button        0x70       (0x3e3ad8)     0x7d00     (0x669b00)                                                 
      No Name                   Function Button        0x6c       (0x3e3a6c)     0x7d00     (0x661e00)                                                 
      No Name                   Function Button        0x70       (0x3e39fc)     0x7d00     (0x65a100)                                                 
      No Name                   Function Button        0x68       (0x3e3994)     0x7d00     (0x652400)                                                 
      PAGE FOOTER                                      0x2        (0x3e3992)                                                              
                                                       ----------------------    ----------------------
                                               Totals  0x26a      (0x3e3992)     0x9ec00    (0x652400)                                 


Arial_12.auf (Font File)    Flash Index = 0x21
============
                                                       Flash Used (Remaining)
                                                       ----------------------
                                                       0x8c4      (0x3e30bc)                                               


setupassay.htm (GEM page)    Flash Index = 0x22
==============
      Object Name               Object Type            Flash Used (Remaining)    SDRAM Used (Remaining)
      -----------               -----------            ----------------------    ----------------------
      PAGE HEADER                                      0x2c       (0x3e3050)                                                               
      No Name                   Rectangle              0x24       (0x3e302c)     0x7f800    (0x671800)                                            
      No Name                   Static Text            0x40       (0x3e2fec)     0x0        (0x671800)                                          
      No Name                   Function Button        0x6c       (0x3e2f80)     0x9c40     (0x667bc0)                                                 
      PAGE FOOTER                                      0x2        (0x3e2f7e)                                                              
                                                       ----------------------    ----------------------
                                               Totals  0xfe       (0x3e2f7e)     0x89440    (0x667bc0)                                


runassay.htm (GEM page)    Flash Index = 0x23
============
      Object Name               Object Type            Flash Used (Remaining)    SDRAM Used (Remaining)
      -----------               -----------            ----------------------    ----------------------
      PAGE HEADER                                      0x508      (0x3e29f4)                                                                
      No Name                   Rectangle              0x24       (0x3e29d0)     0x9600     (0x6e7a00)                                           
      No Name                   Static Text            0x38       (0x3e2998)     0x0        (0x6e7a00)                                          
      No Name                   String Field           0x78       (0x3e2920)     0x3840     (0x6e41c0)                                              
        IWC of No Name          IWC Object             0x1c       (0x3e2904)     0x0        (0x6e41c0)                                                  
      No Name                   String Field           0x78       (0x3e288c)     0x3840     (0x6e0980)                                              
        IWC of No Name          IWC Object             0x1c       (0x3e2870)     0x0        (0x6e0980)                                                  
      No Name                   Static Text            0x3c       (0x3e2834)     0x0        (0x6e0980)                                          
      No Name                   Static Text            0x34       (0x3e2800)     0x0        (0x6e0980)                                          
      No Name                   Static Text            0x44       (0x3e27bc)     0x0        (0x6e0980)                                          
      No Name                   Rectangle              0x24       (0x3e2798)     0x384      (0x6e05fc)                                          
      No Name                   Bargraph               0x2c       (0x3e276c)     0x384      (0x6e0278)                                         
        IWC of No Name          IWC Object             0x1c       (0x3e2750)     0x0        (0x6e0278)                                                  
      No Name                   Rectangle              0x24       (0x3e272c)     0x384      (0x6dfef4)                                          
      No Name                   Bargraph               0x2c       (0x3e2700)     0x384      (0x6dfb70)                                         
        IWC of No Name          IWC Object             0x1c       (0x3e26e4)     0x0        (0x6dfb70)                                                  
      No Name                   Rectangle              0x24       (0x3e26c0)     0x384      (0x6df7ec)                                          
      No Name                   Bargraph               0x2c       (0x3e2694)     0x384      (0x6df468)                                         
        IWC of No Name          IWC Object             0x1c       (0x3e2678)     0x0        (0x6df468)                                                  
      No Name                   Rectangle              0x24       (0x3e2654)     0x384      (0x6df0e4)                                          
      No Name                   Bargraph               0x2c       (0x3e2628)     0x384      (0x6ded60)                                         
        IWC of No Name          IWC Object             0x1c       (0x3e260c)     0x0        (0x6ded60)                                                  
      No Name                   Rectangle              0x24       (0x3e25e8)     0x384      (0x6de9dc)                                          
      No Name                   Bargraph               0x2c       (0x3e25bc)     0x384      (0x6de658)                                         
        IWC of No Name          IWC Object             0x1c       (0x3e25a0)     0x0        (0x6de658)                                                  
      No Name                   Rectangle              0x24       (0x3e257c)     0x384      (0x6de2d4)                                          
      No Name                   Bargraph               0x2c       (0x3e2550)     0x384      (0x6ddf50)                                         
        IWC of No Name          IWC Object             0x1c       (0x3e2534)     0x0        (0x6ddf50)                                                  
      No Name                   Rectangle              0x24       (0x3e2510)     0x384      (0x6ddbcc)                                          
      No Name                   Bargraph               0x2c       (0x3e24e4)     0x384      (0x6dd848)                                         
        IWC of No Name          IWC Object             0x1c       (0x3e24c8)     0x0        (0x6dd848)                                                  
      No Name                   Rectangle              0x24       (0x3e24a4)     0x384      (0x6dd4c4)                                          
      No Name                   Bargraph               0x2c       (0x3e2478)     0x384      (0x6dd140)                                         
        IWC of No Name          IWC Object             0x1c       (0x3e245c)     0x0        (0x6dd140)                                                  
      No Name                   Rectangle              0x24       (0x3e2438)     0x384      (0x6dcdbc)                                          
      No Name                   Bargraph               0x2c       (0x3e240c)     0x384      (0x6dca38)                                         
        IWC of No Name          IWC Object             0x1c       (0x3e23f0)     0x0        (0x6dca38)                                                  
      No Name                   Rectangle              0x24       (0x3e23cc)     0x384      (0x6dc6b4)                                          
      No Name                   Bargraph               0x2c       (0x3e23a0)     0x384      (0x6dc330)                                         
        IWC of No Name          IWC Object             0x1c       (0x3e2384)     0x0        (0x6dc330)                                                  
      No Name                   Rectangle              0x24       (0x3e2360)     0x384      (0x6dbfac)                                          
      No Name                   Bargraph               0x2c       (0x3e2334)     0x384      (0x6dbc28)                                         
        IWC of No Name          IWC Object             0x1c       (0x3e2318)     0x0        (0x6dbc28)                                                  
      No Name                   Rectangle              0x24       (0x3e22f4)     0x384      (0x6db8a4)                                          
      No Name                   Bargraph               0x2c       (0x3e22c8)     0x384      (0x6db520)                                         
        IWC of No Name          IWC Object             0x1c       (0x3e22ac)     0x0        (0x6db520)                                                  
      No Name                   Rectangle              0x24       (0x3e2288)     0x384      (0x6db19c)                                          
      No Name                   Bargraph               0x2c       (0x3e225c)     0x384      (0x6dae18)                                         
        IWC of No Name          IWC Object             0x1c       (0x3e2240)     0x0        (0x6dae18)                                                  
      No Name                   Rectangle              0x24       (0x3e221c)     0x384      (0x6daa94)                                          
      No Name                   Bargraph               0x2c       (0x3e21f0)     0x384      (0x6da710)                                         
        IWC of No Name          IWC Object             0x1c       (0x3e21d4)     0x0        (0x6da710)                                                  
      No Name                   Rectangle              0x24       (0x3e21b0)     0x384      (0x6da38c)                                          
      No Name                   Bargraph               0x2c       (0x3e2184)     0x384      (0x6da008)                                         
        IWC of No Name          IWC Object             0x1c       (0x3e2168)     0x0        (0x6da008)                                                  
      No Name                   Rectangle              0x24       (0x3e2144)     0x384      (0x6d9c84)                                          
      No Name                   Bargraph               0x2c       (0x3e2118)     0x384      (0x6d9900)                                         
        IWC of No Name          IWC Object             0x1c       (0x3e20fc)     0x0        (0x6d9900)                                                  
      No Name                   Rectangle              0x24       (0x3e20d8)     0x384      (0x6d957c)                                          
      No Name                   Bargraph               0x2c       (0x3e20ac)     0x384      (0x6d91f8)                                         
        IWC of No Name          IWC Object             0x1c       (0x3e2090)     0x0        (0x6d91f8)                                                  
      No Name                   Rectangle              0x24       (0x3e206c)     0x384      (0x6d8e74)                                          
      No Name                   Bargraph               0x2c       (0x3e2040)     0x384      (0x6d8af0)                                         
        IWC of No Name          IWC Object             0x1c       (0x3e2024)     0x0        (0x6d8af0)                                                  
      No Name                   Rectangle              0x24       (0x3e2000)     0x384      (0x6d876c)                                          
      No Name                   Bargraph               0x2c       (0x3e1fd4)     0x384      (0x6d83e8)                                         
        IWC of No Name          IWC Object             0x1c       (0x3e1fb8)     0x0        (0x6d83e8)                                                  
      No Name                   Rectangle              0x24       (0x3e1f94)     0x384      (0x6d8064)                                          
      No Name                   Bargraph               0x2c       (0x3e1f68)     0x384      (0x6d7ce0)                                         
        IWC of No Name          IWC Object             0x1c       (0x3e1f4c)     0x0        (0x6d7ce0)                                                  
      No Name                   Rectangle              0x24       (0x3e1f28)     0x384      (0x6d795c)                                          
      No Name                   Bargraph               0x2c       (0x3e1efc)     0x384      (0x6d75d8)                                         
        IWC of No Name          IWC Object             0x1c       (0x3e1ee0)     0x0        (0x6d75d8)                                                  
      No Name                   Rectangle              0x24       (0x3e1ebc)     0x384      (0x6d7254)                                          
      No Name                   Bargraph               0x2c       (0x3e1e90)     0x384      (0x6d6ed0)                                         
        IWC of No Name          IWC Object             0x1c       (0x3e1e74)     0x0        (0x6d6ed0)                                                  
      No Name                   Rectangle              0x24       (0x3e1e50)     0x384      (0x6d6b4c)                                          
      No Name                   Bargraph               0x2c       (0x3e1e24)     0x384      (0x6d67c8)                                         
        IWC of No Name          IWC Object             0x1c       (0x3e1e08)     0x0        (0x6d67c8)                                                  
      No Name                   Rectangle              0x24       (0x3e1de4)     0x384      (0x6d6444)                                          
      No Name                   Bargraph               0x2c       (0x3e1db8)     0x384      (0x6d60c0)                                         
        IWC of No Name          IWC Object             0x1c       (0x3e1d9c)     0x0        (0x6d60c0)                                                  
      No Name                   Rectangle              0x24       (0x3e1d78)     0x384      (0x6d5d3c)                                          
      No Name                   Bargraph               0x2c       (0x3e1d4c)     0x384      (0x6d59b8)                                         
        IWC of No Name          IWC Object             0x1c       (0x3e1d30)     0x0        (0x6d59b8)                                                  
      No Name                   Rectangle              0x24       (0x3e1d0c)     0x384      (0x6d5634)                                          
      No Name                   Bargraph               0x2c       (0x3e1ce0)     0x384      (0x6d52b0)                                         
        IWC of No Name          IWC Object             0x1c       (0x3e1cc4)     0x0        (0x6d52b0)                                                  
      No Name                   Rectangle              0x24       (0x3e1ca0)     0x384      (0x6d4f2c)                                          
      No Name                   Bargraph               0x2c       (0x3e1c74)     0x384      (0x6d4ba8)                                         
        IWC of No Name          IWC Object             0x1c       (0x3e1c58)     0x0        (0x6d4ba8)                                                  
      No Name                   Rectangle              0x24       (0x3e1c34)     0x384      (0x6d4824)                                          
      No Name                   Bargraph               0x2c       (0x3e1c08)     0x384      (0x6d44a0)                                         
        IWC of No Name          IWC Object             0x1c       (0x3e1bec)     0x0        (0x6d44a0)                                                  
      No Name                   Rectangle              0x24       (0x3e1bc8)     0x384      (0x6d411c)                                          
      No Name                   Bargraph               0x2c       (0x3e1b9c)     0x384      (0x6d3d98)                                         
        IWC of No Name          IWC Object             0x1c       (0x3e1b80)     0x0        (0x6d3d98)                                                  
      No Name                   Rectangle              0x24       (0x3e1b5c)     0x384      (0x6d3a14)                                          
      No Name                   Bargraph               0x2c       (0x3e1b30)     0x384      (0x6d3690)                                         
        IWC of No Name          IWC Object             0x1c       (0x3e1b14)     0x0        (0x6d3690)                                                  
      No Name                   Rectangle              0x24       (0x3e1af0)     0x384      (0x6d330c)                                          
      No Name                   Bargraph               0x2c       (0x3e1ac4)     0x384      (0x6d2f88)                                         
        IWC of No Name          IWC Object             0x1c       (0x3e1aa8)     0x0        (0x6d2f88)                                                  
      No Name                   Rectangle              0x24       (0x3e1a84)     0x384      (0x6d2c04)                                          
      No Name                   Bargraph               0x2c       (0x3e1a58)     0x384      (0x6d2880)                                         
        IWC of No Name          IWC Object             0x1c       (0x3e1a3c)     0x0        (0x6d2880)                                                  
      No Name                   Rectangle              0x24       (0x3e1a18)     0x384      (0x6d24fc)                                          
      No Name                   Bargraph               0x2c       (0x3e19ec)     0x384      (0x6d2178)                                         
        IWC of No Name          IWC Object             0x1c       (0x3e19d0)     0x0        (0x6d2178)                                                  
      No Name                   Rectangle              0x24       (0x3e19ac)     0x384      (0x6d1df4)                                          
      No Name                   Bargraph               0x2c       (0x3e1980)     0x384      (0x6d1a70)                                         
        IWC of No Name          IWC Object             0x1c       (0x3e1964)     0x0        (0x6d1a70)                                                  
      No Name                   Rectangle              0x24       (0x3e1940)     0x384      (0x6d16ec)                                          
      No Name                   Bargraph               0x2c       (0x3e1914)     0x384      (0x6d1368)                                         
        IWC of No Name          IWC Object             0x1c       (0x3e18f8)     0x0        (0x6d1368)                                                  
      No Name                   Rectangle              0x24       (0x3e18d4)     0x384      (0x6d0fe4)                                          
      No Name                   Bargraph               0x2c       (0x3e18a8)     0x384      (0x6d0c60)                                         
        IWC of No Name          IWC Object             0x1c       (0x3e188c)     0x0        (0x6d0c60)                                                  
      No Name                   Rectangle              0x24       (0x3e1868)     0x384      (0x6d08dc)                                          
      No Name                   Bargraph               0x2c       (0x3e183c)     0x384      (0x6d0558)                                         
        IWC of No Name          IWC Object             0x1c       (0x3e1820)     0x0        (0x6d0558)                                                  
      No Name                   Rectangle              0x24       (0x3e17fc)     0x384      (0x6d01d4)                                          
      No Name                   Bargraph               0x2c       (0x3e17d0)     0x384      (0x6cfe50)                                         
        IWC of No Name          IWC Object             0x1c       (0x3e17b4)     0x0        (0x6cfe50)                                                  
      No Name                   Rectangle              0x24       (0x3e1790)     0x384      (0x6cfacc)                                          
      No Name                   Bargraph               0x2c       (0x3e1764)     0x384      (0x6cf748)                                         
        IWC of No Name          IWC Object             0x1c       (0x3e1748)     0x0        (0x6cf748)                                                  
      No Name                   Rectangle              0x24       (0x3e1724)     0x384      (0x6cf3c4)                                          
      No Name                   Bargraph               0x2c       (0x3e16f8)     0x384      (0x6cf040)                                         
        IWC of No Name          IWC Object             0x1c       (0x3e16dc)     0x0        (0x6cf040)                                                  
      No Name                   Rectangle              0x24       (0x3e16b8)     0x384      (0x6cecbc)                                          
      No Name                   Bargraph               0x2c       (0x3e168c)     0x384      (0x6ce938)                                         
        IWC of No Name          IWC Object             0x1c       (0x3e1670)     0x0        (0x6ce938)                                                  
      No Name                   Rectangle              0x24       (0x3e164c)     0x384      (0x6ce5b4)                                          
      No Name                   Bargraph               0x2c       (0x3e1620)     0x384      (0x6ce230)                                         
        IWC of No Name          IWC Object             0x1c       (0x3e1604)     0x0        (0x6ce230)                                                  
      No Name                   Rectangle              0x24       (0x3e15e0)     0x384      (0x6cdeac)                                          
      No Name                   Bargraph               0x2c       (0x3e15b4)     0x384      (0x6cdb28)                                         
        IWC of No Name          IWC Object             0x1c       (0x3e1598)     0x0        (0x6cdb28)                                                  
      No Name                   Rectangle              0x24       (0x3e1574)     0x384      (0x6cd7a4)                                          
      No Name                   Bargraph               0x2c       (0x3e1548)     0x384      (0x6cd420)                                         
        IWC of No Name          IWC Object             0x1c       (0x3e152c)     0x0        (0x6cd420)                                                  
      No Name                   Rectangle              0x24       (0x3e1508)     0x384      (0x6cd09c)                                          
      No Name                   Bargraph               0x2c       (0x3e14dc)     0x384      (0x6ccd18)                                         
        IWC of No Name          IWC Object             0x1c       (0x3e14c0)     0x0        (0x6ccd18)                                                  
      No Name                   Rectangle              0x24       (0x3e149c)     0x384      (0x6cc994)                                          
      No Name                   Bargraph               0x2c       (0x3e1470)     0x384      (0x6cc610)                                         
        IWC of No Name          IWC Object             0x1c       (0x3e1454)     0x0        (0x6cc610)                                                  
      No Name                   Rectangle              0x24       (0x3e1430)     0x384      (0x6cc28c)                                          
      No Name                   Bargraph               0x2c       (0x3e1404)     0x384      (0x6cbf08)                                         
        IWC of No Name          IWC Object             0x1c       (0x3e13e8)     0x0        (0x6cbf08)                                                  
      No Name                   Rectangle              0x24       (0x3e13c4)     0x384      (0x6cbb84)                                          
      No Name                   Bargraph               0x2c       (0x3e1398)     0x384      (0x6cb800)                                         
        IWC of No Name          IWC Object             0x1c       (0x3e137c)     0x0        (0x6cb800)                                                  
      No Name                   Rectangle              0x24       (0x3e1358)     0x384      (0x6cb47c)                                          
      No Name                   Bargraph               0x2c       (0x3e132c)     0x384      (0x6cb0f8)                                         
        IWC of No Name          IWC Object             0x1c       (0x3e1310)     0x0        (0x6cb0f8)                                                  
      No Name                   Rectangle              0x24       (0x3e12ec)     0x384      (0x6cad74)                                          
      No Name                   Bargraph               0x2c       (0x3e12c0)     0x384      (0x6ca9f0)                                         
        IWC of No Name          IWC Object             0x1c       (0x3e12a4)     0x0        (0x6ca9f0)                                                  
      No Name                   Rectangle              0x24       (0x3e1280)     0x384      (0x6ca66c)                                          
      No Name                   Bargraph               0x2c       (0x3e1254)     0x384      (0x6ca2e8)                                         
        IWC of No Name          IWC Object             0x1c       (0x3e1238)     0x0        (0x6ca2e8)                                                  
      No Name                   Rectangle              0x24       (0x3e1214)     0x384      (0x6c9f64)                                          
      No Name                   Bargraph               0x2c       (0x3e11e8)     0x384      (0x6c9be0)                                         
        IWC of No Name          IWC Object             0x1c       (0x3e11cc)     0x0        (0x6c9be0)                                                  
      No Name                   Rectangle              0x24       (0x3e11a8)     0x384      (0x6c985c)                                          
      No Name                   Bargraph               0x2c       (0x3e117c)     0x384      (0x6c94d8)                                         
        IWC of No Name          IWC Object             0x1c       (0x3e1160)     0x0        (0x6c94d8)                                                  
      No Name                   Rectangle              0x24       (0x3e113c)     0x384      (0x6c9154)                                          
      No Name                   Bargraph               0x2c       (0x3e1110)     0x384      (0x6c8dd0)                                         
        IWC of No Name          IWC Object             0x1c       (0x3e10f4)     0x0        (0x6c8dd0)                                                  
      No Name                   Rectangle              0x24       (0x3e10d0)     0x384      (0x6c8a4c)                                          
      No Name                   Bargraph               0x2c       (0x3e10a4)     0x384      (0x6c86c8)                                         
        IWC of No Name          IWC Object             0x1c       (0x3e1088)     0x0        (0x6c86c8)                                                  
      No Name                   Rectangle              0x24       (0x3e1064)     0x384      (0x6c8344)                                          
      No Name                   Bargraph               0x2c       (0x3e1038)     0x384      (0x6c7fc0)                                         
        IWC of No Name          IWC Object             0x1c       (0x3e101c)     0x0        (0x6c7fc0)                                                  
      No Name                   Rectangle              0x24       (0x3e0ff8)     0x384      (0x6c7c3c)                                          
      No Name                   Bargraph               0x2c       (0x3e0fcc)     0x384      (0x6c78b8)                                         
        IWC of No Name          IWC Object             0x1c       (0x3e0fb0)     0x0        (0x6c78b8)                                                  
      No Name                   Rectangle              0x24       (0x3e0f8c)     0x384      (0x6c7534)                                          
      No Name                   Bargraph               0x2c       (0x3e0f60)     0x384      (0x6c71b0)                                         
        IWC of No Name          IWC Object             0x1c       (0x3e0f44)     0x0        (0x6c71b0)                                                  
      No Name                   Rectangle              0x24       (0x3e0f20)     0x384      (0x6c6e2c)                                          
      No Name                   Bargraph               0x2c       (0x3e0ef4)     0x384      (0x6c6aa8)                                         
        IWC of No Name          IWC Object             0x1c       (0x3e0ed8)     0x0        (0x6c6aa8)                                                  
      No Name                   Rectangle              0x24       (0x3e0eb4)     0x384      (0x6c6724)                                          
      No Name                   Bargraph               0x2c       (0x3e0e88)     0x384      (0x6c63a0)                                         
        IWC of No Name          IWC Object             0x1c       (0x3e0e6c)     0x0        (0x6c63a0)                                                  
      No Name                   Rectangle              0x24       (0x3e0e48)     0x384      (0x6c601c)                                          
      No Name                   Bargraph               0x2c       (0x3e0e1c)     0x384      (0x6c5c98)                                         
        IWC of No Name          IWC Object             0x1c       (0x3e0e00)     0x0        (0x6c5c98)                                                  
      No Name                   Rectangle              0x24       (0x3e0ddc)     0x384      (0x6c5914)                                          
      No Name                   Bargraph               0x2c       (0x3e0db0)     0x384      (0x6c5590)                                         
        IWC of No Name          IWC Object             0x1c       (0x3e0d94)     0x0        (0x6c5590)                                                  
      No Name                   Rectangle              0x24       (0x3e0d70)     0x384      (0x6c520c)                                          
      No Name                   Bargraph               0x2c       (0x3e0d44)     0x384      (0x6c4e88)                                         
        IWC of No Name          IWC Object             0x1c       (0x3e0d28)     0x0        (0x6c4e88)                                                  
      No Name                   Rectangle              0x24       (0x3e0d04)     0x384      (0x6c4b04)                                          
      No Name                   Bargraph               0x2c       (0x3e0cd8)     0x384      (0x6c4780)                                         
        IWC of No Name          IWC Object             0x1c       (0x3e0cbc)     0x0        (0x6c4780)                                                  
      No Name                   Rectangle              0x24       (0x3e0c98)     0x384      (0x6c43fc)                                          
      No Name                   Bargraph               0x2c       (0x3e0c6c)     0x384      (0x6c4078)                                         
        IWC of No Name          IWC Object             0x1c       (0x3e0c50)     0x0        (0x6c4078)                                                  
      No Name                   Rectangle              0x24       (0x3e0c2c)     0x384      (0x6c3cf4)                                          
      No Name                   Bargraph               0x2c       (0x3e0c00)     0x384      (0x6c3970)                                         
        IWC of No Name          IWC Object             0x1c       (0x3e0be4)     0x0        (0x6c3970)                                                  
      No Name                   Rectangle              0x24       (0x3e0bc0)     0x384      (0x6c35ec)                                          
      No Name                   Bargraph               0x2c       (0x3e0b94)     0x384      (0x6c3268)                                         
        IWC of No Name          IWC Object             0x1c       (0x3e0b78)     0x0        (0x6c3268)                                                  
      No Name                   Rectangle              0x24       (0x3e0b54)     0x384      (0x6c2ee4)                                          
      No Name                   Bargraph               0x2c       (0x3e0b28)     0x384      (0x6c2b60)                                         
        IWC of No Name          IWC Object             0x1c       (0x3e0b0c)     0x0        (0x6c2b60)                                                  
      No Name                   Rectangle              0x24       (0x3e0ae8)     0x384      (0x6c27dc)                                          
      No Name                   Bargraph               0x2c       (0x3e0abc)     0x384      (0x6c2458)                                         
        IWC of No Name          IWC Object             0x1c       (0x3e0aa0)     0x0        (0x6c2458)                                                  
      No Name                   Rectangle              0x24       (0x3e0a7c)     0x384      (0x6c20d4)                                          
      No Name                   Bargraph               0x2c       (0x3e0a50)     0x384      (0x6c1d50)                                         
        IWC of No Name          IWC Object             0x1c       (0x3e0a34)     0x0        (0x6c1d50)                                                  
      No Name                   Rectangle              0x24       (0x3e0a10)     0x384      (0x6c19cc)                                          
      No Name                   Bargraph               0x2c       (0x3e09e4)     0x384      (0x6c1648)                                         
        IWC of No Name          IWC Object             0x1c       (0x3e09c8)     0x0        (0x6c1648)                                                  
      No Name                   Rectangle              0x24       (0x3e09a4)     0x384      (0x6c12c4)                                          
      No Name                   Bargraph               0x2c       (0x3e0978)     0x384      (0x6c0f40)                                         
        IWC of No Name          IWC Object             0x1c       (0x3e095c)     0x0        (0x6c0f40)                                                  
      No Name                   Rectangle              0x24       (0x3e0938)     0x384      (0x6c0bbc)                                          
      No Name                   Bargraph               0x2c       (0x3e090c)     0x384      (0x6c0838)                                         
        IWC of No Name          IWC Object             0x1c       (0x3e08f0)     0x0        (0x6c0838)                                                  
      No Name                   Rectangle              0x24       (0x3e08cc)     0x384      (0x6c04b4)                                          
      No Name                   Bargraph               0x2c       (0x3e08a0)     0x384      (0x6c0130)                                         
        IWC of No Name          IWC Object             0x1c       (0x3e0884)     0x0        (0x6c0130)                                                  
      No Name                   Rectangle              0x24       (0x3e0860)     0x384      (0x6bfdac)                                          
      No Name                   Bargraph               0x2c       (0x3e0834)     0x384      (0x6bfa28)                                         
        IWC of No Name          IWC Object             0x1c       (0x3e0818)     0x0        (0x6bfa28)                                                  
      No Name                   Rectangle              0x24       (0x3e07f4)     0x384      (0x6bf6a4)                                          
      No Name                   Bargraph               0x2c       (0x3e07c8)     0x384      (0x6bf320)                                         
        IWC of No Name          IWC Object             0x1c       (0x3e07ac)     0x0        (0x6bf320)                                                  
      No Name                   Rectangle              0x24       (0x3e0788)     0x384      (0x6bef9c)                                          
      No Name                   Bargraph               0x2c       (0x3e075c)     0x384      (0x6bec18)                                         
        IWC of No Name          IWC Object             0x1c       (0x3e0740)     0x0        (0x6bec18)                                                  
      No Name                   Rectangle              0x24       (0x3e071c)     0x384      (0x6be894)                                          
      No Name                   Bargraph               0x2c       (0x3e06f0)     0x384      (0x6be510)                                         
        IWC of No Name          IWC Object             0x1c       (0x3e06d4)     0x0        (0x6be510)                                                  
      No Name                   Rectangle              0x24       (0x3e06b0)     0x384      (0x6be18c)                                          
      No Name                   Bargraph               0x2c       (0x3e0684)     0x384      (0x6bde08)                                         
        IWC of No Name          IWC Object             0x1c       (0x3e0668)     0x0        (0x6bde08)                                                  
      No Name                   Rectangle              0x24       (0x3e0644)     0x384      (0x6bda84)                                          
      No Name                   Bargraph               0x2c       (0x3e0618)     0x384      (0x6bd700)                                         
        IWC of No Name          IWC Object             0x1c       (0x3e05fc)     0x0        (0x6bd700)                                                  
      No Name                   Rectangle              0x24       (0x3e05d8)     0x384      (0x6bd37c)                                          
      No Name                   Bargraph               0x2c       (0x3e05ac)     0x384      (0x6bcff8)                                         
        IWC of No Name          IWC Object             0x1c       (0x3e0590)     0x0        (0x6bcff8)                                                  
      No Name                   Rectangle              0x24       (0x3e056c)     0x384      (0x6bcc74)                                          
      No Name                   Bargraph               0x2c       (0x3e0540)     0x384      (0x6bc8f0)                                         
        IWC of No Name          IWC Object             0x1c       (0x3e0524)     0x0        (0x6bc8f0)                                                  
      No Name                   Rectangle              0x24       (0x3e0500)     0x384      (0x6bc56c)                                          
      No Name                   Bargraph               0x2c       (0x3e04d4)     0x384      (0x6bc1e8)                                         
        IWC of No Name          IWC Object             0x1c       (0x3e04b8)     0x0        (0x6bc1e8)                                                  
      No Name                   Rectangle              0x24       (0x3e0494)     0x384      (0x6bbe64)                                          
      No Name                   Bargraph               0x2c       (0x3e0468)     0x384      (0x6bbae0)                                         
        IWC of No Name          IWC Object             0x1c       (0x3e044c)     0x0        (0x6bbae0)                                                  
      No Name                   Rectangle              0x24       (0x3e0428)     0x384      (0x6bb75c)                                          
      No Name                   Bargraph               0x2c       (0x3e03fc)     0x384      (0x6bb3d8)                                         
        IWC of No Name          IWC Object             0x1c       (0x3e03e0)     0x0        (0x6bb3d8)                                                  
      No Name                   Rectangle              0x24       (0x3e03bc)     0x384      (0x6bb054)                                          
      No Name                   Bargraph               0x2c       (0x3e0390)     0x384      (0x6bacd0)                                         
        IWC of No Name          IWC Object             0x1c       (0x3e0374)     0x0        (0x6bacd0)                                                  
      No Name                   Rectangle              0x24       (0x3e0350)     0x384      (0x6ba94c)                                          
      No Name                   Bargraph               0x2c       (0x3e0324)     0x384      (0x6ba5c8)                                         
        IWC of No Name          IWC Object             0x1c       (0x3e0308)     0x0        (0x6ba5c8)                                                  
      No Name                   Rectangle              0x24       (0x3e02e4)     0x384      (0x6ba244)                                          
      No Name                   Bargraph               0x2c       (0x3e02b8)     0x384      (0x6b9ec0)                                         
        IWC of No Name          IWC Object             0x1c       (0x3e029c)     0x0        (0x6b9ec0)                                                  
      No Name                   Rectangle              0x24       (0x3e0278)     0x384      (0x6b9b3c)                                          
      No Name                   Bargraph               0x2c       (0x3e024c)     0x384      (0x6b97b8)                                         
        IWC of No Name          IWC Object             0x1c       (0x3e0230)     0x0        (0x6b97b8)                                                  
      No Name                   Rectangle              0x24       (0x3e020c)     0x384      (0x6b9434)                                          
      No Name                   Bargraph               0x2c       (0x3e01e0)     0x384      (0x6b90b0)                                         
        IWC of No Name          IWC Object             0x1c       (0x3e01c4)     0x0        (0x6b90b0)                                                  
      No Name                   Rectangle              0x24       (0x3e01a0)     0x384      (0x6b8d2c)                                          
      No Name                   Bargraph               0x2c       (0x3e0174)     0x384      (0x6b89a8)                                         
        IWC of No Name          IWC Object             0x1c       (0x3e0158)     0x0        (0x6b89a8)                                                  
      No Name                   Rectangle              0x24       (0x3e0134)     0x384      (0x6b8624)                                          
      No Name                   Bargraph               0x2c       (0x3e0108)     0x384      (0x6b82a0)                                         
        IWC of No Name          IWC Object             0x1c       (0x3e00ec)     0x0        (0x6b82a0)                                                  
      No Name                   Rectangle              0x24       (0x3e00c8)     0x384      (0x6b7f1c)                                          
      No Name                   Bargraph               0x2c       (0x3e009c)     0x384      (0x6b7b98)                                         
        IWC of No Name          IWC Object             0x1c       (0x3e0080)     0x0        (0x6b7b98)                                                  
      No Name                   Rectangle              0x24       (0x3e005c)     0x384      (0x6b7814)                                          
      No Name                   Bargraph               0x2c       (0x3e0030)     0x384      (0x6b7490)                                         
        IWC of No Name          IWC Object             0x1c       (0x3e0014)     0x0        (0x6b7490)                                                  
      No Name                   Rectangle              0x24       (0x3dfff0)     0x384      (0x6b710c)                                          
      No Name                   Bargraph               0x2c       (0x3dffc4)     0x384      (0x6b6d88)                                         
        IWC of No Name          IWC Object             0x1c       (0x3dffa8)     0x0        (0x6b6d88)                                                  
      No Name                   Rectangle              0x24       (0x3dff84)     0x384      (0x6b6a04)                                          
      No Name                   Bargraph               0x2c       (0x3dff58)     0x384      (0x6b6680)                                         
        IWC of No Name          IWC Object             0x1c       (0x3dff3c)     0x0        (0x6b6680)                                                  
      No Name                   String Field           0x78       (0x3dfec4)     0x3840     (0x6b2e40)                                              
        IWC of No Name          IWC Object             0x1c       (0x3dfea8)     0x0        (0x6b2e40)                                                  
      No Name                   String Field           0x78       (0x3dfe30)     0x3840     (0x6af600)                                              
        IWC of No Name          IWC Object             0x1c       (0x3dfe14)     0x0        (0x6af600)                                                  
      No Name                   String Field           0x78       (0x3dfd9c)     0x3840     (0x6abdc0)                                              
        IWC of No Name          IWC Object             0x1c       (0x3dfd80)     0x0        (0x6abdc0)                                                  
      No Name                   String Field           0x78       (0x3dfd08)     0x3840     (0x6a8580)                                              
        IWC of No Name          IWC Object             0x1c       (0x3dfcec)     0x0        (0x6a8580)                                                  
      No Name                   String Field           0x7c       (0x3dfc70)     0x3840     (0x6a4d40)                                              
        IWC of No Name          IWC Object             0x1c       (0x3dfc54)     0x0        (0x6a4d40)                                                  
      No Name                   String Field           0x7c       (0x3dfbd8)     0x3840     (0x6a1500)                                              
        IWC of No Name          IWC Object             0x1c       (0x3dfbbc)     0x0        (0x6a1500)                                                  
      No Name                   Function Button        0x6c       (0x3dfb50)     0x2ee0     (0x69e620)                                                 
      MultiHref310              Multiple Functions     0x3c       (0x3dfb14)     0x0        (0x69e620)                                                      
      No Name                   Function Button        0x68       (0x3dfaac)     0x2ee0     (0x69b740)                                                 
      MultiHref312              Multiple Functions     0x3c       (0x3dfa70)     0x0        (0x69b740)                                                      
      No Name                   Function Button        0x68       (0x3dfa08)     0x2ee0     (0x698860)                                                 
      PAGE FOOTER                                      0x2        (0x3dfa06)                                                              
                                                       ----------------------    ----------------------
                                               Totals  0x34f6     (0x3dfa06)     0x587a0    (0x698860)                                  


loadresults.htm (GEM page)    Flash Index = 0x24
===============
      Object Name               Object Type            Flash Used (Remaining)    SDRAM Used (Remaining)
      -----------               -----------            ----------------------    ----------------------
      PAGE HEADER                                      0x2c       (0x3df9d0)                                                               
      No Name                   Rectangle              0x24       (0x3df9ac)     0x7f800    (0x671800)                                            
      No Name                   Static Text            0x40       (0x3df96c)     0x0        (0x671800)                                          
      No Name                   Function Button        0x6c       (0x3df900)     0x9c40     (0x667bc0)                                                 
      PAGE FOOTER                                      0x2        (0x3df8fe)                                                              
                                                       ----------------------    ----------------------
                                               Totals  0xfe       (0x3df8fe)     0x89440    (0x667bc0)                                


debug.htm (GEM page)    Flash Index = 0x25
=========
      Object Name               Object Type            Flash Used (Remaining)    SDRAM Used (Remaining)
      -----------               -----------            ----------------------    ----------------------
      PAGE HEADER                                      0x180      (0x3df6fc)                                                                
      No Name                   Meta Object            0x3c       (0x3df6c0)     0x0        (0x6f1000)                                          
      No Name                   Rectangle              0x24       (0x3df69c)     0x2a300    (0x6c6d00)                                            
      Prompt                    String Field           0x78       (0x3df624)     0x18600    (0x6ae700)                                              
        IWC of Prompt           IWC Object             0x1c       (0x3df608)     0x0        (0x6ae700)                                                 
      Text                      String Field           0x74       (0x3df594)     0x31b00    (0x67cc00)                                            
        IWC of Text             IWC Object             0x1c       (0x3df578)     0x0        (0x67cc00)                                               
      No Name                   Rectangle              0x24       (0x3df554)     0x16800    (0x666400)                                            
      MultiHref7                Multiple Functions     0x1c       (0x3df538)     0x0        (0x666400)                                                    
      n1                        Function Button        0x64       (0x3df4d4)     0x2400     (0x664000)                                            
      MultiHref9                Multiple Functions     0x1c       (0x3df4b8)     0x0        (0x664000)                                                    
      n2                        Function Button        0x64       (0x3df454)     0x2400     (0x661c00)                                            
      MultiHref11               Multiple Functions     0x1c       (0x3df438)     0x0        (0x661c00)                                                     
      n3                        Function Button        0x64       (0x3df3d4)     0x2400     (0x65f800)                                            
      MultiHref13               Multiple Functions     0x1c       (0x3df3b8)     0x0        (0x65f800)                                                     
      n4                        Function Button        0x64       (0x3df354)     0x2400     (0x65d400)                                            
      MultiHref15               Multiple Functions     0x1c       (0x3df338)     0x0        (0x65d400)                                                     
      n5                        Function Button        0x64       (0x3df2d4)     0x2400     (0x65b000)                                            
      MultiHref17               Multiple Functions     0x1c       (0x3df2b8)     0x0        (0x65b000)                                                     
      n6                        Function Button        0x64       (0x3df254)     0x2400     (0x658c00)                                            
      MultiHref19               Multiple Functions     0x1c       (0x3df238)     0x0        (0x658c00)                                                     
      n7                        Function Button        0x64       (0x3df1d4)     0x2400     (0x656800)                                            
      MultiHref21               Multiple Functions     0x1c       (0x3df1b8)     0x0        (0x656800)                                                     
      n8                        Function Button        0x64       (0x3df154)     0x2400     (0x654400)                                            
      MultiHref23               Multiple Functions     0x1c       (0x3df138)     0x0        (0x654400)                                                     
      n9                        Function Button        0x64       (0x3df0d4)     0x2400     (0x652000)                                            
      MultiHref25               Multiple Functions     0x1c       (0x3df0b8)     0x0        (0x652000)                                                     
      n0                        Function Button        0x64       (0x3df054)     0x2400     (0x64fc00)                                            
      No Name                   Rectangle              0x24       (0x3df030)     0x16800    (0x639400)                                            
      MultiHref28               Multiple Functions     0x1c       (0x3df014)     0x0        (0x639400)                                                     
      Q                         Function Button        0x64       (0x3defb0)     0x2400     (0x637000)                                           
      MultiHref30               Multiple Functions     0x1c       (0x3def94)     0x0        (0x637000)                                                     
      W                         Function Button        0x64       (0x3def30)     0x2400     (0x634c00)                                           
      MultiHref32               Multiple Functions     0x1c       (0x3def14)     0x0        (0x634c00)                                                     
      E                         Function Button        0x64       (0x3deeb0)     0x2400     (0x632800)                                           
      MultiHref34               Multiple Functions     0x1c       (0x3dee94)     0x0        (0x632800)                                                     
      R                         Function Button        0x64       (0x3dee30)     0x2400     (0x630400)                                           
      MultiHref36               Multiple Functions     0x1c       (0x3dee14)     0x0        (0x630400)                                                     
      T                         Function Button        0x64       (0x3dedb0)     0x2400     (0x62e000)                                           
      MultiHref38               Multiple Functions     0x1c       (0x3ded94)     0x0        (0x62e000)                                                     
      Y                         Function Button        0x64       (0x3ded30)     0x2400     (0x62bc00)                                           
      MultiHref40               Multiple Functions     0x1c       (0x3ded14)     0x0        (0x62bc00)                                                     
      U                         Function Button        0x64       (0x3decb0)     0x2400     (0x629800)                                           
      MultiHref42               Multiple Functions     0x1c       (0x3dec94)     0x0        (0x629800)                                                     
      I                         Function Button        0x64       (0x3dec30)     0x2400     (0x627400)                                           
      MultiHref44               Multiple Functions     0x1c       (0x3dec14)     0x0        (0x627400)                                                     
      O                         Function Button        0x64       (0x3debb0)     0x2400     (0x625000)                                           
      MultiHref46               Multiple Functions     0x1c       (0x3deb94)     0x0        (0x625000)                                                     
      P                         Function Button        0x64       (0x3deb30)     0x2400     (0x622c00)                                           
      No Name                   Rectangle              0x24       (0x3deb0c)     0x16800    (0x60c400)                                            
      MultiHref49               Multiple Functions     0x1c       (0x3deaf0)     0x0        (0x60c400)                                                     
      A                         Function Button        0x64       (0x3dea8c)     0x2400     (0x60a000)                                           
      MultiHref51               Multiple Functions     0x1c       (0x3dea70)     0x0        (0x60a000)                                                     
      S                         Function Button        0x64       (0x3dea0c)     0x2400     (0x607c00)                                           
      MultiHref53               Multiple Functions     0x1c       (0x3de9f0)     0x0        (0x607c00)                                                     
      D                         Function Button        0x64       (0x3de98c)     0x2400     (0x605800)                                           
      MultiHref55               Multiple Functions     0x1c       (0x3de970)     0x0        (0x605800)                                                     
      F                         Function Button        0x64       (0x3de90c)     0x2400     (0x603400)                                           
      MultiHref57               Multiple Functions     0x1c       (0x3de8f0)     0x0        (0x603400)                                                     
      G                         Function Button        0x64       (0x3de88c)     0x2400     (0x601000)                                           
      MultiHref59               Multiple Functions     0x1c       (0x3de870)     0x0        (0x601000)                                                     
      H                         Function Button        0x64       (0x3de80c)     0x2400     (0x5fec00)                                           
      MultiHref61               Multiple Functions     0x1c       (0x3de7f0)     0x0        (0x5fec00)                                                     
      J                         Function Button        0x64       (0x3de78c)     0x2400     (0x5fc800)                                           
      MultiHref63               Multiple Functions     0x1c       (0x3de770)     0x0        (0x5fc800)                                                     
      K                         Function Button        0x64       (0x3de70c)     0x2400     (0x5fa400)                                           
      MultiHref65               Multiple Functions     0x1c       (0x3de6f0)     0x0        (0x5fa400)                                                     
      L                         Function Button        0x64       (0x3de68c)     0x2400     (0x5f8000)                                           
      MultiHref67               Multiple Functions     0x1c       (0x3de670)     0x0        (0x5f8000)                                                     
      _                         Function Button        0x64       (0x3de60c)     0x2400     (0x5f5c00)                                           
      No Name                   Rectangle              0x24       (0x3de5e8)     0x16800    (0x5df400)                                            
      MultiHref70               Multiple Functions     0x1c       (0x3de5cc)     0x0        (0x5df400)                                                     
      Z                         Function Button        0x64       (0x3de568)     0x2400     (0x5dd000)                                           
      MultiHref72               Multiple Functions     0x1c       (0x3de54c)     0x0        (0x5dd000)                                                     
      X                         Function Button        0x64       (0x3de4e8)     0x2400     (0x5dac00)                                           
      MultiHref74               Multiple Functions     0x1c       (0x3de4cc)     0x0        (0x5dac00)                                                     
      C                         Function Button        0x64       (0x3de468)     0x2400     (0x5d8800)                                           
      MultiHref76               Multiple Functions     0x1c       (0x3de44c)     0x0        (0x5d8800)                                                     
      V                         Function Button        0x64       (0x3de3e8)     0x2400     (0x5d6400)                                           
      MultiHref78               Multiple Functions     0x1c       (0x3de3cc)     0x0        (0x5d6400)                                                     
      B                         Function Button        0x64       (0x3de368)     0x2400     (0x5d4000)                                           
      MultiHref80               Multiple Functions     0x1c       (0x3de34c)     0x0        (0x5d4000)                                                     
      N                         Function Button        0x64       (0x3de2e8)     0x2400     (0x5d1c00)                                           
      MultiHref82               Multiple Functions     0x1c       (0x3de2cc)     0x0        (0x5d1c00)                                                     
      M                         Function Button        0x64       (0x3de268)     0x2400     (0x5cf800)                                           
      MultiHref84               Multiple Functions     0x14       (0x3de254)     0x0        (0x5cf800)                                                     
      bksp                      Function Button        0x64       (0x3de1f0)     0x2400     (0x5cd400)                                              
      MultiHref86               Multiple Functions     0x4c       (0x3de1a4)     0x0        (0x5cd400)                                                     
      enter                     Function Button        0x68       (0x3de13c)     0x4800     (0x5c8c00)                                               
      PAGE FOOTER                                      0x2        (0x3de13a)                                                              
                                                       ----------------------    ----------------------
                                               Totals  0x1742     (0x3de13a)     0x128400   (0x5c8c00)                                   


fontHdr.auf (Font Header File)    Flash Index = 0xf
===========
                                                       Flash Used (Remaining)
                                                       ----------------------
                                                       0x3c       (0x3de0c4)                                              


internalRAM.bin (InternalRAM File)    Flash Index = 0x6
===============
                                                       Flash Used (Remaining)
                                                       ----------------------
                                                       0x2152     (0x3dbf2e)                                                


